868330.816667934 -3.3156e-06 -7.42597e-07 2.573e-06 2.573
868331.817428211 -3.3156e-06 -2.0291e-06 1.2865e-06 1.287
868332.818616155 -3.3156e-06 -2.67235e-06 6.4325e-07 0.643
868333.819878988 -3.3156e-06 -4.1046e-06 -7.89e-07 0.000
868335.384598820 -3.3156e-06 -8.52597e-07 2.463e-06 2.463
868336.385296023 -3.3156e-06 -2.0841e-06 1.2315e-06 1.232
868337.386574319 -3.3156e-06 -2.69985e-06 6.1575e-07 0.616
868338.387711967 -3.3156e-06 -2.8456e-06 4.7e-07 0.000
868339.890078077 -4.36984e-07 1.66016e-07 6.03e-07 0.603
868340.890372650 -4.36984e-07 1.66016e-07 6.03e-07 0.000
868342.142222575 -4.36984e-07 2.09016e-07 6.46e-07 0.646
868343.143165630 -4.36984e-07 2.09016e-07 6.46e-07 0.000
868344.175791926 -4.36984e-07 -6.82748e-06 -6.3905e-06 -6.391
868345.176673351 -4.36984e-07 -3.63223e-06 -3.19525e-06 -3.195
868346.177803943 -4.36984e-07 -2.03461e-06 -1.59763e-06 -1.598
868347.178892406 -4.36984e-07 8.33016e-07 1.27e-06 1.270
868348.180098201 -4.36984e-07 1.98016e-07 6.35e-07 0.635
868349.181356849 -4.36984e-07 4.55752e-06 4.9945e-06 4.995
868350.182214978 -4.36984e-07 2.06027e-06 2.49725e-06 2.497
868351.183341903 -4.36984e-07 8.11641e-07 1.24863e-06 1.249
868352.184606218 -4.36984e-07 -3.69148e-06 -3.2545e-06 -3.254
868353.185627587 -4.36984e-07 -2.06423e-06 -1.62725e-06 -1.627
868354.186790142 -4.36984e-07 -4.68748e-06 -4.2505e-06 -4.251
868355.187880882 -4.36984e-07 -2.56223e-06 -2.12525e-06 -2.125
868356.189106215 -4.36984e-07 -9.18698e-06 -8.75e-06 -8.750
868357.190194066 -4.36984e-07 -4.81198e-06 -4.375e-06 -4.375
868358.191321214 -4.36984e-07 -2.62448e-06 -2.1875e-06 -2.188
868359.193068399 -4.36984e-07 2.18002e-06 2.617e-06 2.617
868360.193938379 -4.36984e-07 8.71516e-07 1.3085e-06 1.308
868361.195210897 -4.36984e-07 5.79016e-07 1.016e-06 1.016
868362.196287712 -4.36984e-07 7.10163e-08 5.08e-07 0.508
868363.197575989 -4.36984e-07 -4.63548e-06 -4.1985e-06 -4.199
868364.198674766 -4.36984e-07 -2.53623e-06 -2.09925e-06 -2.099
868365.199891025 -4.36984e-07 -5.40698e-06 -4.97e-06 -4.970
868366.201004672 -4.36984e-07 -2.92198e-06 -2.485e-06 -2.485
868367.202113246 -4.36984e-07 -5.39948e-06 -4.9625e-06 -4.963
868368.203321004 -4.36984e-07 -2.91823e-06 -2.48125e-06 -2.481
868369.204566282 -4.36984e-07 -1.67761e-06 -1.24063e-06 -1.241
868370.205605170 -6.29823e-07 8.95668e-06 9.5865e-06 9.587
868371.206828595 -6.29823e-07 4.16343e-06 4.79325e-06 4.793
868372.207857187 -6.29823e-07 -2.20882e-06 -1.579e-06 -1.579
868373.209235187 -6.29823e-07 -1.41932e-06 -7.895e-07 -0.789
868374.210371723 -6.29823e-07 -1.41932e-06 -7.895e-07 0.000
868375.211656519 -6.29823e-07 -6.07632e-06 -5.4465e-06 -5.447
868376.212865777 -6.29823e-07 -3.35307e-06 -2.72325e-06 -2.723
868377.214075517 -6.29823e-07 -5.88182e-06 -5.252e-06 -5.252
868378.215136109 -6.29823e-07 -3.25582e-06 -2.626e-06 -2.626
868379.216507072 -6.29823e-07 -6.05832e-06 -5.4285e-06 -5.428
868380.217558923 -6.29823e-07 -3.34407e-06 -2.71425e-06 -2.714
868381.218783052 -6.29823e-07 2.47677e-07 8.775e-07 0.877
868382.219995996 -6.29823e-07 2.47677e-07 8.775e-07 0.000
868383.221068440 -6.29823e-07 -6.24823e-07 5e-09 0.000
868385.161089957 -6.29823e-07 -6.39782e-06 -5.768e-06 -5.768
868386.161856975 -6.29823e-07 -3.51382e-06 -2.884e-06 -2.884
868387.163492456 -9.68827e-07 -2.41083e-06 -1.442e-06 -1.442
868388.164175752 -9.68827e-07 -2.50783e-06 -1.539e-06 -1.539
868389.165400196 -9.68827e-07 -1.73833e-06 -7.695e-07 -0.769
868390.166613047 -9.68827e-07 -6.37827e-07 3.31e-07 0.000
868391.793411268 -9.68827e-07 1.37217e-06 2.341e-06 2.341
868392.794511675 -9.68827e-07 2.01673e-07 1.1705e-06 1.171
868393.795632193 -9.68827e-07 -3.83577e-07 5.8525e-07 0.585
868394.796825951 -9.68827e-07 -3.49833e-06 -2.5295e-06 -2.530
868395.797980321 -9.68827e-07 -2.23358e-06 -1.26475e-06 -1.265
868396.798904302 -9.68827e-07 -5.93833e-06 -4.9695e-06 -4.970
868397.800131246 -9.68827e-07 -3.45358e-06 -2.48475e-06 -2.485
868398.801291208 -9.68827e-07 -1.00033e-05 -9.0345e-06 -9.034
868399.802352967 -9.68827e-07 -5.48608e-06 -4.51725e-06 -4.517
868400.803620300 -9.68827e-07 -3.83483e-06 -2.866e-06 -2.866
868401.804542132 -9.68827e-07 -2.40183e-06 -1.433e-06 -1.433
868402.805823799 -9.68827e-07 8.29867e-06 9.2675e-06 9.268
868403.807010131 -9.68827e-07 3.66492e-06 4.63375e-06 4.634
868404.808140575 -9.68827e-07 1.34805e-06 2.31688e-06 2.317
868405.809230926 -9.68827e-07 -1.07327e-07 8.615e-07 0.862
868406.810375815 -9.68827e-07 -1.07327e-07 8.615e-07 0.000
868409.595094276 -9.68827e-07 -6.74683e-06 -5.778e-06 -5.778
868410.596063479 -9.68827e-07 -3.85783e-06 -2.889e-06 -2.889
868411.597329164 -9.68827e-07 -2.41333e-06 -1.4445e-06 -1.445
868412.598674756 -9.68827e-07 -1.69108e-06 -7.2225e-07 -0.722
868413.599932218 -9.68827e-07 -1.07343e-05 -9.7655e-06 -9.765
868414.601281958 -9.68827e-07 -5.85158e-06 -4.88275e-06 -4.883
868415.602292439 -9.68827e-07 1.98267e-06 2.9515e-06 2.952
868416.603334642 -9.68827e-07 5.06923e-07 1.47575e-06 1.476
868417.604626623 -9.68827e-07 5.87567e-06 6.8445e-06 6.845
868418.605679697 -9.68827e-07 2.45342e-06 3.42225e-06 3.422
868419.606948770 -9.68827e-07 -5.34383e-06 -4.375e-06 -4.375
868420.607959658 -9.68827e-07 -3.15633e-06 -2.1875e-06 -2.188
868421.609154158 -9.68827e-07 -2.06258e-06 -1.09375e-06 -1.094
868422.610217916 -9.68827e-07 -2.53683e-06 -1.568e-06 -1.568
868423.611494582 -9.68827e-07 -1.75283e-06 -7.84e-07 -0.784
868424.612542508 -9.68827e-07 2.80367e-06 3.7725e-06 3.772
868425.613973378 -9.68827e-07 9.17423e-07 1.88625e-06 1.886
868426.614895284 -9.68827e-07 -4.39683e-06 -3.428e-06 -3.428
868427.616086524 -9.68827e-07 -2.68283e-06 -1.714e-06 -1.714
868428.617266135 -9.68827e-07 -1.82583e-06 -8.57e-07 -0.857
868429.618391912 -9.68827e-07 -1.82583e-06 -8.57e-07 0.000
868430.619534449 -9.68827e-07 -1.56383e-06 -5.95e-07 -0.595
868431.620780615 -9.68827e-07 -1.56383e-06 -5.95e-07 0.000
868432.621991170 -9.68827e-07 6.21967e-06 7.1885e-06 7.188
868433.623136928 -9.68827e-07 2.62542e-06 3.59425e-06 3.594
868434.624150076 -9.68827e-07 8.28298e-07 1.79712e-06 1.797
868435.625296631 -9.68827e-07 -6.67033e-06 -5.7015e-06 -5.702
868436.626712501 -9.68827e-07 -3.81958e-06 -2.85075e-06 -2.851
868437.627968481 -9.68827e-07 -8.08433e-06 -7.1155e-06 -7.115
868438.629407999 -9.68827e-07 -4.52658e-06 -3.55775e-06 -3.558
868439.630829702 -9.68827e-07 -1.00003e-05 -9.0315e-06 -9.031
868440.631650146 -9.68827e-07 -5.48458e-06 -4.51575e-06 -4.516
868441.633333127 -9.68827e-07 -2.28333e-06 -1.3145e-06 -1.315
868442.634535127 -9.68827e-07 -1.62608e-06 -6.5725e-07 -0.657
868443.635639089 -9.68827e-07 -1.62608e-06 -6.5725e-07 0.000
868445.513320403 -9.68827e-07 1.93117e-06 2.9e-06 2.900
868446.514041421 -9.68827e-07 4.81173e-07 1.45e-06 1.450
868447.515097235 -9.68827e-07 -2.43827e-07 7.25e-07 0.725
868448.516229771 -1.70739e-06 -6.8389e-07 1.0235e-06 1.024
868449.517277585 -1.70739e-06 -1.19564e-06 5.1175e-07 0.512
868450.518658307 -1.70739e-06 -5.00589e-06 -3.2985e-06 -3.298
868451.519788547 -1.70739e-06 -3.35664e-06 -1.64925e-06 -1.649
868452.521105084 -1.70739e-06 -4.30489e-06 -2.5975e-06 -2.598
868453.522302157 -1.70739e-06 -3.00614e-06 -1.29875e-06 -1.299
868454.523525842 -1.70739e-06 -2.35676e-06 -6.49375e-07 -0.649
868455.524834989 -1.70739e-06 -2.35676e-06 -6.49375e-07 0.000
868456.526117822 -1.70739e-06 1.58961e-06 3.297e-06 3.297
868457.527237636 -1.70739e-06 -5.88898e-08 1.6485e-06 1.649
868458.528312802 -1.70739e-06 -2.38189e-06 -6.745e-07 -0.674
868459.529367931 -1.70739e-06 -2.38189e-06 -6.745e-07 0.000
868461.281989412 -1.70739e-06 -6.23589e-06 -4.5285e-06 -4.529
868462.282780226 -1.70739e-06 -3.97164e-06 -2.26425e-06 -2.264
868463.284050244 -1.70739e-06 -2.83951e-06 -1.13212e-06 -1.132
868464.285138188 -1.70739e-06 2.56102e-08 1.733e-06 1.733
868465.286372909 -1.70739e-06 -8.4089e-07 8.665e-07 0.866
868466.287493705 -1.70739e-06 -4.0139e-07 1.306e-06 1.306
868467.288755279 -1.70739e-06 -1.05439e-06 6.53e-07 0.653
868468.289774519 -1.70739e-06 -2.31339e-06 -6.06e-07 -0.606
868469.290951629 -1.70739e-06 -2.31339e-06 -6.06e-07 0.000
868470.292001351 -1.70739e-06 -3.10739e-06 -1.4e-06 -1.400
868471.293335110 -1.70739e-06 -2.40739e-06 -7e-07 -0.700
868472.294277479 -1.70739e-06 4.08361e-06 5.791e-06 5.791
868473.295356923 -1.70739e-06 1.18811e-06 2.8955e-06 2.896
868474.296358589 -1.70739e-06 -2.5964e-07 1.44775e-06 1.448
868475.297470052 -1.70739e-06 4.89161e-06 6.599e-06 6.599
868476.298641107 -1.70739e-06 1.59211e-06 3.2995e-06 3.300
868477.299844624 -1.70739e-06 1.95911e-06 3.6665e-06 3.667
868478.301241513 -1.70739e-06 1.2586e-07 1.83325e-06 1.833
868479.302197938 -1.70739e-06 -7.90765e-07 9.16625e-07 0.917
868480.303584345 -1.70739e-06 -7.22439e-06 -5.517e-06 -5.517
868481.304818641 -1.70739e-06 -4.46589e-06 -2.7585e-06 -2.758
868482.306295566 -1.70739e-06 -7.24139e-06 -5.534e-06 -5.534
868483.307629288 -1.70739e-06 -4.47439e-06 -2.767e-06 -2.767
868484.308866991 -1.70739e-06 -1.36539e-06 3.42e-07 0.000
868486.374494286 -1.70739e-06 1.35761e-06 3.065e-06 3.065
868487.375466137 -1.70739e-06 -1.7489e-07 1.5325e-06 1.532
868488.376756636 -1.70739e-06 -9.4114e-07 7.6625e-07 0.766
868489.377877562 -1.70739e-06 -4.94489e-06 -3.2375e-06 -3.237
868490.379422876 -1.70739e-06 -3.32614e-06 -1.61875e-06 -1.619
868491.380707746 -1.70739e-06 -2.51676e-06 -8.09375e-07 -0.809
868492.382026912 -1.70739e-06 1.22261e-06 2.93e-06 2.930
868493.383343411 -1.70739e-06 -2.4239e-07 1.465e-06 1.465
868494.384531040 -1.70739e-06 -9.7489e-07 7.325e-07 0.732
868495.386059817 -1.70739e-06 -3.84989e-06 -2.1425e-06 -2.142
868496.387350798 -1.70739e-06 -2.77864e-06 -1.07125e-06 -1.071
868497.388806075 -1.70739e-06 -3.95389e-06 -2.2465e-06 -2.247
868498.390130705 -1.70739e-06 -2.83064e-06 -1.12325e-06 -1.123
868499.391308500 -1.70739e-06 -2.26901e-06 -5.61625e-07 -0.562
868500.392813259 -1.70739e-06 -2.26901e-06 -5.61625e-07 0.000
868501.393985795 -1.70739e-06 -6.24239e-06 -4.535e-06 -4.535
868502.395268628 -1.70739e-06 -3.97489e-06 -2.2675e-06 -2.268
868503.396619331 -1.70739e-06 -2.6689e-07 1.4405e-06 1.441
868504.397764145 -1.70739e-06 -9.8714e-07 7.2025e-07 0.720
868505.399206163 -1.70739e-06 -9.8714e-07 7.2025e-07 0.000
868506.557055107 -1.70739e-06 3.50911e-06 5.2165e-06 5.216
868507.558020014 -1.70739e-06 9.0086e-07 2.60825e-06 2.608
868508.559203198 -1.70739e-06 -4.03265e-07 1.30412e-06 1.304
868509.560205290 -1.70739e-06 -4.19939e-06 -2.492e-06 -2.492
868510.561388790 -1.70739e-06 -2.95339e-06 -1.246e-06 -1.246
868511.562537493 -1.70739e-06 -8.63739e-06 -6.93e-06 -6.930
868512.563651455 -1.70739e-06 -5.17239e-06 -3.465e-06 -3.465
868513.564799270 -1.70739e-06 -3.43989e-06 -1.7325e-06 -1.732
868514.566846232 -1.70783e-06 4.31672e-08 1.751e-06 1.751
868515.567077065 -1.70783e-06 -8.32333e-07 8.755e-07 0.876
868516.568211860 -1.70783e-06 -8.32333e-07 8.755e-07 0.000
868517.569382434 -1.70783e-06 -3.95833e-07 1.312e-06 1.312
868518.570559526 -1.70783e-06 -1.05183e-06 6.56e-07 0.656
868519.571748914 -1.70783e-06 -1.31083e-06 3.97e-07 0.000
868520.917141617 -1.70783e-06 -4.95233e-06 -3.2445e-06 -3.244
868521.917946690 -1.70783e-06 -3.33008e-06 -1.62225e-06 -1.622
868522.919360468 -1.70783e-06 -2.51896e-06 -8.11125e-07 -0.811
868523.920409800 -1.70783e-06 -2.51896e-06 -8.11125e-07 0.000
868524.921654115 -1.70783e-06 -1.66783e-06 4e-08 0.000
868527.111655632 -1.70783e-06 -1.86083e-06 -1.53e-07 0.000
868529.301784519 -1.70783e-06 2.82317e-06 4.531e-06 4.531
868530.302480334 -1.70783e-06 5.57667e-07 2.2655e-06 2.266
868531.303620574 -1.70783e-06 -5.75083e-07 1.13275e-06 1.133
868532.304696369 -1.70783e-06 -1.16683e-06 5.41e-07 0.000
868534.275796498 -1.70783e-06 -3.61333e-07 1.3465e-06 1.347
868535.276775905 -1.70783e-06 -1.03458e-06 6.7325e-07 0.673
868536.277750737 -1.70783e-06 -1.03458e-06 6.7325e-07 0.000
868537.279254070 -1.70783e-06 1.87667e-07 1.8955e-06 1.896
868538.280413588 -1.70783e-06 -7.60083e-07 9.4775e-07 0.948
868539.281510310 -1.70783e-06 -7.60083e-07 9.4775e-07 0.000
868541.628247382 -1.70783e-06 -3.32983e-06 -1.622e-06 -1.622
868542.629364882 -1.70783e-06 -2.51883e-06 -8.11e-07 -0.811
868543.630567363 -1.70783e-06 -2.51883e-06 -8.11e-07 0.000
868545.257750047 -1.70783e-06 -1.14268e-05 -9.719e-06 -9.719
868546.258460732 -1.70783e-06 -6.56733e-06 -4.8595e-06 -4.859
868547.259582712 -1.70783e-06 -4.13758e-06 -2.42975e-06 -2.430
868548.260740934 -1.70783e-06 -2.92271e-06 -1.21487e-06 -1.215
868549.261826693 -1.70783e-06 -8.20983e-06 -6.502e-06 -6.502
868550.262968118 -1.70783e-06 -4.95883e-06 -3.251e-06 -3.251
868551.264243210 -1.70783e-06 -8.50833e-07 8.57e-07 0.857
868552.265368413 -1.70783e-06 -8.50833e-07 8.57e-07 0.000
868553.923731134 -1.70783e-06 -1.44983e-06 2.58e-07 0.000
868556.395324040 -1.70783e-06 -7.47833e-07 9.6e-07 0.000
868559.649512890 -1.70783e-06 3.42667e-06 5.1345e-06 5.135
868560.650283408 -1.70783e-06 8.59417e-07 2.56725e-06 2.567
868561.651470167 -1.70783e-06 -4.24208e-07 1.28362e-06 1.284
868562.652597500 -1.70783e-06 2.88717e-06 4.595e-06 4.595
868563.653845054 -1.70783e-06 5.89667e-07 2.2975e-06 2.297
868564.655033943 -1.70783e-06 -4.56133e-06 -2.8535e-06 -2.853
868565.656316979 -1.70783e-06 -3.13458e-06 -1.42675e-06 -1.427
868566.657466127 -1.70783e-06 5.13167e-07 2.221e-06 2.221
868567.658484256 -1.70783e-06 -5.97333e-07 1.1105e-06 1.111
868568.659690144 -1.70783e-06 -1.02083e-06 6.87e-07 0.687
868569.660846514 -1.70783e-06 -1.02083e-06 6.87e-07 0.000
868570.661958976 -1.70783e-06 -7.64733e-06 -5.9395e-06 -5.939
868571.663138457 -1.70783e-06 -4.67758e-06 -2.96975e-06 -2.970
868572.664237419 -1.70783e-06 -3.19271e-06 -1.48487e-06 -1.485
868573.665361789 -1.70783e-06 -1.08298e-05 -9.122e-06 -9.122
868574.666654770 -1.70783e-06 -6.26883e-06 -4.561e-06 -4.561
868575.667667510 -1.70783e-06 -1.07333e-07 1.6005e-06 1.601
868576.668858084 -1.70783e-06 -9.07583e-07 8.0025e-07 0.800
868577.669981120 -1.70783e-06 -9.07583e-07 8.0025e-07 0.000
868578.671241286 -1.70783e-06 4.87067e-06 6.5785e-06 6.579
868579.672265860 -1.70783e-06 1.58142e-06 3.28925e-06 3.289
868580.673478396 -1.82829e-06 -3.42979e-06 -1.6015e-06 -1.602
868581.674590229 -1.82829e-06 -2.62904e-06 -8.0075e-07 -0.801
868582.675799784 -1.82829e-06 -1.94929e-06 -1.21e-07 0.000
868584.803421320 -1.82829e-06 -1.31729e-06 5.11e-07 0.511
868585.804166634 -1.82829e-06 -1.31729e-06 5.11e-07 0.000
868587.024445004 -1.82829e-06 -1.16729e-06 6.61e-07 0.661
868588.025513096 -1.82829e-06 -1.16729e-06 6.61e-07 0.000
868589.152123113 -1.82829e-06 -2.33929e-06 -5.11e-07 0.000
868592.437277352 -1.82829e-06 -2.52529e-06 -6.97e-07 -0.697
868593.438116481 -1.82829e-06 -2.52529e-06 -6.97e-07 0.000
868594.689834499 -1.82829e-06 -5.38779e-06 -3.5595e-06 -3.559
868595.690712961 -1.82829e-06 -3.60804e-06 -1.77975e-06 -1.780
868596.691874183 -1.82829e-06 -2.71816e-06 -8.89875e-07 -0.890
868597.693043201 -1.82829e-06 4.49271e-06 6.321e-06 6.321
868598.694455719 -1.82829e-06 1.33221e-06 3.1605e-06 3.160
868599.695432144 -1.82829e-06 1.83721e-06 3.6655e-06 3.665
868600.696702514 -1.82829e-06 4.46221e-09 1.83275e-06 1.833
868601.697906273 -1.82829e-06 -1.45829e-06 3.7e-07 0.000
868603.888474845 -1.82829e-06 -7.05979e-06 -5.2315e-06 -5.231
868604.889163752 -1.82829e-06 -4.44404e-06 -2.61575e-06 -2.616
868605.890394418 -1.82829e-06 -3.13616e-06 -1.30787e-06 -1.308
868606.891348862 -1.82829e-06 -4.58679e-06 -2.7585e-06 -2.758
868607.892671343 -1.82829e-06 -3.20754e-06 -1.37925e-06 -1.379
868608.893814972 -1.82829e-06 1.63712e-07 1.992e-06 1.992
868609.895025027 -1.82829e-06 -8.32288e-07 9.96e-07 0.996
868610.896132156 -1.82829e-06 5.24771e-06 7.076e-06 7.076
868611.897247341 -1.82829e-06 1.70971e-06 3.538e-06 3.538
868612.898557933 -1.82829e-06 -3.06729e-06 -1.239e-06 -1.239
868613.899622543 -1.82829e-06 -2.44779e-06 -6.195e-07 -0.619
868614.900750117 -1.82829e-06 -2.44779e-06 -6.195e-07 0.000
868615.902004153 -1.82829e-06 -6.48579e-06 -4.6575e-06 -4.657
868616.903050745 -1.82829e-06 -4.15704e-06 -2.32875e-06 -2.329
868617.904512096 -1.82829e-06 -2.99266e-06 -1.16437e-06 -1.164
868618.905774910 -1.82829e-06 -7.73288e-07 1.055e-06 1.055
868619.907009095 -1.82829e-06 -1.30079e-06 5.275e-07 0.528
868620.908097131 -1.82829e-06 -5.49779e-06 -3.6695e-06 -3.670
868621.909143946 -1.82829e-06 -3.66304e-06 -1.83475e-06 -1.835
868622.910559315 -1.82829e-06 -2.74566e-06 -9.17375e-07 -0.917
868623.911540704 -1.82829e-06 2.70071e-06 4.529e-06 4.529
868624.912648722 -1.82829e-06 4.36212e-07 2.2645e-06 2.264
868625.913839795 -1.82829e-06 2.01521e-06 3.8435e-06 3.843
868626.914758980 -1.82829e-06 9.34622e-08 1.92175e-06 1.922
868627.916261350 -1.82829e-06 -2.66529e-06 -8.37e-07 -0.837
868628.916926312 -1.82829e-06 -2.66529e-06 -8.37e-07 0.000
868630.982099274 -1.82829e-06 -3.86429e-06 -2.036e-06 -2.036
868631.982640829 -1.82829e-06 -2.84629e-06 -1.018e-06 -1.018
868632.983643439 -1.82829e-06 -2.33729e-06 -5.09e-07 -0.509
868633.985013790 -1.82829e-06 -3.44979e-06 -1.6215e-06 -1.622
868634.986139882 -1.82829e-06 -2.63904e-06 -8.1075e-07 -0.811
868635.987323048 -1.82829e-06 -2.55779e-06 -7.295e-07 -0.729
868636.988293437 -1.82829e-06 -2.55779e-06 -7.295e-07 0.000
868637.989700584 -1.82829e-06 -2.33229e-06 -5.04e-07 -0.504
868638.990846176 -1.82829e-06 -2.33229e-06 -5.04e-07 0.000
868640.399198064 -1.82829e-06 3.18571e-06 5.014e-06 5.014
868641.400018286 -1.82829e-06 6.78712e-07 2.507e-06 2.507
868642.401143730 -1.82829e-06 -5.74788e-07 1.2535e-06 1.253
868643.402276711 -1.82829e-06 7.08321e-06 8.9115e-06 8.911
868644.403289321 -1.82829e-06 2.62746e-06 4.45575e-06 4.456
868645.404605580 -1.82829e-06 3.99587e-07 2.22787e-06 2.228
868646.405836672 -1.82829e-06 -2.41829e-06 -5.9e-07 -0.590
868647.406948505 -1.82829e-06 -2.41829e-06 -5.9e-07 0.000
868648.408426671 -1.82829e-06 -8.21679e-06 -6.3885e-06 -6.388
868649.409159448 -1.82829e-06 -5.02254e-06 -3.19425e-06 -3.194
868650.410486188 -1.82829e-06 -3.42541e-06 -1.59712e-06 -1.597
868651.411568039 -1.82829e-06 -5.11279e-06 -3.2845e-06 -3.284
868652.412708946 -1.82829e-06 -3.47054e-06 -1.64225e-06 -1.642
868653.413945390 -1.82829e-06 5.02212e-07 2.3305e-06 2.330
868654.414730037 -1.82829e-06 -6.63038e-07 1.16525e-06 1.165
868655.416140333 -1.82829e-06 -1.24566e-06 5.82625e-07 0.583
868656.417228870 -1.85232e-06 -3.23182e-06 -1.3795e-06 -1.380
868657.418352387 -1.85232e-06 -2.54207e-06 -6.8975e-07 -0.690
868658.419431702 -1.85232e-06 -2.67232e-06 -8.2e-07 0.000
868659.796309145 -1.85232e-06 -1.12982e-06 7.225e-07 0.722
868660.797307274 -1.85232e-06 -1.12982e-06 7.225e-07 0.000
868662.080050070 -1.85232e-06 -6.62532e-06 -4.773e-06 -4.773
868663.081037810 -1.85232e-06 -4.23882e-06 -2.3865e-06 -2.386
868664.082170513 -1.85232e-06 -3.04557e-06 -1.19325e-06 -1.193
868665.083236957 -1.85232e-06 -1.53232e-06 3.2e-07 0.000
868666.804135512 -1.85232e-06 -2.36819e-07 1.6155e-06 1.615
868667.805114678 -1.85232e-06 -1.04457e-06 8.0775e-07 0.808
868668.806343918 -1.85232e-06 -1.04457e-06 8.0775e-07 0.000
868669.807535454 -1.85232e-06 -2.42732e-06 -5.75e-07 0.000
868673.093111989 -1.85232e-06 2.61268e-06 4.465e-06 4.465
868674.093636433 -1.85232e-06 3.80181e-07 2.2325e-06 2.232
868675.094969821 -1.85232e-06 -7.36069e-07 1.11625e-06 1.116
868676.096046987 -1.85232e-06 -1.33832e-06 5.14e-07 0.514
868677.097348339 -1.85232e-06 -1.33832e-06 5.14e-07 0.000
868679.568930985 -1.85232e-06 -4.84982e-06 -2.9975e-06 -2.998
868680.570474337 -1.85232e-06 -3.35107e-06 -1.49875e-06 -1.499
868681.571104299 -1.85232e-06 -2.60169e-06 -7.49375e-07 -0.749
868682.572300724 -1.85232e-06 -5.91182e-06 -4.0595e-06 -4.059
868683.573558224 -1.85232e-06 -3.88207e-06 -2.02975e-06 -2.030
868684.574612908 -1.85232e-06 -5.39282e-06 -3.5405e-06 -3.540
868685.575728297 -1.85232e-06 -3.62257e-06 -1.77025e-06 -1.770
868686.576958222 -1.85232e-06 1.60168e-06 3.454e-06 3.454
868687.578094314 -1.85232e-06 -1.25319e-07 1.727e-06 1.727
868688.579238573 -1.85232e-06 6.83618e-06 8.6885e-06 8.688
868689.580431054 -1.85232e-06 2.49193e-06 4.34425e-06 4.344
868690.581627312 -1.85232e-06 5.71813e-08 1.9095e-06 1.910
868691.582695515 -1.85232e-06 -8.97569e-07 9.5475e-07 0.955
868692.583893107 -1.85232e-06 -8.97569e-07 9.5475e-07 0.000
868693.585005218 -1.85232e-06 -1.11819e-07 1.7405e-06 1.740
868694.586312810 -1.85232e-06 -9.82069e-07 8.7025e-07 0.870
868695.587492383 -1.85232e-06 -1.17698e-05 -9.9175e-06 -9.917
868696.588641383 -1.85232e-06 -6.81107e-06 -4.95875e-06 -4.959
868697.589763530 -1.85232e-06 -1.13698e-05 -9.5175e-06 -9.518
868698.591076122 -1.85232e-06 -6.61107e-06 -4.75875e-06 -4.759
868699.592172733 -1.85232e-06 -5.09032e-06 -3.238e-06 -3.238
868700.593344880 -1.85232e-06 -3.47132e-06 -1.619e-06 -1.619
868701.594454398 -1.85232e-06 -2.66182e-06 -8.095e-07 -0.809
868702.595572657 -1.85232e-06 7.12618e-06 8.9785e-06 8.979
868703.596709693 -1.85232e-06 2.63693e-06 4.48925e-06 4.489
868704.597801045 -1.85232e-06 3.08768e-06 4.94e-06 4.940
868705.598945766 -1.85232e-06 6.17681e-07 2.47e-06 2.470
868706.600089062 -1.85232e-06 6.94668e-06 8.799e-06 8.799
868707.601198413 -1.85232e-06 2.54718e-06 4.3995e-06 4.399
868708.602353505 -1.85232e-06 2.44068e-06 4.293e-06 4.293
868709.603470782 -1.85232e-06 2.94181e-07 2.1465e-06 2.147
868710.604617837 -1.85232e-06 -7.79069e-07 1.07325e-06 1.073
868711.605706059 -1.85232e-06 -8.52882e-06 -6.6765e-06 -6.677
868712.606912058 -1.85232e-06 -5.19057e-06 -3.33825e-06 -3.338
868713.608092650 -1.85232e-06 -4.97782e-06 -3.1255e-06 -3.126
868714.609181150 -1.85232e-06 -3.41507e-06 -1.56275e-06 -1.563
868715.610407594 -1.85232e-06 -2.44032e-06 -5.88e-07 -0.588
868716.611451315 -1.85232e-06 -2.44032e-06 -5.88e-07 0.000
868717.988255481 -1.85232e-06 -3.14232e-06 -1.29e-06 -1.290
868718.989095221 -1.85232e-06 -2.49732e-06 -6.45e-07 -0.645
868719.990263276 -1.85232e-06 -2.49732e-06 -6.45e-07 0.000
868722.087161238 -1.85232e-06 -5.31819e-07 1.3205e-06 1.321
868723.088014756 -1.85232e-06 -1.19207e-06 6.6025e-07 0.660
868724.089237903 -1.85232e-06 -1.19207e-06 6.6025e-07 0.000
868725.560006125 -1.85232e-06 3.10068e-06 4.953e-06 4.953
868726.560927457 -1.85232e-06 6.24181e-07 2.4765e-06 2.476
868727.562292198 -1.85232e-06 -6.14069e-07 1.23825e-06 1.238
868728.563343864 -1.85232e-06 2.14681e-07 2.067e-06 2.067
868729.564528863 -1.85232e-06 -8.18819e-07 1.0335e-06 1.033
868730.565807085 -1.85232e-06 -6.75819e-07 1.1765e-06 1.177
868731.566909362 -1.85232e-06 -1.26407e-06 5.8825e-07 0.588
868732.568205065 -1.85232e-06 -9.61782e-06 -7.7655e-06 -7.766
868733.569284212 -1.85232e-06 -5.73507e-06 -3.88275e-06 -3.883
868734.570959971 -1.85232e-06 -9.48032e-06 -7.628e-06 -7.628
868735.571899619 -1.85232e-06 -5.66632e-06 -3.814e-06 -3.814
868736.572997840 -1.85232e-06 -3.75932e-06 -1.907e-06 -1.907
868737.574232284 -1.85232e-06 -3.05132e-06 -1.199e-06 -1.199
868738.575563895 -1.85232e-06 -2.45182e-06 -5.995e-07 -0.600
868739.577073987 -1.85232e-06 2.73768e-06 4.59e-06 4.590
868740.577979468 -1.85232e-06 4.42681e-07 2.295e-06 2.295
868741.579059374 -1.85232e-06 -7.04819e-07 1.1475e-06 1.147
868742.580180318 -1.85232e-06 2.64668e-06 4.499e-06 4.499
868743.581601355 -1.85232e-06 3.97181e-07 2.2495e-06 2.249
868744.582476261 -1.85874e-06 2.89526e-06 4.754e-06 4.754
