ptp4l[868295.075]: selected /dev/ptp0 as PTP clock
ptp4l[868295.077]: port 1: INITIALIZING to LISTENING on INIT_COMPLETE
ptp4l[868295.078]: port 0: INITIALIZING to LISTENING on INIT_COMPLETE
ptp4l[868301.616]: selected local clock 2ccf67.fffe.296623 as best master
ptp4l[868302.269]: port 1: new foreign master 2ccf67.fffe.29664e-1
ptp4l[868306.269]: selected best master clock 2ccf67.fffe.29664e
ptp4l[868306.269]: port 1: LISTENING to UNCALIBRATED on RS_SLAVE
ptp4l[868308.269]: master offset      -3329 s0 freq  -52645 path delay      4345
ptp4l[868309.269]: master offset      -3399 s2 freq  -52715 path delay      4324
ptp4l[868309.269]: port 1: UNCALIBRATED to SLAVE on MASTER_CLOCK_SELECTED
ptp4l[868310.269]: master offset      -3472 s2 freq  -56187 path delay      4324
ptp4l[868311.269]: master offset        -83 s2 freq  -53840 path delay      4304
ptp4l[868312.269]: master offset        895 s2 freq  -52887 path delay      4324
ptp4l[868313.269]: master offset        916 s2 freq  -52597 path delay      4343
ptp4l[868314.269]: master offset        694 s2 freq  -52544 path delay      4344
ptp4l[868315.269]: master offset        224 s2 freq  -52806 path delay      4344
ptp4l[868316.269]: master offset        283 s2 freq  -52680 path delay      4340
ptp4l[868317.269]: master offset        386 s2 freq  -52492 path delay      4344
ptp4l[868318.269]: master offset        -90 s2 freq  -52852 path delay      4344
ptp4l[868319.269]: master offset          3 s2 freq  -52786 path delay      4342
ptp4l[868320.269]: master offset         44 s2 freq  -52744 path delay      4346
ptp4l[868321.269]: master offset       -101 s2 freq  -52876 path delay      4346
ptp4l[868322.269]: master offset         -8 s2 freq  -52813 path delay      4342
ptp4l[868323.269]: master offset        138 s2 freq  -52670 path delay      4342
ptp4l[868324.269]: master offset        -91 s2 freq  -52857 path delay      4345
ptp4l[868325.269]: master offset       -121 s2 freq  -52915 path delay      4339
ptp4l[868326.269]: master offset         66 s2 freq  -52764 path delay      4339
ptp4l[868327.269]: master offset        252 s2 freq  -52558 path delay      4331
ptp4l[868328.269]: master offset       -251 s2 freq  -52986 path delay      4331
ptp4l[868329.269]: master offset         45 s2 freq  -52765 path delay      4299
ptp4l[868330.269]: master offset        210 s2 freq  -52586 path delay      4283
ptp4l[868331.269]: master offset        226 s2 freq  -52507 path delay      4296
ptp4l[868332.269]: master offset       -192 s2 freq  -52858 path delay      4296
ptp4l[868333.269]: master offset       -152 s2 freq  -52875 path delay      4316
ptp4l[868334.269]: master offset        199 s2 freq  -52570 path delay      4296
ptp4l[868335.269]: master offset        -87 s2 freq  -52796 path delay      4296
ptp4l[868336.269]: master offset        135 s2 freq  -52600 path delay      4311
ptp4l[868337.269]: master offset        -70 s2 freq  -52765 path delay      4321
ptp4l[868338.269]: master offset       -234 s2 freq  -52950 path delay      4321
ptp4l[868339.269]: master offset         95 s2 freq  -52691 path delay      4321
ptp4l[868340.270]: master offset        -75 s2 freq  -52832 path delay      4321
ptp4l[868341.270]: master offset        103 s2 freq  -52677 path delay      4321
ptp4l[868342.270]: master offset        150 s2 freq  -52599 path delay      4321
ptp4l[868343.270]: master offset        206 s2 freq  -52498 path delay      4310
ptp4l[868344.270]: master offset       -154 s2 freq  -52796 path delay      4310
ptp4l[868345.270]: master offset        -38 s2 freq  -52726 path delay      4276
ptp4l[868346.270]: master offset        -48 s2 freq  -52748 path delay      4276
ptp4l[868347.270]: master offset        -74 s2 freq  -52788 path delay      4309
ptp4l[868348.270]: master offset         89 s2 freq  -52647 path delay      4276
ptp4l[868349.270]: master offset        248 s2 freq  -52462 path delay      4276
ptp4l[868350.270]: master offset       -155 s2 freq  -52790 path delay      4276
ptp4l[868351.270]: master offset        -89 s2 freq  -52771 path delay      4276
ptp4l[868352.270]: master offset       -191 s2 freq  -52899 path delay      4276
ptp4l[868353.270]: master offset        192 s2 freq  -52574 path delay      4276
ptp4l[868354.270]: master offset        -49 s2 freq  -52757 path delay      4337
ptp4l[868355.270]: master offset       -220 s2 freq  -52943 path delay      4378
ptp4l[868356.270]: master offset       -118 s2 freq  -52907 path delay      4378
ptp4l[868357.270]: master offset        -46 s2 freq  -52870 path delay      4378
ptp4l[868358.270]: master offset        174 s2 freq  -52664 path delay      4378
ptp4l[868359.270]: master offset        271 s2 freq  -52515 path delay      4383
ptp4l[868360.270]: master offset       -253 s2 freq  -52958 path delay      4383
ptp4l[868361.270]: master offset         45 s2 freq  -52735 path delay      4383
ptp4l[868362.270]: master offset         37 s2 freq  -52730 path delay      4358
ptp4l[868363.270]: master offset       -218 s2 freq  -52974 path delay      4358
ptp4l[868364.270]: master offset         45 s2 freq  -52776 path delay      4320
ptp4l[868365.270]: master offset        153 s2 freq  -52655 path delay      4297
ptp4l[868366.270]: master offset         59 s2 freq  -52703 path delay      4292
ptp4l[868367.270]: master offset         95 s2 freq  -52649 path delay      4292
ptp4l[868368.270]: master offset       -108 s2 freq  -52824 path delay      4315
ptp4l[868369.270]: master offset       -355 s2 freq  -53103 path delay      4346
ptp4l[868370.271]: master offset        160 s2 freq  -52695 path delay      4346
ptp4l[868371.271]: master offset        -78 s2 freq  -52885 path delay      4363
ptp4l[868372.271]: master offset         31 s2 freq  -52799 path delay      4363
ptp4l[868373.271]: master offset        -69 s2 freq  -52890 path delay      4383
ptp4l[868374.271]: master offset        108 s2 freq  -52733 path delay      4383
ptp4l[868375.271]: master offset         36 s2 freq  -52773 path delay      4396
ptp4l[868376.271]: master offset         -2 s2 freq  -52800 path delay      4396
ptp4l[868377.271]: master offset        -16 s2 freq  -52815 path delay      4396
ptp4l[868378.271]: master offset       -139 s2 freq  -52943 path delay      4396
ptp4l[868379.271]: master offset         54 s2 freq  -52791 path delay      4382
ptp4l[868380.271]: master offset       -171 s2 freq  -53000 path delay      4382
ptp4l[868381.271]: master offset        224 s2 freq  -52656 path delay      4382
ptp4l[868382.271]: master offset         10 s2 freq  -52803 path delay      4369
ptp4l[868383.271]: master offset       -258 s2 freq  -53068 path delay      4407
ptp4l[868384.271]: master offset        -30 s2 freq  -52918 path delay      4407
ptp4l[868385.271]: master offset        181 s2 freq  -52716 path delay      4385
ptp4l[868386.271]: master offset        110 s2 freq  -52732 path delay      4385
ptp4l[868387.271]: master offset       -206 s2 freq  -53015 path delay      4385
ptp4l[868388.271]: master offset         34 s2 freq  -52837 path delay      4385
ptp4l[868389.271]: master offset        -58 s2 freq  -52919 path delay      4394
ptp4l[868390.271]: master offset        -33 s2 freq  -52911 path delay      4394
ptp4l[868391.271]: master offset         79 s2 freq  -52809 path delay      4394
ptp4l[868392.271]: master offset         18 s2 freq  -52846 path delay      4340
ptp4l[868393.271]: master offset        148 s2 freq  -52711 path delay      4359
ptp4l[868394.271]: master offset       -197 s2 freq  -53012 path delay      4359
ptp4l[868395.271]: master offset        -24 s2 freq  -52898 path delay      4344
ptp4l[868396.271]: master offset       -193 s2 freq  -53074 path delay      4350
ptp4l[868397.271]: master offset        225 s2 freq  -52714 path delay      4344
ptp4l[868398.272]: master offset       -130 s2 freq  -53001 path delay      4344
ptp4l[868399.272]: master offset         75 s2 freq  -52835 path delay      4344
ptp4l[868400.272]: master offset        104 s2 freq  -52784 path delay      4344
ptp4l[868401.272]: master offset        -32 s2 freq  -52889 path delay      4328
ptp4l[868402.272]: master offset        105 s2 freq  -52761 path delay      4318
ptp4l[868403.272]: master offset       -289 s2 freq  -53124 path delay      4318
ptp4l[868404.272]: master offset         38 s2 freq  -52883 path delay      4314
ptp4l[868405.272]: master offset         54 s2 freq  -52856 path delay      4314
ptp4l[868406.272]: master offset        -36 s2 freq  -52930 path delay      4318
ptp4l[868407.272]: master offset       -197 s2 freq  -53102 path delay      4350
ptp4l[868408.272]: master offset         60 s2 freq  -52904 path delay      4350
ptp4l[868409.272]: master offset        104 s2 freq  -52842 path delay      4386
ptp4l[868410.272]: master offset       -169 s2 freq  -53084 path delay      4386
ptp4l[868411.272]: master offset        -68 s2 freq  -53033 path delay      4386
ptp4l[868412.272]: master offset        389 s2 freq  -52597 path delay      4328
ptp4l[868413.272]: master offset        100 s2 freq  -52769 path delay      4368
ptp4l[868414.272]: master offset       -294 s2 freq  -53133 path delay      4368
ptp4l[868415.272]: master offset        -19 s2 freq  -52946 path delay      4316
ptp4l[868416.272]: master offset        -72 s2 freq  -53005 path delay      4316
ptp4l[868417.272]: master offset        -38 s2 freq  -52992 path delay      4316
ptp4l[868418.272]: master offset         45 s2 freq  -52921 path delay      4280
ptp4l[868419.272]: master offset        295 s2 freq  -52657 path delay      4241
ptp4l[868420.272]: master offset        -84 s2 freq  -52948 path delay      4241
ptp4l[868421.272]: master offset       -154 s2 freq  -53043 path delay      4241
ptp4l[868422.272]: master offset       -165 s2 freq  -53100 path delay      4315
ptp4l[868423.272]: master offset        192 s2 freq  -52793 path delay      4315
ptp4l[868424.272]: master offset       -131 s2 freq  -53058 path delay      4333
ptp4l[868425.272]: master offset        -27 s2 freq  -52993 path delay      4295
ptp4l[868426.272]: master offset        199 s2 freq  -52776 path delay      4277
ptp4l[868427.272]: master offset        -75 s2 freq  -52990 path delay      4295
ptp4l[868428.273]: master offset       -170 s2 freq  -53107 path delay      4295
ptp4l[868429.273]: master offset        -73 s2 freq  -53061 path delay      4333
ptp4l[868430.273]: master offset        131 s2 freq  -52879 path delay      4333
ptp4l[868431.273]: master offset         76 s2 freq  -52895 path delay      4333
ptp4l[868432.273]: master offset        175 s2 freq  -52773 path delay      4333
ptp4l[868433.273]: master offset       -196 s2 freq  -53092 path delay      4392
ptp4l[868434.273]: master offset       -288 s2 freq  -53242 path delay      4392
ptp4l[868435.273]: master offset        113 s2 freq  -52928 path delay      4392
ptp4l[868436.273]: master offset       -191 s2 freq  -53198 path delay      4427
ptp4l[868437.273]: master offset        196 s2 freq  -52868 path delay      4427
ptp4l[868438.273]: master offset         52 s2 freq  -52953 path delay      4392
ptp4l[868439.273]: master offset        207 s2 freq  -52783 path delay      4369
ptp4l[868440.273]: master offset        -21 s2 freq  -52949 path delay      4404
ptp4l[868441.273]: master offset       -100 s2 freq  -53034 path delay      4375
ptp4l[868442.273]: master offset       -178 s2 freq  -53142 path delay      4357
ptp4l[868443.273]: master offset         99 s2 freq  -52918 path delay      4357
ptp4l[868444.273]: master offset        -15 s2 freq  -53003 path delay      4357
ptp4l[868445.273]: master offset        -57 s2 freq  -53049 path delay      4343
ptp4l[868446.273]: master offset         91 s2 freq  -52918 path delay      4283
ptp4l[868447.273]: master offset        133 s2 freq  -52849 path delay      4283
ptp4l[868448.273]: master offset       -185 s2 freq  -53127 path delay      4283
ptp4l[868449.273]: master offset         98 s2 freq  -52900 path delay      4283
ptp4l[868450.273]: master offset        142 s2 freq  -52826 path delay      4301
ptp4l[868451.273]: master offset        -90 s2 freq  -53016 path delay      4301
ptp4l[868452.273]: master offset       -280 s2 freq  -53233 path delay      4308
ptp4l[868453.273]: master offset        167 s2 freq  -52870 path delay      4308
ptp4l[868454.273]: master offset        -86 s2 freq  -53073 path delay      4313
ptp4l[868455.273]: master offset        157 s2 freq  -52855 path delay      4313
ptp4l[868456.274]: master offset       -110 s2 freq  -53075 path delay      4313
ptp4l[868457.274]: master offset       -143 s2 freq  -53141 path delay      4313
ptp4l[868458.274]: master offset        -46 s2 freq  -53087 path delay      4313
ptp4l[868459.274]: master offset        232 s2 freq  -52823 path delay      4316
ptp4l[868460.274]: master offset         39 s2 freq  -52946 path delay      4316
ptp4l[868461.274]: master offset       -163 s2 freq  -53137 path delay      4335
ptp4l[868462.274]: master offset       -133 s2 freq  -53156 path delay      4326
ptp4l[868463.274]: master offset        156 s2 freq  -52906 path delay      4316
ptp4l[868464.274]: master offset        -72 s2 freq  -53088 path delay      4326
ptp4l[868465.274]: master offset        -25 s2 freq  -53062 path delay      4326
ptp4l[868466.274]: master offset       -141 s2 freq  -53186 path delay      4326
ptp4l[868467.274]: master offset       -140 s2 freq  -53227 path delay      4329
ptp4l[868468.274]: master offset        407 s2 freq  -52722 path delay      4329
ptp4l[868469.274]: master offset       -202 s2 freq  -53209 path delay      4329
ptp4l[868470.274]: master offset        257 s2 freq  -52811 path delay      4329
ptp4l[868471.274]: master offset       -212 s2 freq  -53202 path delay      4375
ptp4l[868472.274]: master offset        -88 s2 freq  -53142 path delay      4375
ptp4l[868473.274]: master offset        222 s2 freq  -52858 path delay      4375
ptp4l[868474.274]: master offset       -147 s2 freq  -53161 path delay      4326
ptp4l[868475.274]: master offset         73 s2 freq  -52985 path delay      4316
ptp4l[868476.274]: master offset         -6 s2 freq  -53042 path delay      4317
ptp4l[868477.274]: master offset         74 s2 freq  -52964 path delay      4317
ptp4l[868478.274]: master offset       -146 s2 freq  -53162 path delay      4341
ptp4l[868479.274]: master offset         56 s2 freq  -53003 path delay      4341
ptp4l[868480.275]: master offset       -152 s2 freq  -53195 path delay      4329
ptp4l[868481.274]: master offset        184 s2 freq  -52904 path delay      4323
ptp4l[868482.274]: master offset       -255 s2 freq  -53288 path delay      4323
ptp4l[868483.274]: master offset        245 s2 freq  -52865 path delay      4323
ptp4l[868484.274]: master offset        144 s2 freq  -52892 path delay      4323
ptp4l[868485.275]: master offset       -337 s2 freq  -53330 path delay      4325
ptp4l[868486.275]: master offset        -14 s2 freq  -53108 path delay      4325
ptp4l[868487.275]: master offset        166 s2 freq  -52932 path delay      4311
ptp4l[868488.275]: master offset        208 s2 freq  -52840 path delay      4311
ptp4l[868489.275]: master offset       -399 s2 freq  -53385 path delay      4311
ptp4l[868490.275]: master offset        -14 s2 freq  -53120 path delay      4287
ptp4l[868491.275]: master offset        225 s2 freq  -52885 path delay      4274
ptp4l[868492.275]: master offset       -143 s2 freq  -53185 path delay      4326
ptp4l[868493.275]: master offset        120 s2 freq  -52965 path delay      4326
ptp4l[868494.275]: master offset       -237 s2 freq  -53286 path delay      4380
ptp4l[868495.275]: master offset        306 s2 freq  -52814 path delay      4326
ptp4l[868496.275]: master offset       -122 s2 freq  -53151 path delay      4380
ptp4l[868497.275]: master offset        -59 s2 freq  -53124 path delay      4398
ptp4l[868498.275]: master offset        -22 s2 freq  -53105 path delay      4398
ptp4l[868499.275]: master offset        210 s2 freq  -52879 path delay      4398
ptp4l[868500.275]: master offset       -160 s2 freq  -53186 path delay      4425
ptp4l[868501.275]: master offset        109 s2 freq  -52965 path delay      4341
ptp4l[868502.275]: master offset       -131 s2 freq  -53173 path delay      4358
ptp4l[868503.275]: master offset         60 s2 freq  -53021 path delay      4358
ptp4l[868504.275]: master offset        -53 s2 freq  -53116 path delay      4376
ptp4l[868505.275]: master offset       -163 s2 freq  -53242 path delay      4376
ptp4l[868506.275]: master offset        -97 s2 freq  -53225 path delay      4358
ptp4l[868507.275]: master offset          7 s2 freq  -53150 path delay      4358
ptp4l[868508.275]: master offset        189 s2 freq  -52966 path delay      4313
ptp4l[868509.275]: master offset        152 s2 freq  -52946 path delay      4316
ptp4l[868510.275]: master offset        -82 s2 freq  -53135 path delay      4358
ptp4l[868511.275]: master offset        -56 s2 freq  -53133 path delay      4352
ptp4l[868512.275]: master offset        115 s2 freq  -52979 path delay      4310
ptp4l[868513.275]: master offset        -31 s2 freq  -53090 path delay      4310
ptp4l[868514.276]: master offset        191 s2 freq  -52878 path delay      4272
ptp4l[868515.276]: master offset       -160 s2 freq  -53171 path delay      4272
ptp4l[868516.276]: master offset       -242 s2 freq  -53301 path delay      4310
ptp4l[868517.276]: master offset       -138 s2 freq  -53270 path delay      4329
ptp4l[868518.276]: master offset        293 s2 freq  -52880 path delay      4329
ptp4l[868519.276]: master offset         83 s2 freq  -53003 path delay      4307
ptp4l[868520.276]: master offset       -128 s2 freq  -53189 path delay      4353
ptp4l[868521.276]: master offset          3 s2 freq  -53096 path delay      4353
ptp4l[868522.276]: master offset         97 s2 freq  -53001 path delay      4353
ptp4l[868523.276]: master offset       -124 s2 freq  -53193 path delay      4353
ptp4l[868524.276]: master offset         50 s2 freq  -53056 path delay      4307
ptp4l[868525.276]: master offset          6 s2 freq  -53085 path delay      4307
ptp4l[868526.276]: master offset        -35 s2 freq  -53124 path delay      4307
ptp4l[868527.276]: master offset       -121 s2 freq  -53221 path delay      4310
ptp4l[868528.276]: master offset        252 s2 freq  -52884 path delay      4316
ptp4l[868529.276]: master offset       -162 s2 freq  -53223 path delay      4357
ptp4l[868530.276]: master offset          3 s2 freq  -53106 path delay      4408
ptp4l[868531.276]: master offset       -178 s2 freq  -53286 path delay      4404
ptp4l[868532.276]: master offset         22 s2 freq  -53140 path delay      4404
ptp4l[868533.276]: master offset         -1 s2 freq  -53156 path delay      4404
ptp4l[868534.276]: master offset        130 s2 freq  -53025 path delay      4404
ptp4l[868535.276]: master offset       -131 s2 freq  -53247 path delay      4423
ptp4l[868536.276]: master offset         81 s2 freq  -53075 path delay      4423
ptp4l[868537.276]: master offset        246 s2 freq  -52885 path delay      4423
ptp4l[868538.276]: master offset       -243 s2 freq  -53301 path delay      4423
ptp4l[868539.276]: master offset       -113 s2 freq  -53244 path delay      4382
ptp4l[868540.276]: master offset        332 s2 freq  -52832 path delay      4323
ptp4l[868541.276]: master offset        -45 s2 freq  -53110 path delay      4323
ptp4l[868542.277]: master offset         41 s2 freq  -53037 path delay      4323
ptp4l[868543.277]: master offset       -249 s2 freq  -53315 path delay      4323
ptp4l[868544.277]: master offset        146 s2 freq  -52995 path delay      4295
ptp4l[868545.277]: master offset       -100 s2 freq  -53197 path delay      4295
ptp4l[868546.277]: master offset         85 s2 freq  -53042 path delay      4295
ptp4l[868547.277]: master offset         38 s2 freq  -53063 path delay      4295
ptp4l[868548.277]: master offset         15 s2 freq  -53075 path delay      4307
ptp4l[868549.277]: master offset       -294 s2 freq  -53380 path delay      4333
ptp4l[868550.277]: master offset        -47 s2 freq  -53221 path delay      4333
ptp4l[868551.277]: master offset        124 s2 freq  -53064 path delay      4357
ptp4l[868552.277]: master offset          9 s2 freq  -53142 path delay      4340
ptp4l[868553.277]: master offset        -25 s2 freq  -53173 path delay      4345
ptp4l[868554.277]: master offset        238 s2 freq  -52917 path delay      4345
ptp4l[868555.277]: master offset        -51 s2 freq  -53135 path delay      4348
ptp4l[868556.277]: master offset       -166 s2 freq  -53265 path delay      4343
ptp4l[868557.277]: master offset         73 s2 freq  -53076 path delay      4343
ptp4l[868558.277]: master offset        -94 s2 freq  -53221 path delay      4343
ptp4l[868559.277]: master offset        -21 s2 freq  -53176 path delay      4343
ptp4l[868560.277]: master offset         71 s2 freq  -53091 path delay      4343
ptp4l[868561.277]: master offset        149 s2 freq  -52991 path delay      4343
ptp4l[868562.277]: master offset        -68 s2 freq  -53164 path delay      4343
ptp4l[868563.277]: master offset        -44 s2 freq  -53160 path delay      4346
ptp4l[868564.277]: master offset        -25 s2 freq  -53154 path delay      4340
ptp4l[868565.277]: master offset       -197 s2 freq  -53334 path delay      4340
ptp4l[868566.277]: master offset        287 s2 freq  -52909 path delay      4338
ptp4l[868567.277]: master offset       -219 s2 freq  -53329 path delay      4383
ptp4l[868568.277]: master offset         75 s2 freq  -53101 path delay      4383
ptp4l[868569.277]: master offset        -48 s2 freq  -53201 path delay      4342
ptp4l[868570.277]: master offset        169 s2 freq  -52998 path delay      4331
ptp4l[868571.278]: master offset        -59 s2 freq  -53176 path delay      4331
ptp4l[868572.278]: master offset        -34 s2 freq  -53168 path delay      4323
ptp4l[868573.278]: master offset         62 s2 freq  -53083 path delay      4323
ptp4l[868574.278]: master offset         50 s2 freq  -53076 path delay      4323
ptp4l[868575.278]: master offset       -239 s2 freq  -53350 path delay      4331
ptp4l[868576.278]: master offset       -128 s2 freq  -53311 path delay      4331
ptp4l[868577.278]: master offset        140 s2 freq  -53081 path delay      4309
ptp4l[868578.278]: master offset         72 s2 freq  -53107 path delay      4301
ptp4l[868579.278]: master offset        -38 s2 freq  -53196 path delay      4301
ptp4l[868580.278]: master offset        339 s2 freq  -52830 path delay      4252
ptp4l[868581.278]: master offset       -230 s2 freq  -53297 path delay      4252
ptp4l[868582.278]: master offset         31 s2 freq  -53105 path delay      4234
ptp4l[868583.278]: master offset       -179 s2 freq  -53306 path delay      4234
ptp4l[868584.278]: master offset        137 s2 freq  -53044 path delay      4234
ptp4l[868585.278]: master offset       -162 s2 freq  -53302 path delay      4234
ptp4l[868586.278]: master offset        214 s2 freq  -52974 path delay      4273
ptp4l[868587.278]: master offset       -115 s2 freq  -53239 path delay      4299
ptp4l[868588.278]: master offset        -59 s2 freq  -53217 path delay      4299
ptp4l[868589.278]: master offset         75 s2 freq  -53101 path delay      4336
ptp4l[868590.278]: master offset        -95 s2 freq  -53249 path delay      4336
ptp4l[868591.278]: master offset       -146 s2 freq  -53328 path delay      4336
ptp4l[868592.278]: master offset        182 s2 freq  -53044 path delay      4336
ptp4l[868593.278]: master offset       -143 s2 freq  -53314 path delay      4351
ptp4l[868594.278]: master offset       -196 s2 freq  -53410 path delay      4351
ptp4l[868595.278]: master offset        129 s2 freq  -53144 path delay      4324
ptp4l[868596.278]: master offset        123 s2 freq  -53111 path delay      4283
ptp4l[868597.278]: master offset        193 s2 freq  -53004 path delay      4258
ptp4l[868598.278]: master offset        153 s2 freq  -52987 path delay      4258
ptp4l[868599.278]: master offset       -181 s2 freq  -53275 path delay      4258
ptp4l[868600.279]: master offset        -98 s2 freq  -53246 path delay      4224
ptp4l[868601.279]: master offset        -25 s2 freq  -53202 path delay      4224
ptp4l[868602.279]: master offset        111 s2 freq  -53074 path delay      4260
ptp4l[868603.279]: master offset       -246 s2 freq  -53398 path delay      4260
ptp4l[868604.279]: master offset         53 s2 freq  -53172 path delay      4224
ptp4l[868605.279]: master offset        134 s2 freq  -53075 path delay      4224
ptp4l[868606.279]: master offset       -114 s2 freq  -53283 path delay      4250
ptp4l[868607.279]: master offset        -47 s2 freq  -53250 path delay      4250
ptp4l[868608.279]: master offset        122 s2 freq  -53096 path delay      4299
ptp4l[868609.279]: master offset         60 s2 freq  -53121 path delay      4321
ptp4l[868610.279]: master offset       -273 s2 freq  -53436 path delay      4321
ptp4l[868611.279]: master offset        306 s2 freq  -52939 path delay      4299
ptp4l[868612.279]: master offset       -187 s2 freq  -53340 path delay      4299
ptp4l[868613.279]: master offset       -121 s2 freq  -53330 path delay      4293
ptp4l[868614.279]: master offset        153 s2 freq  -53092 path delay      4293
ptp4l[868615.279]: master offset         14 s2 freq  -53186 path delay      4290
ptp4l[868616.279]: master offset         30 s2 freq  -53165 path delay      4293
ptp4l[868617.279]: master offset        216 s2 freq  -52970 path delay      4290
ptp4l[868618.279]: master offset       -205 s2 freq  -53327 path delay      4290
ptp4l[868619.279]: master offset       -222 s2 freq  -53405 path delay      4279
ptp4l[868620.279]: master offset        190 s2 freq  -53060 path delay      4279
ptp4l[868621.279]: master offset       -122 s2 freq  -53315 path delay      4290
ptp4l[868622.279]: master offset        264 s2 freq  -52965 path delay      4295
ptp4l[868623.279]: master offset       -261 s2 freq  -53411 path delay      4316
ptp4l[868624.279]: master offset       -158 s2 freq  -53386 path delay      4316
ptp4l[868625.279]: master offset        171 s2 freq  -53105 path delay      4284
ptp4l[868626.280]: master offset        320 s2 freq  -52904 path delay      4316
ptp4l[868627.280]: master offset       -146 s2 freq  -53274 path delay      4316
ptp4l[868628.280]: master offset       -116 s2 freq  -53288 path delay      4316
ptp4l[868629.280]: master offset         41 s2 freq  -53166 path delay      4316
ptp4l[868630.280]: master offset         -5 s2 freq  -53200 path delay      4337
ptp4l[868631.280]: master offset       -270 s2 freq  -53466 path delay      4352
ptp4l[868632.280]: master offset        247 s2 freq  -53030 path delay      4352
ptp4l[868633.280]: master offset        -71 s2 freq  -53274 path delay      4400
ptp4l[868634.280]: master offset       -167 s2 freq  -53391 path delay      4400
ptp4l[868635.280]: master offset        -65 s2 freq  -53340 path delay      4400
ptp4l[868636.280]: master offset        368 s2 freq  -52926 path delay      4400
ptp4l[868637.280]: master offset        147 s2 freq  -53037 path delay      4400
ptp4l[868638.280]: master offset        -54 s2 freq  -53194 path delay      4400
ptp4l[868639.280]: master offset       -370 s2 freq  -53526 path delay      4400
ptp4l[868640.280]: master offset         16 s2 freq  -53251 path delay      4353
ptp4l[868641.280]: master offset         64 s2 freq  -53198 path delay      4353
ptp4l[868642.280]: master offset        232 s2 freq  -53011 path delay      4315
ptp4l[868643.280]: master offset        -43 s2 freq  -53216 path delay      4330
ptp4l[868644.280]: master offset        -80 s2 freq  -53266 path delay      4335
ptp4l[868645.280]: master offset        -14 s2 freq  -53224 path delay      4361
ptp4l[868646.280]: master offset         26 s2 freq  -53188 path delay      4361
ptp4l[868647.280]: master offset        -82 s2 freq  -53288 path delay      4387
ptp4l[868648.280]: master offset         81 s2 freq  -53150 path delay      4387
ptp4l[868649.280]: master offset       -169 s2 freq  -53376 path delay      4387
ptp4l[868650.280]: master offset        -98 s2 freq  -53355 path delay      4387
ptp4l[868651.280]: master offset        259 s2 freq  -53028 path delay      4361
ptp4l[868652.280]: master offset         24 s2 freq  -53185 path delay      4361
ptp4l[868653.280]: master offset       -225 s2 freq  -53427 path delay      4361
ptp4l[868654.280]: master offset         86 s2 freq  -53183 path delay      4361
ptp4l[868655.280]: master offset         34 s2 freq  -53210 path delay      4349
ptp4l[868656.281]: master offset        249 s2 freq  -52984 path delay      4339
ptp4l[868657.281]: master offset       -140 s2 freq  -53299 path delay      4345
ptp4l[868658.281]: master offset       -161 s2 freq  -53362 path delay      4345
ptp4l[868659.281]: master offset        -48 s2 freq  -53297 path delay      4314
ptp4l[868660.281]: master offset          1 s2 freq  -53262 path delay      4314
ptp4l[868661.281]: master offset        246 s2 freq  -53017 path delay      4320
ptp4l[868662.281]: master offset        -91 s2 freq  -53280 path delay      4320
ptp4l[868663.281]: master offset       -161 s2 freq  -53378 path delay      4343
ptp4l[868664.281]: master offset       -108 s2 freq  -53373 path delay      4343
ptp4l[868665.281]: master offset        497 s2 freq  -52800 path delay      4313
ptp4l[868666.281]: master offset        -97 s2 freq  -53245 path delay      4313
ptp4l[868667.281]: master offset        -83 s2 freq  -53260 path delay      4343
ptp4l[868668.281]: master offset       -129 s2 freq  -53331 path delay      4343
ptp4l[868669.281]: master offset         72 s2 freq  -53169 path delay      4343
ptp4l[868670.281]: master offset       -309 s2 freq  -53528 path delay      4343
ptp4l[868671.281]: master offset        255 s2 freq  -53057 path delay      4343
ptp4l[868672.281]: master offset       -192 s2 freq  -53428 path delay      4343
ptp4l[868673.281]: master offset        257 s2 freq  -53036 path delay      4343
ptp4l[868674.281]: master offset        -75 s2 freq  -53291 path delay      4368
ptp4l[868675.281]: master offset       -187 s2 freq  -53426 path delay      4368
ptp4l[868676.281]: master offset        -13 s2 freq  -53308 path delay      4341
ptp4l[868677.281]: master offset        179 s2 freq  -53120 path delay      4317
ptp4l[868678.281]: master offset        -77 s2 freq  -53322 path delay      4317
ptp4l[868679.281]: master offset        129 s2 freq  -53139 path delay      4256
ptp4l[868680.281]: master offset        338 s2 freq  -52891 path delay      4222
ptp4l[868681.281]: master offset       -133 s2 freq  -53261 path delay      4222
ptp4l[868682.281]: master offset       -131 s2 freq  -53299 path delay      4222
ptp4l[868683.281]: master offset         75 s2 freq  -53132 path delay      4225
ptp4l[868684.281]: master offset       -174 s2 freq  -53359 path delay      4253
ptp4l[868685.281]: master offset       -252 s2 freq  -53489 path delay      4274
ptp4l[868686.282]: master offset        213 s2 freq  -53099 path delay      4274
ptp4l[868687.282]: master offset       -131 s2 freq  -53379 path delay      4289
ptp4l[868688.282]: master offset        242 s2 freq  -53046 path delay      4303
ptp4l[868689.282]: master offset         24 s2 freq  -53191 path delay      4303
ptp4l[868690.282]: master offset       -229 s2 freq  -53437 path delay      4335
ptp4l[868691.282]: master offset        256 s2 freq  -53021 path delay      4335
ptp4l[868692.282]: master offset       -296 s2 freq  -53496 path delay      4381
ptp4l[868693.282]: master offset       -186 s2 freq  -53475 path delay      4381
ptp4l[868694.282]: master offset        191 s2 freq  -53153 path delay      4372
ptp4l[868695.282]: master offset        258 s2 freq  -53029 path delay      4372
ptp4l[868696.282]: master offset         31 s2 freq  -53179 path delay      4339
ptp4l[868697.282]: master offset       -193 s2 freq  -53393 path delay      4385
ptp4l[868698.282]: master offset         -3 s2 freq  -53261 path delay      4385
ptp4l[868699.282]: master offset        -33 s2 freq  -53292 path delay      4390
ptp4l[868700.282]: master offset         92 s2 freq  -53177 path delay      4390
ptp4l[868701.282]: master offset       -109 s2 freq  -53351 path delay      4390
ptp4l[868702.282]: master offset         66 s2 freq  -53208 path delay      4378
ptp4l[868703.282]: master offset       -142 s2 freq  -53396 path delay      4378
ptp4l[868704.282]: master offset        -38 s2 freq  -53335 path delay      4378
ptp4l[868705.282]: master offset        402 s2 freq  -52906 path delay      4358
ptp4l[868706.282]: master offset       -159 s2 freq  -53347 path delay      4378
ptp4l[868707.282]: master offset       -131 s2 freq  -53367 path delay      4378
ptp4l[868708.282]: master offset        117 s2 freq  -53158 path delay      4378
ptp4l[868709.282]: master offset         85 s2 freq  -53155 path delay      4399
ptp4l[868710.282]: master offset        -57 s2 freq  -53271 path delay      4399
ptp4l[868711.282]: master offset         40 s2 freq  -53191 path delay      4383
ptp4l[868712.282]: master offset        -91 s2 freq  -53310 path delay      4399
ptp4l[868713.282]: master offset        -86 s2 freq  -53333 path delay      4407
ptp4l[868714.282]: master offset        104 s2 freq  -53168 path delay      4391
ptp4l[868715.283]: master offset        -85 s2 freq  -53326 path delay      4411
ptp4l[868716.283]: master offset       -203 s2 freq  -53470 path delay      4395
ptp4l[868717.283]: master offset        248 s2 freq  -53080 path delay      4395
ptp4l[868718.283]: master offset        -12 s2 freq  -53265 path delay      4417
ptp4l[868719.283]: master offset         42 s2 freq  -53215 path delay      4417
ptp4l[868720.283]: master offset         12 s2 freq  -53232 path delay      4417
ptp4l[868721.283]: master offset       -139 s2 freq  -53380 path delay      4417
ptp4l[868722.283]: master offset         85 s2 freq  -53197 path delay      4417
ptp4l[868723.283]: master offset       -300 s2 freq  -53557 path delay      4448
ptp4l[868724.283]: master offset        330 s2 freq  -53017 path delay      4448
ptp4l[868725.283]: master offset       -223 s2 freq  -53471 path delay      4452
ptp4l[868726.283]: master offset        -28 s2 freq  -53343 path delay      4452
ptp4l[868727.283]: master offset        347 s2 freq  -52976 path delay      4331
ptp4l[868728.283]: master offset        149 s2 freq  -53070 path delay      4331
ptp4l[868729.283]: master offset       -295 s2 freq  -53469 path delay      4331
ptp4l[868730.283]: master offset        230 s2 freq  -53033 path delay      4331
ptp4l[868731.283]: master offset       -259 s2 freq  -53453 path delay      4365
ptp4l[868732.283]: master offset        -45 s2 freq  -53317 path delay      4331
ptp4l[868733.283]: master offset        146 s2 freq  -53139 path delay      4331
ptp4l[868734.283]: master offset       -181 s2 freq  -53422 path delay      4331
ptp4l[868735.283]: master offset        -66 s2 freq  -53362 path delay      4317
ptp4l[868736.283]: master offset        379 s2 freq  -52936 path delay      4282
ptp4l[868737.283]: master offset        -88 s2 freq  -53290 path delay      4320
ptp4l[868738.283]: master offset       -326 s2 freq  -53554 path delay      4325
ptp4l[868739.283]: master offset        177 s2 freq  -53149 path delay      4311
ptp4l[868740.283]: master offset        -16 s2 freq  -53289 path delay      4311
ptp4l[868741.283]: master offset         82 s2 freq  -53196 path delay      4262
ptp4l[868742.283]: master offset        149 s2 freq  -53104 path delay      4267
ptp4l[868743.283]: master offset         35 s2 freq  -53173 path delay      4267
ptp4l[868744.284]: master offset       -298 s2 freq  -53496 path delay      4267
ptp4l[868745.284]: master offset       -184 s2 freq  -53471 path delay      4267
ptp4l[868746.284]: master offset        232 s2 freq  -53110 path delay      4267
ptp4l[868747.284]: master offset        178 s2 freq  -53095 path delay      4267
ptp4l[868748.284]: master offset        -96 s2 freq  -53315 path delay      4267
ptp4l[868749.284]: master offset         64 s2 freq  -53184 path delay      4267
ptp4l[868750.284]: master offset        -49 s2 freq  -53278 path delay      4279
ptp4l[868751.284]: master offset       -251 s2 freq  -53495 path delay      4331
ptp4l[868752.284]: master offset        -94 s2 freq  -53413 path delay      4382
