0 49.60 °C
1 49.60 °C
3 49.60 °C
4 49.05 °C
5 49.60 °C
6 49.05 °C
7 49.60 °C
8 47.95 °C
9 49.60 °C
10 49.05 °C
11 49.05 °C
12 49.05 °C
13 48.50 °C
14 47.95 °C
15 49.60 °C
16 49.05 °C
17 49.60 °C
18 49.60 °C
19 49.60 °C
20 50.15 °C
21 49.60 °C
22 49.60 °C
23 49.60 °C
24 50.15 °C
25 49.05 °C
26 48.50 °C
27 49.05 °C
28 48.50 °C
29 49.60 °C
30 49.05 °C
31 49.60 °C
32 49.05 °C
33 48.50 °C
34 49.05 °C
35 48.50 °C
36 49.60 °C
37 49.60 °C
38 49.60 °C
39 49.05 °C
40 49.60 °C
41 49.60 °C
42 49.60 °C
43 47.95 °C
44 49.60 °C
45 49.60 °C
46 49.05 °C
47 49.05 °C
48 48.50 °C
49 49.60 °C
50 49.05 °C
51 47.95 °C
52 49.05 °C
53 49.05 °C
54 47.95 °C
55 47.95 °C
56 49.05 °C
57 49.60 °C
58 48.50 °C
59 47.40 °C
60 48.50 °C
61 48.50 °C
62 48.50 °C
63 47.95 °C
64 47.40 °C
65 48.50 °C
66 48.50 °C
67 49.60 °C
68 48.50 °C
69 47.95 °C
70 47.40 °C
71 49.05 °C
72 49.05 °C
73 48.50 °C
74 49.05 °C
75 49.05 °C
76 47.40 °C
77 48.50 °C
78 49.60 °C
79 49.05 °C
80 47.95 °C
81 47.95 °C
82 49.05 °C
83 47.95 °C
84 48.50 °C
85 48.50 °C
86 47.95 °C
87 47.40 °C
88 49.05 °C
89 48.50 °C
90 48.50 °C
91 47.95 °C
92 49.05 °C
93 47.40 °C
94 48.50 °C
95 49.05 °C
96 48.50 °C
97 47.95 °C
98 49.05 °C
100 47.40 °C
101 47.40 °C
102 48.50 °C
103 49.05 °C
104 48.50 °C
105 46.85 °C
106 47.95 °C
107 48.50 °C
108 48.50 °C
109 49.05 °C
110 48.50 °C
111 48.50 °C
112 48.50 °C
113 47.95 °C
114 49.05 °C
115 47.95 °C
116 47.40 °C
117 49.05 °C
118 49.05 °C
119 47.40 °C
120 46.85 °C
121 48.50 °C
122 48.50 °C
123 48.50 °C
124 47.40 °C
125 47.40 °C
126 47.95 °C
127 49.05 °C
128 48.50 °C
129 48.50 °C
130 47.95 °C
131 48.50 °C
132 48.50 °C
133 49.05 °C
134 49.05 °C
135 49.60 °C
136 47.95 °C
137 48.50 °C
138 48.50 °C
139 49.05 °C
140 49.05 °C
141 47.95 °C
142 47.95 °C
143 49.05 °C
144 49.05 °C
145 47.95 °C
146 48.50 °C
147 49.05 °C
148 46.85 °C
149 47.95 °C
150 48.50 °C
151 49.05 °C
152 48.50 °C
153 47.40 °C
154 47.40 °C
155 49.05 °C
156 49.05 °C
157 48.50 °C
158 49.05 °C
159 48.50 °C
160 49.05 °C
161 47.95 °C
162 48.50 °C
163 48.50 °C
164 49.05 °C
165 48.50 °C
166 47.95 °C
167 48.50 °C
168 47.40 °C
169 48.50 °C
170 48.50 °C
171 47.40 °C
172 48.50 °C
173 47.95 °C
174 47.40 °C
175 47.40 °C
176 47.95 °C
177 48.50 °C
178 48.50 °C
179 47.95 °C
180 49.05 °C
181 47.95 °C
182 47.40 °C
183 48.50 °C
184 48.50 °C
185 47.95 °C
186 47.95 °C
187 48.50 °C
188 48.50 °C
189 46.85 °C
190 48.50 °C
191 47.40 °C
192 47.40 °C
193 47.95 °C
194 47.40 °C
195 48.50 °C
197 48.50 °C
198 49.05 °C
199 47.95 °C
200 48.50 °C
201 47.40 °C
202 48.50 °C
203 49.05 °C
204 48.50 °C
205 48.50 °C
206 47.95 °C
207 47.40 °C
208 47.40 °C
209 48.50 °C
210 48.50 °C
211 47.95 °C
212 47.95 °C
213 47.95 °C
214 47.40 °C
215 48.50 °C
216 48.50 °C
217 49.05 °C
218 48.50 °C
219 47.95 °C
220 47.95 °C
221 48.50 °C
222 48.50 °C
223 47.40 °C
224 47.40 °C
225 48.50 °C
226 47.40 °C
227 48.50 °C
228 46.85 °C
229 48.50 °C
230 47.95 °C
231 48.50 °C
232 47.95 °C
233 48.50 °C
234 48.50 °C
235 48.50 °C
236 47.95 °C
237 49.05 °C
238 48.50 °C
239 48.50 °C
240 47.40 °C
241 47.95 °C
242 48.50 °C
243 48.50 °C
244 47.40 °C
245 47.95 °C
246 47.40 °C
247 49.05 °C
248 47.95 °C
249 48.50 °C
250 48.50 °C
251 49.05 °C
252 48.50 °C
253 48.50 °C
254 48.50 °C
255 48.50 °C
256 48.50 °C
257 48.50 °C
258 47.95 °C
259 47.40 °C
260 48.50 °C
261 48.50 °C
262 48.50 °C
263 47.95 °C
264 48.50 °C
265 48.50 °C
266 48.50 °C
267 48.50 °C
268 47.40 °C
269 46.85 °C
270 48.50 °C
271 47.40 °C
272 47.95 °C
273 48.50 °C
274 46.85 °C
275 47.95 °C
276 46.85 °C
277 46.85 °C
278 46.30 °C
279 47.95 °C
280 48.50 °C
281 48.50 °C
282 47.95 °C
283 47.40 °C
284 47.40 °C
285 47.95 °C
286 46.30 °C
287 47.40 °C
288 46.30 °C
289 47.40 °C
290 46.85 °C
291 47.40 °C
293 47.95 °C
294 46.30 °C
295 46.85 °C
296 46.85 °C
297 46.85 °C
298 46.30 °C
299 47.40 °C
300 46.30 °C
301 45.75 °C
302 46.30 °C
303 46.30 °C
304 45.75 °C
305 46.30 °C
306 45.75 °C
307 45.20 °C
308 45.75 °C
309 45.20 °C
310 46.30 °C
311 45.75 °C
312 45.75 °C
313 44.65 °C
314 46.30 °C
315 45.75 °C
316 46.30 °C
317 45.75 °C
318 44.65 °C
319 45.20 °C
320 46.30 °C
321 45.20 °C
322 45.75 °C
323 45.75 °C
324 45.75 °C
325 44.10 °C
326 44.65 °C
327 46.30 °C
328 45.20 °C
329 44.65 °C
330 45.20 °C
331 45.75 °C
332 45.75 °C
333 45.20 °C
334 44.10 °C
335 44.65 °C
336 45.75 °C
337 45.75 °C
338 45.75 °C
339 45.20 °C
340 45.75 °C
341 45.20 °C
342 44.65 °C
343 44.65 °C
344 45.75 °C
345 44.10 °C
346 44.65 °C
347 45.20 °C
348 45.20 °C
349 45.75 °C
350 44.65 °C
351 44.65 °C
352 45.20 °C
353 44.65 °C
354 45.20 °C
355 44.10 °C
356 45.20 °C
357 43.55 °C
358 45.20 °C
359 44.65 °C
360 44.65 °C
361 45.20 °C
362 45.20 °C
363 45.20 °C
364 44.10 °C
365 44.10 °C
366 45.20 °C
367 44.65 °C
368 44.65 °C
369 44.65 °C
370 43.55 °C
371 44.65 °C
372 44.65 °C
373 44.65 °C
374 43.55 °C
375 45.20 °C
376 44.10 °C
377 44.65 °C
378 44.65 °C
379 44.65 °C
380 44.65 °C
381 44.65 °C
382 44.65 °C
383 43.00 °C
384 44.10 °C
385 44.65 °C
386 44.65 °C
387 43.55 °C
388 44.10 °C
390 44.10 °C
391 43.00 °C
392 44.10 °C
393 43.55 °C
394 44.10 °C
395 44.65 °C
396 43.00 °C
397 44.10 °C
398 44.65 °C
399 43.55 °C
400 45.20 °C
401 44.10 °C
402 44.65 °C
403 44.65 °C
404 44.65 °C
405 44.10 °C
406 44.10 °C
407 44.10 °C
408 43.55 °C
409 44.10 °C
410 44.10 °C
411 44.10 °C
412 43.55 °C
413 44.10 °C
414 43.55 °C
415 44.10 °C
416 44.10 °C
417 43.00 °C
418 44.10 °C
419 43.00 °C
420 44.10 °C
421 43.00 °C
422 43.55 °C
423 44.10 °C
424 43.00 °C
425 43.00 °C
426 43.55 °C
427 43.55 °C
428 44.10 °C
429 43.55 °C
430 43.55 °C
431 44.10 °C
432 43.55 °C
433 42.45 °C
434 42.45 °C
435 43.55 °C
436 44.10 °C
437 44.10 °C
438 43.00 °C
439 43.00 °C
440 43.55 °C
441 43.00 °C
442 43.55 °C
443 43.55 °C
444 43.00 °C
445 43.55 °C
446 43.00 °C
447 43.55 °C
448 42.45 °C
449 43.55 °C
450 41.35 °C
451 41.90 °C
452 41.90 °C
453 43.00 °C
454 41.90 °C
455 43.55 °C
456 43.00 °C
457 41.35 °C
458 43.00 °C
459 43.00 °C
460 43.00 °C
461 43.00 °C
462 42.45 °C
463 43.00 °C
464 41.90 °C
465 41.90 °C
466 43.00 °C
467 41.90 °C
468 42.45 °C
469 41.35 °C
470 41.90 °C
471 43.00 °C
472 42.45 °C
473 42.45 °C
474 42.45 °C
475 43.00 °C
476 43.00 °C
477 41.35 °C
478 41.90 °C
479 41.35 °C
480 41.90 °C
481 43.00 °C
482 41.35 °C
483 42.45 °C
484 41.90 °C
485 42.45 °C
486 42.45 °C
488 41.90 °C
489 42.45 °C
490 42.45 °C
491 42.45 °C
492 41.90 °C
493 42.45 °C
494 41.90 °C
495 41.90 °C
496 41.90 °C
497 41.35 °C
498 42.45 °C
499 41.90 °C
500 42.45 °C
501 40.25 °C
502 41.35 °C
503 41.90 °C
504 40.25 °C
505 41.35 °C
506 41.90 °C
507 41.35 °C
508 41.90 °C
509 40.80 °C
510 41.35 °C
511 40.80 °C
512 41.35 °C
513 41.35 °C
514 40.25 °C
515 40.25 °C
516 41.35 °C
517 40.80 °C
518 40.25 °C
519 41.90 °C
520 40.25 °C
521 39.70 °C
522 40.25 °C
523 40.80 °C
524 40.25 °C
525 39.70 °C
526 41.35 °C
527 41.90 °C
528 41.35 °C
529 40.80 °C
530 40.80 °C
531 40.25 °C
532 40.80 °C
533 40.25 °C
534 40.25 °C
535 40.25 °C
536 41.35 °C
537 39.70 °C
538 39.70 °C
539 39.70 °C
540 40.25 °C
541 40.25 °C
542 40.80 °C
543 40.80 °C
544 39.70 °C
545 40.80 °C
546 40.80 °C
547 40.80 °C
548 39.70 °C
549 39.70 °C
550 39.70 °C
551 39.70 °C
552 40.25 °C
553 39.70 °C
554 39.70 °C
555 40.80 °C
556 40.80 °C
557 39.70 °C
558 39.70 °C
559 40.25 °C
560 39.70 °C
561 40.80 °C
562 40.25 °C
563 39.70 °C
564 40.25 °C
565 40.25 °C
566 40.80 °C
567 40.25 °C
568 39.15 °C
569 40.25 °C
570 39.70 °C
571 40.80 °C
572 39.70 °C
573 40.80 °C
574 39.15 °C
575 39.70 °C
576 39.15 °C
577 38.60 °C
578 39.15 °C
579 39.70 °C
580 39.70 °C
581 40.80 °C
582 40.25 °C
583 38.60 °C
585 40.25 °C
586 38.60 °C
587 40.25 °C
588 39.15 °C
589 39.15 °C
590 39.70 °C
591 40.25 °C
592 40.25 °C
593 39.15 °C
594 40.80 °C
595 39.15 °C
596 39.70 °C
597 38.60 °C
598 39.15 °C
599 38.60 °C
600 39.15 °C
601 39.15 °C
602 38.60 °C
603 39.15 °C
604 39.15 °C
605 38.60 °C
606 38.60 °C
607 39.15 °C
608 38.60 °C
609 38.05 °C
610 39.15 °C
611 38.60 °C
612 38.60 °C
613 38.60 °C
614 38.60 °C
615 37.50 °C
616 38.60 °C
617 38.60 °C
618 38.60 °C
619 38.60 °C
620 38.60 °C
621 38.05 °C
622 36.95 °C
623 38.60 °C
624 36.40 °C
625 36.95 °C
626 38.05 °C
627 36.40 °C
628 36.95 °C
629 36.95 °C
630 36.40 °C
631 38.05 °C
632 38.05 °C
633 38.05 °C
634 37.50 °C
635 37.50 °C
636 36.95 °C
637 37.50 °C
638 36.40 °C
639 37.50 °C
640 37.50 °C
641 36.40 °C
642 36.95 °C
643 36.95 °C
644 36.95 °C
645 37.50 °C
646 36.95 °C
647 35.85 °C
648 37.50 °C
649 35.85 °C
650 36.40 °C
651 37.50 °C
652 37.50 °C
653 36.40 °C
654 36.95 °C
655 36.95 °C
656 35.85 °C
657 37.50 °C
658 36.95 °C
659 37.50 °C
660 36.95 °C
661 36.95 °C
662 36.95 °C
663 36.95 °C
664 36.40 °C
665 36.40 °C
666 36.95 °C
667 37.50 °C
668 36.95 °C
669 36.95 °C
670 36.95 °C
671 37.50 °C
672 37.50 °C
673 36.40 °C
674 36.40 °C
675 36.40 °C
676 37.50 °C
677 36.95 °C
678 37.50 °C
679 36.95 °C
680 37.50 °C
681 36.40 °C
682 37.50 °C
684 36.40 °C
685 36.95 °C
686 36.40 °C
687 37.50 °C
688 37.50 °C
689 37.50 °C
690 36.95 °C
691 36.40 °C
692 37.50 °C
693 37.50 °C
694 35.85 °C
695 36.95 °C
696 36.95 °C
697 36.95 °C
698 36.95 °C
699 37.50 °C
700 35.30 °C
701 36.95 °C
702 36.95 °C
703 36.95 °C
704 37.50 °C
705 37.50 °C
706 35.85 °C
707 35.85 °C
708 36.40 °C
709 35.30 °C
710 36.95 °C
711 36.95 °C
712 35.85 °C
713 37.50 °C
714 36.95 °C
715 36.95 °C
716 37.50 °C
717 36.95 °C
718 36.40 °C
719 35.85 °C
720 36.95 °C
721 36.95 °C
722 37.50 °C
723 36.40 °C
724 35.85 °C
725 36.95 °C
726 35.85 °C
727 36.95 °C
728 37.50 °C
729 37.50 °C
730 35.85 °C
731 36.95 °C
732 37.50 °C
733 37.50 °C
734 37.50 °C
735 35.85 °C
736 37.50 °C
737 36.95 °C
738 36.40 °C
739 36.95 °C
740 36.95 °C
741 37.50 °C
742 35.85 °C
743 36.40 °C
744 36.95 °C
745 36.95 °C
746 36.95 °C
747 37.50 °C
748 35.85 °C
749 35.85 °C
750 36.95 °C
751 35.85 °C
752 36.95 °C
753 35.85 °C
754 35.85 °C
755 37.50 °C
756 36.40 °C
757 37.50 °C
758 36.40 °C
759 36.95 °C
760 36.95 °C
761 36.95 °C
762 37.50 °C
763 37.50 °C
764 35.85 °C
765 37.50 °C
766 37.50 °C
767 37.50 °C
768 36.95 °C
769 38.05 °C
770 36.95 °C
771 36.95 °C
772 36.95 °C
773 36.95 °C
774 37.50 °C
775 36.95 °C
776 37.50 °C
777 36.95 °C
778 36.95 °C
780 36.95 °C
781 35.85 °C
782 36.95 °C
783 36.95 °C
784 36.40 °C
785 37.50 °C
786 37.50 °C
787 36.95 °C
788 36.40 °C
789 35.85 °C
790 37.50 °C
791 35.85 °C
792 36.40 °C
793 35.85 °C
794 35.85 °C
795 37.50 °C
796 36.95 °C
797 36.95 °C
798 37.50 °C
799 37.50 °C
800 36.40 °C
801 35.85 °C
802 36.40 °C
803 37.50 °C
804 37.50 °C
805 36.40 °C
806 36.40 °C
807 35.85 °C
808 37.50 °C
809 37.50 °C
810 37.50 °C
811 37.50 °C
812 36.95 °C
813 36.40 °C
814 37.50 °C
815 37.50 °C
816 36.95 °C
817 35.85 °C
818 36.95 °C
819 37.50 °C
820 35.85 °C
821 35.85 °C
822 36.95 °C
823 35.30 °C
824 36.40 °C
825 36.95 °C
826 36.40 °C
827 36.95 °C
828 36.95 °C
829 36.95 °C
830 36.95 °C
831 36.40 °C
832 36.40 °C
833 36.40 °C
834 36.95 °C
835 36.95 °C
836 36.40 °C
837 35.30 °C
838 36.95 °C
839 36.40 °C
840 37.50 °C
841 36.40 °C
842 36.40 °C
843 36.40 °C
844 36.40 °C
845 36.40 °C
846 36.95 °C
847 35.85 °C
848 36.40 °C
849 36.95 °C
850 35.85 °C
851 36.40 °C
852 36.95 °C
853 35.85 °C
854 37.50 °C
855 35.85 °C
856 36.95 °C
857 36.95 °C
858 36.40 °C
859 36.95 °C
860 36.40 °C
861 36.40 °C
862 36.95 °C
863 35.85 °C
864 35.85 °C
865 35.30 °C
866 35.85 °C
867 36.95 °C
868 36.40 °C
869 36.95 °C
870 36.40 °C
871 36.95 °C
872 36.95 °C
873 36.95 °C
874 35.85 °C
875 36.95 °C
876 37.50 °C
878 36.40 °C
879 36.40 °C
880 36.40 °C
881 35.85 °C
882 36.40 °C
883 36.40 °C
884 36.95 °C
885 36.40 °C
886 36.40 °C
887 36.95 °C
888 35.85 °C
889 36.40 °C
890 36.95 °C
891 36.95 °C
892 36.95 °C
893 36.95 °C
894 36.40 °C
895 35.85 °C
896 35.30 °C
897 35.85 °C
898 36.95 °C
899 35.30 °C
900 35.85 °C
901 36.95 °C
902 35.85 °C
903 36.40 °C
904 35.85 °C
905 35.30 °C
906 36.40 °C
907 36.95 °C
908 36.40 °C
909 36.40 °C
910 35.85 °C
911 35.30 °C
912 35.30 °C
913 35.85 °C
914 36.40 °C
915 35.85 °C
916 36.40 °C
917 35.85 °C
918 35.85 °C
919 35.30 °C
920 36.40 °C
921 35.30 °C
922 36.95 °C
923 36.40 °C
924 36.40 °C
925 36.40 °C
926 36.40 °C
927 35.85 °C
928 35.30 °C
929 36.40 °C
930 35.30 °C
931 36.95 °C
932 36.40 °C
933 36.40 °C
934 35.30 °C
935 36.40 °C
936 35.85 °C
937 35.85 °C
938 35.85 °C
939 35.30 °C
940 34.75 °C
941 35.85 °C
942 36.40 °C
943 35.85 °C
944 36.40 °C
945 36.95 °C
946 35.30 °C
947 36.40 °C
948 36.95 °C
949 34.75 °C
950 36.40 °C
951 36.40 °C
952 35.30 °C
953 35.85 °C
954 35.85 °C
955 36.40 °C
956 36.40 °C
957 36.40 °C
958 36.40 °C
959 35.30 °C
960 35.85 °C
961 36.40 °C
962 35.85 °C
963 36.40 °C
964 36.95 °C
965 35.85 °C
966 36.40 °C
967 36.40 °C
968 35.85 °C
969 35.85 °C
971 35.85 °C
972 36.40 °C
973 35.30 °C
974 35.85 °C
975 35.30 °C
976 36.40 °C
977 36.95 °C
978 34.75 °C
979 36.40 °C
980 35.30 °C
981 35.30 °C
982 35.30 °C
983 36.95 °C
984 35.85 °C
985 35.85 °C
986 36.95 °C
987 35.85 °C
988 36.40 °C
989 34.75 °C
990 36.40 °C
991 34.75 °C
992 36.40 °C
993 36.40 °C
994 36.40 °C
995 36.95 °C
996 36.40 °C
997 36.40 °C
998 36.40 °C
999 35.85 °C
1000 36.95 °C
1001 36.95 °C
1002 35.30 °C
1003 34.75 °C
1004 36.40 °C
1005 36.40 °C
1006 34.75 °C
1007 36.40 °C
1008 36.40 °C
1009 36.40 °C
1010 36.95 °C
1011 35.30 °C
1012 36.95 °C
1013 35.30 °C
1014 36.95 °C
1015 36.40 °C
1016 35.30 °C
1017 35.85 °C
1018 35.30 °C
1019 36.95 °C
1020 35.30 °C
1021 36.40 °C
1022 36.95 °C
1023 36.95 °C
1024 35.85 °C
1025 36.40 °C
1026 36.40 °C
1027 36.95 °C
1028 36.40 °C
1029 36.95 °C
1030 35.85 °C
1031 35.30 °C
1032 35.30 °C
1033 37.50 °C
1034 36.95 °C
1035 36.95 °C
1036 36.40 °C
1037 35.30 °C
1038 36.95 °C
1039 36.95 °C
1040 36.95 °C
1041 35.85 °C
1042 36.40 °C
1043 35.30 °C
1044 36.95 °C
1045 35.30 °C
1046 36.95 °C
1047 35.85 °C
1048 35.85 °C
1049 36.95 °C
1050 36.95 °C
1051 36.95 °C
1052 36.95 °C
1053 35.30 °C
1054 36.95 °C
1055 36.40 °C
1056 35.85 °C
1057 36.95 °C
1058 36.40 °C
1059 36.95 °C
1060 35.85 °C
1061 35.85 °C
1062 36.95 °C
1063 36.40 °C
1064 36.40 °C
1066 35.85 °C
1067 36.40 °C
1068 36.95 °C
1069 36.95 °C
1070 36.95 °C
1071 36.95 °C
1072 36.40 °C
1073 36.95 °C
1074 36.40 °C
1075 37.50 °C
1076 36.40 °C
1077 36.95 °C
1078 36.95 °C
1079 36.95 °C
1080 36.95 °C
1081 37.50 °C
1082 35.85 °C
1083 36.40 °C
1084 36.95 °C
1085 36.95 °C
1086 36.95 °C
1087 36.95 °C
1088 36.95 °C
1089 35.30 °C
1090 37.50 °C
1091 35.85 °C
1092 37.50 °C
1093 36.95 °C
1094 36.95 °C
1095 36.95 °C
1096 36.40 °C
1097 37.50 °C
1098 36.95 °C
1099 36.95 °C
1100 36.95 °C
1101 36.95 °C
1102 36.40 °C
1103 36.95 °C
1104 36.40 °C
1105 37.50 °C
1106 37.50 °C
1107 36.40 °C
1108 36.40 °C
1109 36.40 °C
1110 37.50 °C
1111 36.40 °C
1112 37.50 °C
1113 36.95 °C
1114 37.50 °C
1115 36.95 °C
1116 35.85 °C
1117 36.95 °C
1118 35.85 °C
1119 36.95 °C
1120 36.95 °C
1121 37.50 °C
1122 37.50 °C
1123 35.85 °C
1124 35.85 °C
1125 36.95 °C
1126 37.50 °C
1127 36.95 °C
1128 37.50 °C
1129 35.85 °C
1130 36.40 °C
1131 36.40 °C
1132 35.30 °C
1133 36.40 °C
1134 35.85 °C
1135 35.85 °C
1136 36.95 °C
1137 35.30 °C
1138 37.50 °C
1139 37.50 °C
1140 36.95 °C
1141 36.40 °C
1142 37.50 °C
1143 36.95 °C
1144 36.95 °C
1145 35.30 °C
1146 35.85 °C
1147 36.40 °C
1148 36.40 °C
1149 36.95 °C
1150 37.50 °C
1151 35.85 °C
1152 36.95 °C
1153 37.50 °C
1154 36.95 °C
1155 36.40 °C
1156 37.50 °C
1157 37.50 °C
1159 37.50 °C
1160 36.95 °C
1161 37.50 °C
1162 36.95 °C
1163 36.95 °C
1164 36.40 °C
1165 36.40 °C
1166 36.95 °C
1167 36.95 °C
1168 37.50 °C
1169 36.95 °C
1170 36.40 °C
1171 37.50 °C
1172 37.50 °C
1173 37.50 °C
1174 36.95 °C
1175 36.95 °C
1176 36.40 °C
1177 36.40 °C
1178 35.85 °C
1179 36.95 °C
1180 36.95 °C
1181 36.40 °C
1182 37.50 °C
1183 37.50 °C
1184 37.50 °C
1185 35.85 °C
1186 36.95 °C
1187 36.40 °C
1188 36.95 °C
1189 36.95 °C
1190 36.40 °C
1191 37.50 °C
1192 37.50 °C
1193 36.95 °C
1194 37.50 °C
1195 37.50 °C
1196 37.50 °C
1197 36.40 °C
1198 37.50 °C
1199 35.85 °C
1200 36.95 °C
1201 35.85 °C
1202 37.50 °C
1203 36.95 °C
1204 37.50 °C
1205 36.95 °C
1206 37.50 °C
1207 36.40 °C
1208 37.50 °C
1209 36.95 °C
1210 36.95 °C
1211 37.50 °C
1212 36.95 °C
1213 35.85 °C
1214 37.50 °C
1215 37.50 °C
1216 37.50 °C
1217 36.40 °C
1218 36.40 °C
1219 36.95 °C
1220 37.50 °C
1221 35.85 °C
1222 36.95 °C
1223 36.95 °C
1224 37.50 °C
1225 37.50 °C
1226 36.40 °C
1227 37.50 °C
