[2025-02-22 12:54:44] [192.168.100.101] ----------------------------------------------------------------------
[2025-02-22 12:54:44] [192.168.100.101] 开始测试迭代: a=0, b=2
[2025-02-22 12:54:44] [192.168.100.101] 执行 '/root/timesync/ptpatr/test/test-servers.sh -a 0 -b 2'...
[2025-02-22 12:54:44] [192.168.100.101] '/root/timesync/ptpatr/test/test-servers.sh' 已以 PID 937064 启动。等待 7200 秒...
/root/timesync/ptpatr/test/servers-seu.txt
ping 192.168.100.146 ok
/root/timesync/ptpatr/test/test.sh -c 192.168.100.146 -i eth0 -a 0 -b 2
937419 /root/timesync/ptpatr/test/aarch64/timetool
937420 /root/timesync/ptpatr/test/aarch64/ptp4l -m -H -i eth0 -s
937422 /root/timesync/ptpatr/cmake-build-debug/ptpatr -c 192.168.100.146 -s -a 0 -b 2
170.901
169.486
137.769
-70.674
16.099
42.796
69.871
171.041
198.279
225.574
254.825
282.415
316.382
342.764
369.784
396.425
423.022
449.863
476.477
503.357
530.122
557.274
584.127
611.070
638.005
664.613
691.807
718.443
745.170
772.176
799.158
826.157
852.747
879.490
880.662
877.796
875.172
872.601
869.888
867.254
864.472
861.659
858.064
854.441
850.907
847.576
844.015
840.496
837.035
1354.283
1373.335
1369.605
1365.943
1378.859
1375.324
1389.851
1386.143
1382.484
1378.826
1375.498
1405.732
1402.137
1432.293
1432.103
1431.979
1431.444
1431.071
1430.960
1430.855
1430.546
1430.206
1429.982
1429.745
1429.452
1429.211
1428.913
1428.737
1428.532
1428.205
1427.772
1427.763
1427.504
1427.252
1427.062
1426.521
1425.529
1424.580
1423.662
1422.631
1421.586
1420.535
1419.606
1418.701
1417.754
1416.772
1415.942
1414.937
1413.882
1412.841
1412.337
1412.227
1412.135
1412.103
1412.193
1412.056
1412.030
1411.917
1411.791
1412.006
1411.813
1411.671
1411.612
1411.586
1411.385
1411.283
1411.212
1411.307
1411.359
1411.371
1411.475
1411.491
1411.479
1411.403
1411.455
1411.417
1411.316
1411.247
1411.318
1411.595
1411.682
525.049
525.004
524.944
520.195
520.041
519.934
519.102
518.880
488.334
488.139
487.866
487.741
492.956
492.972
492.888
492.986
492.946
492.729
486.151
485.999
486.127
486.027
485.829
485.741
485.786
485.822
485.738
485.594
485.297
485.455
485.357
485.231
485.231
485.196
485.273
485.201
484.999
484.808
484.937
484.738
484.702
484.560
484.386
484.283
484.413
484.455
484.368
484.244
484.071
484.057
484.123
483.993
483.885
483.888
483.847
483.826
483.695
483.450
483.347
483.478
483.362
483.224
483.216
483.192
483.291
483.183
483.101
483.089
483.136
483.053
482.735
482.432
482.462
482.439
482.427
482.291
482.199
482.205
482.057
481.706
481.603
481.560
481.493
481.312
481.029
480.754
480.617
480.754
480.440
480.430
480.316
480.038
479.847
479.895
479.914
479.831
479.604
479.171
478.920
478.955
478.860
478.631
478.714
478.524
478.408
478.224
477.948
477.757
477.913
477.789
477.622
477.504
477.383
477.242
476.983
476.792
476.616
476.568
476.454
476.364
476.172
475.968
475.927
475.935
475.762
475.550
475.261
475.045
474.839
474.684
474.534
474.300
474.267
474.084
473.883
473.622
473.509
473.247
472.973
472.816
472.751
472.772
472.442
472.228
472.014
471.722
471.496
471.549
471.363
471.208
471.085
470.888
470.699
470.392
470.023
469.733
469.505
469.374
469.308
469.201
469.074
468.843
468.594
468.333
468.242
468.218
468.075
467.978
467.763
467.396
467.092
466.919
466.593
466.464
466.386
466.338
466.292
466.050
465.898
465.750
465.333
465.256
464.892
464.690
464.512
464.371
464.217
464.036
463.795
463.483
463.318
463.143
463.137
462.892
462.467
462.067
461.831
461.524
461.123
460.625
460.422
460.076
459.711
459.385
459.101
458.705
458.390
458.022
457.618
457.265
457.005
456.748
456.386
455.999
455.720
455.269
454.797
454.487
454.229
453.969
453.594
453.313
452.893
452.451
452.214
451.856
451.534
451.223
450.763
450.515
450.130
449.748
449.444
449.177
448.695
448.333
447.965
447.718
447.595
447.473
446.968
446.611
446.338
446.083
445.608
445.044
444.803
444.643
444.240
443.863
443.426
443.133
442.820
442.558
442.130
441.779
441.418
441.084
440.858
440.411
440.072
439.766
439.464
439.139
438.756
438.371
438.149
438.037
437.584
437.299
436.903
436.555
436.224
435.934
435.463
435.127
434.818
434.443
433.981
433.738
433.494
433.190
432.911
432.574
432.205
431.814
431.454
431.144
430.923
430.605
430.188
429.876
429.552
429.136
428.780
428.464
428.088
427.560
427.379
426.993
426.595
426.309
426.106
425.591
425.364
425.069
424.642
424.404
424.147
423.786
423.337
423.037
422.796
422.384
422.202
421.958
421.609
421.082
420.674
420.336
419.999
419.625
419.376
418.965
418.540
418.246
417.984
417.611
417.555
417.429
417.307
417.299
417.111
416.849
416.731
416.697
416.566
416.282
416.151
416.010
415.742
415.602
415.469
415.396
415.257
415.091
415.069
414.762
414.711
414.491
414.263
414.186
414.142
413.995
413.778
413.544
413.319
413.418
413.209
413.003
412.848
412.783
412.434
412.301
412.217
412.133
411.880
411.907
411.789
411.555
411.343
411.434
411.232
411.093
410.993
410.783
410.484
410.185
410.091
410.026
409.893
409.557
409.584
409.557
409.359
409.170
409.099
408.735
408.608
408.655
408.582
408.304
408.140
408.124
407.908
407.473
407.349
407.219
407.200
407.218
407.076
406.886
406.881
406.665
406.384
406.063
405.952
405.988
405.994
405.849
405.483
405.303
405.076
404.932
404.783
404.626
404.675
404.597
404.389
404.137
403.996
403.984
403.739
403.536
403.557
403.257
403.287
403.228
403.096
402.865
402.556
402.568
402.443
402.199
401.796
401.686
401.617
401.455
401.322
401.183
400.975
400.904
400.739
400.618
400.539
400.451
400.412
400.285
400.096
399.787
399.749
399.593
399.392
399.241
399.115
399.070
398.949
398.806
398.641
398.616
398.608
398.560
398.454
398.302
398.319
398.243
398.215
398.058
397.832
397.617
397.508
397.477
397.421
397.193
396.988
396.927
396.798
396.656
396.579
396.468
396.412
396.437
396.456
396.376
396.361
396.105
395.818
395.729
395.683
395.489
395.366
395.247
395.120
395.100
394.999
395.034
394.973
394.828
394.776
394.596
394.366
394.280
394.332
394.283
394.032
393.968
393.901
393.810
393.644
393.744
393.657
393.483
393.311
393.053
393.162
393.065
393.029
393.058
392.855
392.707
392.689
392.557
392.210
392.084
392.204
392.229
392.031
391.866
391.956
391.779
391.806
391.836
391.729
391.582
391.499
391.412
391.426
391.459
391.541
391.454
391.388
391.474
391.492
391.216
391.194
391.189
391.244
391.127
391.070
391.134
391.052
390.993
390.931
390.999
390.895
390.754
390.725
390.959
390.874
390.685
390.613
390.711
390.743
390.724
390.569
390.435
390.385
390.355
390.523
390.415
390.293
390.179
390.151
390.127
390.097
390.107
390.124
390.054
389.838
389.769
389.741
389.809
389.685
389.744
389.724
389.599
389.403
389.298
389.342
389.360
389.240
389.039
388.977
388.867
388.878
388.912
388.840
388.869
388.667
388.679
388.641
388.442
388.462
388.579
388.573
388.451
388.275
388.277
388.122
388.010
388.096
388.211
387.995
387.841
387.709
387.630
387.570
387.359
387.398
387.333
387.178
387.196
387.263
387.205
387.071
387.060
386.980
386.807
386.694
386.572
386.468
386.505
386.460
386.522
386.538
386.504
386.277
386.269
386.195
386.126
386.029
386.085
386.219
386.005
385.791
385.742
385.631
385.610
385.604
385.587
385.511
385.315
385.151
385.126
385.107
385.111
384.938
384.856
384.898
385.003
384.973
384.812
384.730
384.573
384.417
384.278
384.143
384.276
384.244
384.255
384.188
383.941
383.875
383.791
383.774
383.752
383.817
383.854
383.763
383.632
383.638
383.329
383.303
383.225
383.105
383.005
382.955
383.088
383.099
382.840
382.637
382.672
382.842
382.892
382.748
382.775
382.655
382.441
382.313
382.373
382.330
382.193
382.096
382.061
382.053
381.984
381.969
381.903
381.804
381.631
381.418
381.344
381.287
381.299
381.332
381.189
381.166
381.040
380.960
380.889
380.791
380.896
380.795
380.719
380.652
380.670
380.593
380.585
380.568
380.487
380.329
380.345
380.236
380.057
379.843
379.744
379.646
379.609
379.614
379.770
379.894
379.712
379.456
379.229
379.209
379.117
379.195
379.212
379.279
379.352
378.986
378.905
378.798
378.711
378.832
378.679
378.697
378.657
378.546
378.520
378.416
378.199
378.067
378.072
377.999
378.044
378.106
378.082
378.017
377.968
378.059
377.937
377.737
377.518
377.408
377.460
377.511
377.589
377.516
377.596
377.382
377.266
377.208
377.075
377.194
377.259
377.294
377.289
377.209
376.907
376.765
376.863
376.941
376.874
376.878
376.977
377.035
376.849
376.808
376.763
376.794
376.833
376.768
376.444
376.313
376.473
376.496
376.373
376.570
376.309
376.199
376.105
376.104
376.362
376.467
376.496
376.548
376.530
376.318
376.119
375.983
375.930
375.933
376.006
375.916
375.907
375.914
376.052
375.931
375.987
375.932
375.898
375.886
375.919
375.847
375.795
375.687
375.603
375.496
375.438
375.504
375.581
375.488
375.555
375.353
375.225
375.342
375.346
375.159
375.162
375.192
375.104
375.036
374.900
374.814
374.773
374.730
374.762
374.936
374.937
374.858
374.777
374.851
374.818
374.657
374.494
374.395
374.357
374.341
374.396
374.475
374.554
374.319
374.322
374.301
374.263
374.128
374.183
374.262
374.248
374.106
373.833
374.032
374.079
374.034
373.835
373.668
373.775
373.826
373.812
373.958
373.774
373.610
373.631
373.637
373.542
373.445
373.420
373.448
373.529
373.662
373.448
373.318
373.348
373.409
373.335
373.233
373.160
373.268
373.335
373.054
373.145
373.207
373.177
373.106
373.090
372.758
372.794
372.846
372.838
372.841
372.649
372.538
372.519
372.631
372.790
372.815
372.663
372.529
372.549
372.690
372.594
372.533
372.499
372.209
372.388
372.289
372.126
372.025
372.014
372.037
371.954
371.917
371.945
371.894
371.710
371.729
371.764
371.752
371.750
371.711
371.664
371.611
371.515
371.419
371.444
371.328
371.221
371.056
371.087
371.165
371.231
371.167
370.928
370.866
370.744
370.546
370.544
370.734
370.571
370.431
370.403
370.528
370.454
370.236
370.231
370.219
370.269
370.338
370.363
370.216
370.187
370.187
370.047
370.035
369.894
369.825
369.901
369.763
369.874
369.750
369.641
369.578
369.528
369.638
369.467
369.434
369.531
369.666
369.574
369.350
369.206
369.266
369.474
369.318
369.077
368.975
369.045
369.136
368.971
368.810
368.794
368.852
368.748
368.940
368.825
368.589
368.385
368.454
368.562
368.677
368.589
368.432
368.254
368.234
368.342
368.393
368.393
368.220
368.120
368.117
368.047
367.853
368.025
368.089
368.024
367.924
367.577
367.797
367.873
367.807
367.543
367.360
367.507
367.499
367.456
367.336
367.426
367.368
367.332
367.326
367.351
367.523
367.520
367.534
367.392
367.022
367.168
367.034
366.954
367.056
367.204
367.110
367.144
366.985
366.776
366.981
366.875
366.855
366.803
366.768
366.765
366.662
366.702
366.578
366.408
366.517
366.472
366.362
366.343
366.300
366.564
366.397
366.327
366.343
366.295
366.108
366.058
366.130
366.126
365.958
366.010
366.031
365.907
365.854
365.868
365.641
365.613
365.503
365.460
365.662
365.709
365.639
365.498
365.282
365.141
365.163
365.202
365.249
365.240
365.303
365.189
365.111
365.112
365.104
364.992
364.828
364.807
364.792
364.851
364.844
364.658
364.561
364.479
364.483
364.472
364.545
364.554
364.522
364.372
364.257
364.321
364.295
364.208
364.229
364.275
364.063
363.976
364.010
364.136
363.975
363.766
363.854
363.852
363.598
363.661
363.592
363.635
363.774
363.704
363.702
363.553
363.473
363.415
363.244
363.113
362.944
362.975
363.047
363.059
363.196
363.055
362.902
362.794
362.682
362.630
362.590
362.576
362.530
362.761
362.729
362.519
362.454
362.407
362.266
362.217
362.291
362.329
362.171
362.222
362.139
362.026
361.943
362.018
362.045
361.823
361.775
361.712
361.646
361.670
361.510
361.528
361.505
361.551
361.471
361.329
361.178
361.056
360.966
360.984
360.962
361.029
361.065
360.957
360.972
360.931
360.727
360.542
360.443
360.446
360.529
360.560
360.416
360.287
360.381
360.251
360.078
360.031
360.028
359.969
359.806
359.671
359.655
359.780
359.758
359.620
359.525
359.503
359.435
359.598
359.413
359.249
359.365
359.317
359.263
359.238
359.159
359.068
359.094
359.032
358.937
358.851
358.861
358.870
358.802
358.724
358.568
358.321
358.264
358.241
358.293
358.274
358.114
358.119
358.010
357.960
357.858
357.727
357.727
357.845
357.928
357.849
357.799
357.609
357.430
357.261
357.132
357.221
357.148
357.114
357.017
356.880
356.845
356.735
356.692
356.661
356.549
356.502
356.375
356.543
356.530
356.414
356.367
356.340
356.362
356.175
355.991
355.887
355.910
355.972
356.051
355.993
355.739
355.498
355.362
355.422
355.399
355.376
355.109
355.128
355.223
355.251
355.118
355.078
355.047
354.962
354.846
354.503
354.444
354.342
354.270
354.334
354.341
354.485
354.448
354.274
354.103
354.244
354.248
354.198
354.068
353.840
353.681
353.611
353.560
353.508
353.617
353.418
353.322
353.409
353.533
353.482
353.209
353.288
353.171
352.941
352.909
353.065
353.052
353.106
353.084
352.874
352.640
352.710
352.721
352.662
352.511
352.560
352.639
352.685
352.642
352.524
352.246
352.286
352.218
352.072
352.051
352.031
352.035
351.974
351.916
352.147
352.255
352.048
351.810
351.717
351.766
351.581
351.487
351.437
351.473
351.555
351.579
351.586
351.588
351.395
351.357
351.201
351.241
351.201
351.090
351.064
350.860
350.788
350.760
350.689
350.739
350.741
350.699
350.624
350.633
350.524
350.479
350.409
350.350
350.408
350.245
350.317
350.242
350.087
350.008
349.995
350.076
350.169
350.190
349.930
349.753
349.589
349.667
349.740
349.799
349.744
349.502
349.492
349.605
349.445
349.453
349.289
349.206
349.300
349.298
349.218
349.117
349.045
349.015
348.779
348.811
348.855
348.745
348.585
348.606
348.727
348.731
348.759
348.691
348.385
348.333
348.376
348.457
348.425
348.159
348.148
348.077
348.039
348.143
348.076
347.871
347.852
347.997
347.990
347.662
347.730
347.634
347.591
347.600
347.429
347.434
347.341
347.295
347.449
347.303
347.325
347.298
347.248
347.124
347.093
347.071
346.986
346.835
346.687
346.855
346.906
346.940
346.856
346.701
346.599
346.517
346.566
346.622
346.373
346.310
346.173
346.072
346.110
346.090
346.088
345.953
345.826
345.759
345.962
345.668
345.677
345.708
345.580
345.579
345.555
345.570
345.560
345.455
345.167
345.042
344.984
344.932
344.871
344.964
344.844
344.656
344.500
344.533
344.622
344.545
344.309
344.182
344.066
344.060
344.195
344.143
344.018
344.037
343.872
343.874
343.927
343.987
343.795
343.593
343.661
343.698
343.638
343.504
343.285
343.358
343.399
343.380
343.388
343.254
343.126
342.943
342.854
343.099
343.080
343.060
342.992
342.938
342.879
342.690
342.505
342.365
342.373
342.418
342.224
342.227
342.270
342.196
341.990
341.951
342.010
342.037
341.918
341.933
341.963
341.922
341.823
341.743
341.558
341.435
341.450
341.458
341.410
341.132
341.309
341.418
341.332
341.196
341.066
340.891
340.875
340.853
340.632
340.610
340.527
340.499
340.464
340.426
340.497
340.489
340.426
340.272
340.134
340.052
339.920
339.901
339.877
339.915
339.759
339.848
339.840
339.772
339.468
339.322
339.394
339.367
339.310
339.210
339.312
339.425
339.388
339.294
339.141
339.118
338.863
338.713
338.676
338.795
338.454
338.401
338.454
338.431
338.395
338.308
338.373
338.388
338.312
338.061
338.016
337.993
337.923
337.861
337.832
337.720
337.746
337.799
337.806
337.656
337.539
337.491
337.366
337.194
337.408
337.257
337.096
336.996
337.183
336.959
337.008
336.893
336.731
336.657
336.729
336.677
336.610
336.557
336.361
336.351
336.318
336.348
336.398
336.449
336.360
336.235
336.119
336.024
335.785
335.778
335.781
335.727
335.581
335.534
335.592
335.681
335.656
335.612
335.519
335.335
335.266
335.202
334.971
334.874
334.932
334.859
334.850
334.919
334.625
334.504
334.539
334.630
334.545
334.448
334.324
334.442
334.652
334.598
334.388
334.232
334.104
333.999
334.020
334.090
334.137
334.020
333.793
333.759
333.796
333.721
333.692
333.737
333.379
333.445
333.389
333.354
333.353
333.141
333.180
333.132
333.022
332.957
333.049
332.949
332.884
332.888
332.867
332.791
332.769
332.768
332.621
332.340
332.312
332.208
332.226
332.272
332.160
332.038
331.957
331.962
332.062
331.999
331.975
331.881
331.805
331.790
331.684
331.442
331.412
331.379
331.298
331.448
331.331
331.283
331.231
331.180
330.949
330.829
330.924
331.004
330.971
330.731
330.718
330.706
330.669
330.393
330.524
330.413
330.370
330.338
330.115
330.230
330.300
330.203
330.018
330.043
330.150
329.987
329.930
329.910
329.907
329.685
329.467
329.427
329.429
329.522
329.524
329.528
329.470
329.387
329.062
328.971
329.016
329.032
328.989
329.177
328.974
328.832
328.652
328.465
328.326
328.240
328.288
328.419
328.424
328.145
328.084
328.084
328.043
328.031
328.089
328.020
327.992
327.975
327.825
327.692
327.522
327.503
327.603
327.715
327.469
327.515
327.466
327.322
327.118
327.312
327.258
327.263
327.146
326.922
326.965
326.891
326.862
326.843
326.834
326.747
326.693
326.645
326.542
326.211
326.221
326.236
326.168
326.175
326.131
326.078
325.967
325.953
325.934
326.022
325.726
325.632
325.591
325.417
325.528
325.644
325.486
325.320
325.309
325.374
325.199
325.089
325.125
325.168
324.991
325.080
325.011
324.893
324.789
324.820
324.817
324.823
324.840
324.694
324.697
324.564
324.527
324.598
324.697
324.553
324.453
324.409
324.409
324.433
324.517
324.421
324.318
324.170
324.082
323.987
323.996
324.012
324.094
324.072
324.060
323.933
323.800
323.941
324.062
323.846
323.797
323.814
323.889
323.951
323.723
323.575
323.543
323.694
323.706
323.645
323.626
323.628
323.514
323.536
323.432
323.406
323.421
323.502
323.556
323.500
323.368
323.243
323.229
323.276
323.241
323.238
323.275
323.317
323.423
323.395
323.278
323.097
323.158
323.099
323.157
323.217
323.250
322.984
323.039
323.097
323.196
323.089
322.814
322.949
322.948
322.916
322.947
322.810
322.685
322.836
322.996
323.067
323.088
323.001
322.888
322.808
322.686
322.877
322.869
322.754
322.558
322.527
322.469
322.391
322.383
322.445
322.582
322.797
322.827
322.643
322.534
322.753
322.663
322.578
322.592
322.661
322.658
322.470
322.401
322.425
322.597
322.641
322.503
322.323
322.221
322.248
322.369
322.481
322.562
322.521
322.518
322.490
322.360
322.365
322.411
322.272
322.410
322.456
322.344
322.296
322.446
322.514
322.421
322.382
322.422
322.230
322.238
322.258
322.155
322.095
322.240
322.222
322.049
321.916
321.957
322.074
322.226
322.184
322.140
322.154
321.992
322.150
322.124
322.142
322.218
322.169
322.100
322.080
322.045
321.903
321.925
321.937
322.005
322.092
322.117
322.089
321.869
321.793
321.875
322.089
322.170
322.159
322.172
322.141
322.034
322.119
322.162
322.196
322.100
322.005
322.022
322.152
322.143
322.043
322.187
321.906
322.001
322.062
322.062
322.029
322.003
322.051
322.081
322.032
321.844
321.890
321.983
322.037
322.025
321.947
321.937
321.997
322.108
322.108
321.950
322.066
321.983
321.935
322.069
322.223
322.270
322.195
322.074
321.955
321.887
321.832
321.800
321.842
322.091
322.094
322.169
322.004
321.833
321.912
321.932
322.040
322.201
322.206
322.052
321.777
321.762
321.809
321.961
322.135
322.068
322.070
322.103
322.097
321.803
321.784
321.823
321.908
321.929
321.842
322.022
321.958
321.936
321.998
321.851
321.865
321.956
322.072
322.125
322.088
321.946
322.065
322.124
322.063
322.054
322.014
321.924
321.895
321.939
321.883
321.933
321.988
322.080
322.050
322.036
321.928
321.951
321.915
321.780
321.703
321.848
321.856
321.764
321.964
321.911
321.891
321.868
321.989
321.850
321.980
321.965
321.939
321.829
321.907
321.893
321.952
321.883
321.817
321.990
322.018
321.857
321.730
321.776
321.956
321.986
321.866
321.812
321.824
321.724
321.690
321.726
321.715
321.636
321.688
321.610
321.670
321.840
322.002
321.938
321.978
321.895
321.762
321.578
321.505
321.784
321.906
321.873
321.836
321.998
321.909
321.708
321.579
321.507
321.817
321.887
321.928
321.890
321.804
321.640
321.717
321.718
321.632
321.718
321.776
321.676
321.588
321.634
321.694
321.620
321.651
321.702
321.766
321.716
321.787
321.820
321.831
321.760
321.716
321.780
321.750
321.648
321.522
321.681
321.657
321.586
321.451
321.572
321.692
321.536
321.368
321.275
321.659
321.490
321.450
321.399
321.430
321.537
321.258
321.378
321.433
321.414
321.361
321.427
321.313
321.157
321.107
321.170
321.340
321.313
321.199
321.218
321.308
321.375
321.434
321.389
321.318
321.194
321.048
321.072
321.193
321.221
321.231
321.208
321.167
321.102
321.165
320.915
321.017
320.952
320.783
320.910
320.946
321.030
321.068
321.072
321.090
320.913
320.895
320.991
320.954
320.852
320.902
320.908
320.807
320.771
320.757
320.892
321.044
320.984
320.802
320.832
320.850
320.749
320.656
320.737
320.777
320.724
320.755
320.861
320.887
320.633
320.749
320.729
320.684
320.741
320.712
320.525
320.550
320.677
320.772
320.724
320.675
320.541
320.469
320.489
320.585
320.334
320.206
320.301
320.259
320.197
320.277
320.345
320.381
320.247
320.439
320.406
320.357
320.363
320.127
320.284
320.274
320.306
320.403
320.384
320.141
320.158
320.181
320.062
319.981
320.132
320.155
320.180
320.204
319.976
319.901
319.942
319.942
319.893
320.010
320.000
320.042
320.038
319.883
319.740
319.702
319.783
319.894
319.868
319.695
319.586
319.546
319.561
319.491
319.598
319.566
319.563
319.542
319.481
319.754
319.805
319.767
319.679
319.656
319.439
319.439
319.397
319.273
319.335
319.230
319.252
319.319
319.302
319.213
319.095
319.074
319.139
319.172
319.205
319.212
319.222
319.271
319.264
319.044
319.005
319.032
318.992
318.957
318.809
318.939
318.944
318.893
318.906
318.918
319.030
319.018
318.895
318.906
318.807
318.856
318.981
319.014
319.048
318.826
318.742
318.678
318.642
318.751
318.729
318.748
318.732
318.681
318.734
318.594
318.443
318.408
318.625
318.723
318.428
318.393
318.444
318.470
318.173
318.242
318.302
318.421
318.524
318.331
318.220
318.171
318.094
317.979
318.030
318.194
318.241
318.227
318.101
318.046
318.003
318.034
318.087
318.093
318.128
318.184
318.153
318.147
318.089
317.913
317.928
317.964
317.829
317.643
317.736
317.728
317.837
317.847
317.675
317.721
317.621
317.612
317.660
317.654
317.528
317.550
317.515
317.419
317.369
317.307
317.294
317.354
317.418
317.434
317.554
317.583
317.577
317.510
317.372
317.232
317.232
317.256
317.183
316.987
316.978
317.046
317.022
317.090
317.234
317.246
317.197
317.128
317.146
317.098
317.214
317.218
317.095
316.907
316.917
316.758
316.769
316.816
316.785
316.912
316.791
316.721
316.708
316.801
316.864
316.878
316.732
316.569
316.611
316.760
316.647
316.626
316.668
316.647
316.535
316.482
316.581
316.603
316.418
316.437
316.546
316.461
316.313
316.252
316.264
316.293
316.294
316.361
316.301
316.260
316.224
316.269
316.312
316.342
316.133
315.947
315.985
316.025
316.059
315.985
316.083
316.150
316.145
316.141
316.098
316.118
316.176
316.108
316.024
315.864
315.848
315.853
315.835
316.026
315.976
316.031
315.967
315.833
315.719
315.917
315.830
315.759
315.886
315.950
315.980
315.867
315.760
315.698
315.607
315.620
315.677
315.687
315.629
315.794
315.754
315.774
315.871
315.884
315.794
315.711
315.689
315.700
315.879
315.800
315.798
315.808
315.826
315.784
315.486
315.468
315.520
315.533
315.472
315.590
315.633
315.567
315.384
315.443
315.504
315.583
315.650
315.760
315.682
315.671
315.536
315.495
315.571
315.604
315.618
315.526
315.506
315.554
315.402
315.430
315.488
315.501
315.607
315.518
315.536
315.431
315.360
315.317
315.543
315.589
315.477
315.290
315.263
315.220
315.330
315.432
315.424
315.221
315.438
315.468
315.420
315.395
315.329
315.214
315.174
315.270
315.411
315.400
315.384
315.443
315.351
315.221
315.401
315.186
315.112
315.194
315.342
315.124
315.289
315.464
315.367
315.141
315.184
315.221
315.258
315.322
315.251
315.031
315.205
315.132
315.037
315.073
315.194
315.132
315.240
315.298
315.228
315.287
315.311
315.127
315.019
315.090
315.209
315.323
315.259
315.131
315.159
315.168
315.278
315.396
315.463
315.345
315.255
315.359
315.268
315.165
315.221
315.217
315.259
315.256
315.144
315.173
315.345
315.187
315.191
315.296
315.287
315.201
315.140
315.165
315.332
315.328
315.401
315.331
315.263
315.236
315.189
315.246
315.378
315.475
315.480
315.365
315.231
315.204
315.224
315.347
315.379
315.191
315.245
315.292
315.329
315.223
315.326
315.432
315.365
315.235
315.422
315.475
315.389
315.226
315.168
315.150
315.225
315.236
315.216
315.279
315.375
315.550
315.525
315.437
315.412
315.519
315.603
315.544
315.404
315.243
315.205
315.315
315.311
315.280
315.295
315.285
315.335
315.360
315.417
315.569
315.372
315.333
315.372
315.440
315.370
315.193
315.231
315.244
315.285
315.482
315.438
315.425
315.468
315.538
315.508
315.293
315.197
315.194
315.228
315.395
315.336
315.271
315.304
315.487
315.304
315.426
315.408
315.380
315.315
315.202
315.148
315.192
315.341
315.469
315.245
315.213
315.286
315.366
315.315
315.211
315.346
315.352
315.297
315.217
315.319
315.223
315.235
315.248
315.146
315.201
315.316
315.313
315.249
315.380
315.243
315.158
315.102
315.113
315.244
315.348
315.493
315.474
315.294
315.283
315.475
315.417
315.333
315.297
315.313
315.354
315.371
315.274
315.142
315.282
315.284
315.165
315.133
315.240
315.212
315.161
315.247
315.323
315.256
315.110
315.191
315.299
315.416
315.323
315.286
315.382
315.399
315.314
315.170
315.264
315.266
315.278
315.242
315.203
315.436
315.319
315.287
315.314
315.397
315.378
315.268
315.095
314.932
314.969
315.198
315.160
315.192
315.309
315.291
315.267
315.194
315.180
315.258
315.453
315.210
315.099
315.122
315.155
315.175
315.309
315.263
315.233
315.167
315.050
315.077
315.150
315.198
315.169
315.122
315.156
315.177
315.122
315.130
315.220
315.027
315.138
315.235
315.341
315.385
315.239
315.122
315.105
315.151
315.312
315.316
315.336
315.324
315.332
315.291
315.301
315.122
315.027
315.036
314.913
314.879
314.968
315.028
315.051
315.121
315.239
315.368
315.353
315.314
315.368
315.298
315.324
315.425
315.414
315.448
315.223
315.096
315.019
315.100
315.229
315.217
315.203
315.232
315.422
315.480
315.315
315.387
315.432
315.329
315.232
315.220
315.260
315.370
315.393
315.281
315.168
315.202
315.368
315.341
315.552
315.579
315.410
315.338
315.419
315.597
315.415
315.250
315.237
315.489
315.519
315.347
315.321
315.428
315.227
315.412
315.430
315.462
315.539
315.643
315.589
315.474
315.441
315.400
315.595
315.816
315.755
315.633
315.641
315.617
315.548
315.632
315.738
315.692
315.665
315.684
315.670
315.574
315.558
315.558
315.615
315.707
315.820
315.897
315.723
315.684
315.683
315.698
315.746
315.734
315.644
315.561
315.552
315.641
315.789
315.776
315.798
315.801
315.770
315.875
315.838
315.865
315.807
315.783
315.567
315.503
315.589
315.689
315.666
315.655
315.630
315.736
315.927
315.973
315.700
315.732
315.739
315.704
315.569
315.594
315.769
315.854
315.806
315.720
315.638
315.817
316.083
316.076
315.924
315.922
315.835
315.817
315.758
315.578
315.753
315.821
315.949
315.988
315.746
315.763
315.822
315.912
315.921
315.935
315.826
315.871
315.852
315.661
315.773
315.661
315.622
315.708
315.805
315.784
315.930
316.058
316.041
315.888
315.713
315.743
315.820
315.852
315.728
315.794
315.739
315.687
315.737
315.833
315.999
316.120
316.222
316.082
315.909
315.952
316.017
315.891
315.749
315.763
315.616
315.718
315.873
315.979
316.059
316.024
316.034
315.933
315.759
315.888
315.750
315.830
315.899
315.932
316.006
315.821
315.785
315.849
315.891
315.936
315.943
315.882
315.786
315.732
315.918
315.809
315.845
315.872
315.892
315.931
315.849
315.826
315.810
315.769
315.807
315.726
315.838
315.914
315.974
315.753
315.815
315.952
315.992
315.832
315.903
315.781
315.726
315.796
315.724
315.712
315.731
315.779
315.779
315.828
315.905
315.732
315.747
315.812
315.510
315.511
315.479
315.576
315.775
315.867
315.907
315.875
315.729
315.525
315.491
315.592
315.597
315.438
315.396
315.561
315.669
315.674
315.566
315.476
315.385
315.523
315.531
315.516
315.694
315.499
315.486
315.541
315.551
315.524
315.443
315.384
315.393
315.402
315.268
315.508
315.571
315.519
315.397
315.521
315.594
315.644
315.473
315.289
315.268
315.232
315.209
315.369
315.660
315.626
315.742
315.491
315.346
315.432
315.217
315.338
315.408
315.484
315.521
315.518
315.288
315.288
315.346
315.177
315.039
314.981
314.966
315.126
315.314
315.361
315.370
315.413
315.379
315.271
315.119
315.275
315.356
315.302
315.091
315.252
315.003
314.983
315.033
315.252
315.173
315.082
314.954
314.889
315.023
315.110
315.195
315.106
315.031
315.133
315.144
315.033
314.985
314.993
314.900
315.078
315.064
315.043
315.062
315.074
315.205
315.094
314.981
314.934
314.777
314.813
314.927
315.101
315.163
315.018
314.810
314.646
314.747
314.933
314.965
314.896
314.908
314.933
314.898
314.824
314.777
314.717
314.695
314.693
314.774
314.734
314.670
314.679
314.904
314.981
314.957
314.827
314.722
314.820
314.868
314.737
314.654
314.622
314.780
314.596
314.599
314.659
314.708
314.666
314.749
314.698
314.666
314.627
314.651
314.509
314.444
314.524
314.623
314.868
314.853
314.671
314.580
314.614
314.759
314.576
314.438
314.369
314.381
314.516
314.515
314.392
314.343
314.292
314.365
314.327
314.504
314.568
314.562
314.588
314.449
314.326
314.244
314.199
314.193
314.199
314.243
314.323
314.436
314.529
314.436
314.316
314.180
314.151
314.077
314.361
314.344
314.207
314.119
314.246
314.192
314.287
314.244
314.000
314.093
314.244
314.347
314.298
314.139
313.969
314.202
314.229
314.071
313.937
314.011
314.084
314.093
313.953
313.878
314.021
314.151
314.133
314.077
314.134
313.978
313.893
313.902
314.067
314.146
314.045
313.758
313.610
313.751
313.832
313.665
313.685
313.797
313.759
313.766
313.761
313.642
313.555
313.650
313.763
313.795
313.858
313.907
313.881
313.903
313.862
313.760
313.709
313.729
313.607
313.620
313.641
313.667
313.483
313.549
313.628
313.559
313.535
313.571
313.487
313.533
313.519
313.592
313.675
313.589
313.487
313.462
313.504
313.597
313.392
313.430
313.469
313.323
313.151
313.357
313.406
313.356
313.332
313.300
313.218
313.402
313.500
313.489
313.219
313.427
313.407
313.350
313.432
313.412
313.337
313.238
313.272
313.296
313.151
313.233
313.357
313.444
313.408
313.308
313.160
313.081
313.085
312.980
313.036
313.077
313.168
313.332
313.400
313.359
313.218
313.191
313.161
313.010
313.027
313.174
313.207
313.094
313.055
313.194
313.175
313.074
312.981
313.092
313.036
313.009
313.049
313.090
313.085
313.080
313.027
312.911
312.847
312.941
313.103
313.048
312.931
312.806
313.001
312.921
312.948
313.110
313.126
312.854
312.931
312.844
312.658
312.650
312.854
312.929
312.950
312.891
312.760
312.822
312.706
312.771
312.942
312.796
312.814
312.658
312.609
312.811
312.994
312.888
312.817
312.728
312.641
312.607
312.827
312.896
312.787
312.618
312.463
312.567
312.639
312.616
312.505
312.512
312.299
312.174
312.229
312.343
312.280
312.376
312.364
312.302
312.359
312.367
312.283
312.178
312.213
312.372
312.271
312.284
312.385
312.362
312.196
312.168
312.162
312.253
312.349
312.368
312.270
312.062
312.079
312.117
311.952
311.977
312.083
312.027
311.858
311.748
311.726
311.923
312.120
312.042
311.967
311.908
311.925
311.932
311.912
312.111
311.965
311.878
311.854
311.831
311.647
311.712
311.700
311.738
311.814
311.777
312.000
311.911
311.785
311.787
311.922
311.910
311.825
311.711
311.623
311.752
311.821
311.870
311.827
311.743
311.649
311.616
311.670
311.721
311.714
311.550
311.422
311.499
311.676
311.741
311.551
311.410
311.389
311.459
311.665
311.782
311.661
311.501
311.439
311.460
311.489
311.584
311.548
311.514
311.391
311.429
311.440
311.437
311.428
311.219
311.387
311.492
311.499
311.381
311.260
311.060
311.175
311.231
311.170
311.183
311.176
311.194
311.259
311.388
311.446
311.378
311.233
311.205
311.178
311.366
311.323
311.428
311.473
311.272
311.167
311.263
311.293
311.245
311.294
311.246
311.214
311.198
311.089
310.916
310.831
310.993
311.015
311.033
310.953
310.896
310.994
310.976
310.985
311.032
310.991
310.859
310.760
310.786
310.779
310.733
310.785
310.762
310.793
310.888
310.978
311.089
310.991
310.869
310.767
310.807
310.832
310.812
310.704
310.710
310.648
310.579
310.586
310.543
310.557
310.714
310.737
310.619
310.434
310.414
310.649
310.611
310.588
310.664
310.408
310.427
310.598
310.583
310.446
310.554
310.414
310.389
310.497
310.620
310.534
310.451
310.489
310.506
310.454
310.610
310.559
310.496
310.453
310.381
310.491
310.541
310.454
310.348
310.373
310.491
310.348
310.296
310.337
310.373
310.556
310.444
310.363
310.287
310.165
310.137
310.117
310.167
310.279
310.376
310.251
310.377
310.504
310.599
310.513
310.300
310.366
310.442
310.448
310.427
310.271
310.312
310.429
310.344
310.165
310.194
310.283
310.313
310.231
310.334
310.363
310.295
310.251
310.107
310.170
309.979
309.953
310.031
309.981
310.138
310.006
310.002
310.193
310.245
310.205
310.070
309.998
309.984
310.075
309.924
310.102
310.160
310.221
310.241
309.994
309.808
309.797
309.951
310.090
309.985
309.859
309.862
310.013
310.216
309.931
309.963
309.890
309.749
309.796
309.845
309.892
309.851
309.737
309.763
309.809
309.679
309.550
309.522
309.586
309.486
309.370
309.427
309.536
309.760
309.700
309.617
309.523
309.452
309.551
309.585
309.496
309.396
309.413
309.252
309.296
309.402
309.439
309.229
309.201
309.166
309.213
309.303
309.156
309.283
309.255
309.211
309.156
309.030
309.055
309.075
309.129
309.092
308.988
308.923
308.938
308.940
308.826
308.958
309.002
308.929
308.729
308.762
308.752
308.755
308.779
308.825
308.973
308.784
308.730
308.766
308.750
308.822
308.790
308.654
308.599
308.691
308.663
308.487
308.538
308.454
308.373
308.461
308.331
308.301
308.265
308.260
308.395
308.400
308.325
308.298
308.323
308.258
308.385
308.262
308.214
308.317
308.286
308.185
307.980
307.903
307.905
307.847
307.871
307.993
308.182
308.153
307.832
307.924
307.849
307.710
307.784
307.763
307.663
307.773
307.876
307.676
307.624
307.657
307.717
307.741
307.706
307.667
307.692
307.765
307.799
307.670
307.656
307.670
307.606
307.487
307.615
307.626
307.441
307.363
307.409
307.390
307.349
307.390
307.411
307.347
307.291
307.193
307.103
307.052
307.050
307.035
306.906
306.813
306.935
307.079
306.971
306.884
306.767
306.773
306.840
307.010
306.965
306.822
306.828
306.831
307.001
306.816
306.739
306.631
306.601
306.709
306.844
306.884
306.786
306.600
306.582
306.736
306.699
306.538
306.567
306.688
306.797
306.815
306.715
306.653
306.368
306.538
306.595
306.565
306.719
306.390
306.236
306.122
306.090
306.078
306.356
306.522
306.467
306.300
306.375
306.451
306.458
306.393
306.341
306.345
306.123
306.048
306.162
306.181
306.110
305.931
305.991
306.019
305.875
306.044
305.970
305.966
306.039
305.933
305.851
305.808
305.880
305.976
305.928
306.073
305.977
305.879
305.767
305.608
305.677
305.747
305.762
305.607
305.506
305.756
305.678
305.553
305.532
305.423
305.523
305.571
305.656
305.648
305.403
305.342
305.272
305.275
305.331
305.268
305.309
305.244
305.222
305.270
305.244
305.083
304.991
305.011
305.177
305.088
305.209
305.274
305.258
305.087
304.968
304.996
305.037
305.043
304.989
305.009
305.033
305.006
305.011
305.113
305.217
305.198
305.197
305.143
304.965
304.996
304.997
304.957
304.944
305.074
304.864
304.765
304.772
304.873
305.077
305.013
304.794
304.786
304.930
305.112
304.767
304.808
304.951
305.069
305.026
305.030
304.944
304.777
304.637
304.560
304.591
304.793
304.888
304.901
304.627
304.488
304.531
304.710
304.759
304.623
304.745
304.652
304.604
304.595
304.753
304.713
304.574
304.540
304.427
304.490
304.569
304.517
304.463
304.422
304.635
304.689
304.590
304.505
304.534
304.569
304.557
304.522
304.438
304.364
304.381
304.430
304.462
304.484
304.583
304.561
304.434
304.340
304.272
304.182
304.430
304.424
304.471
304.554
304.607
304.354
304.419
304.338
304.167
304.144
304.338
304.254
304.286
304.390
304.428
304.267
304.319
304.368
304.270
304.392
304.186
304.243
304.297
304.319
304.370
304.131
304.138
304.168
304.128
304.318
304.178
304.204
304.251
304.099
304.163
304.037
304.035
304.094
304.213
304.101
304.184
304.127
304.072
304.006
304.069
304.138
304.153
304.063
303.992
303.973
304.117
304.185
304.194
304.208
304.210
304.021
303.885
303.956
304.026
303.979
303.967
304.096
304.136
304.211
304.080
304.070
304.082
304.072
303.826
303.965
304.007
303.900
303.832
303.709
303.987
304.041
303.947
303.901
303.943
303.850
303.782
303.816
303.966
304.093
304.068
304.060
303.928
303.844
304.014
303.955
304.014
304.074
303.961
303.762
303.835
303.844
303.813
303.981
303.979
304.068
304.123
304.012
303.911
303.823
303.740
303.781
303.882
303.981
303.810
303.893
304.010
304.003
303.783
303.667
303.601
303.640
303.599
303.645
303.907
303.984
303.968
303.872
303.694
303.617
303.675
303.709
303.766
303.800
303.745
303.736
303.659
303.550
303.503
303.573
303.640
303.636
303.669
303.696
303.509
303.369
303.350
303.419
303.371
303.639
303.782
303.738
303.568
303.557
303.575
303.639
303.612
303.373
303.465
303.508
303.489
303.416
303.257
303.252
303.331
303.447
303.445
303.308
303.349
303.424
303.429
303.348
303.452
303.354
303.246
303.193
303.204
303.053
303.133
303.128
303.108
303.177
303.337
303.250
303.143
303.193
303.366
303.362
303.387
303.322
303.220
303.376
303.449
303.350
303.237
303.095
303.110
303.030
303.123
303.142
303.088
303.275
303.367
303.264
303.295
303.424
303.449
303.250
303.137
303.157
303.158
303.258
303.104
303.039
303.009
303.096
303.198
303.024
303.042
303.167
303.190
303.306
303.118
303.045
303.018
302.921
303.122
302.997
303.036
303.032
302.856
302.832
302.773
302.948
303.052
302.924
303.167
302.992
303.071
303.084
302.964
302.949
302.859
302.860
302.919
303.022
302.885
302.919
302.975
303.024
302.965
303.202
303.270
303.071
302.906
303.090
303.012
302.864
302.688
302.599
302.655
302.754
302.902
302.914
302.835
302.727
302.698
302.769
302.884
302.872
302.761
302.947
302.851
302.774
302.880
303.070
302.891
302.752
302.725
302.784
302.942
302.777
302.807
302.889
302.890
302.729
302.702
302.680
302.588
302.622
302.621
302.634
302.762
302.808
302.644
302.636
302.708
302.653
302.522
302.394
302.348
302.332
302.345
302.303
302.384
302.507
302.579
302.668
302.703
302.617
302.408
302.418
302.335
302.299
302.309
302.306
302.390
302.402
302.305
302.312
302.344
302.301
302.336
302.315
302.091
302.164
302.260
302.264
302.301
302.330
302.330
302.244
302.098
302.020
302.077
302.321
302.439
302.445
302.240
302.323
302.197
302.152
302.101
302.138
302.155
302.128
302.009
301.985
302.141
302.087
302.030
301.962
301.913
301.927
301.879
301.879
301.937
302.011
302.170
302.172
302.075
302.089
302.178
302.032
301.918
302.064
302.031
301.833
301.660
301.815
301.775
301.815
301.996
301.968
302.005
301.768
301.609
301.623
301.733
301.918
301.876
301.736
301.647
301.778
301.746
301.649
301.596
301.656
301.885
301.820
301.791
301.661
301.561
301.633
301.594
301.729
301.867
301.807
301.482
301.400
301.548
301.655
301.710
301.785
301.779
301.492
301.260
301.154
301.150
301.258
301.222
301.170
301.219
301.375
301.417
301.486
301.489
301.478
301.285
301.429
301.378
301.267
301.203
301.235
301.117
301.083
301.207
301.312
301.202
301.121
301.155
301.150
301.087
301.327
301.196
301.023
300.983
300.926
301.004
301.056
301.009
300.900
300.873
301.043
300.974
300.890
300.883
301.023
301.033
301.059
301.026
300.877
300.959
300.805
300.878
300.935
300.853
300.659
300.745
300.663
300.693
300.797
300.766
300.728
300.714
300.774
300.880
300.828
300.830
300.750
300.728
300.755
300.967
300.888
300.719
300.723
300.719
300.533
300.428
300.478
300.612
300.662
300.642
300.537
300.462
300.445
300.546
300.414
300.471
300.521
300.527
300.459
300.340
300.492
300.538
300.495
300.411
300.581
300.463
300.357
300.340
300.328
300.280
300.335
300.403
300.426
300.339
300.260
300.240
300.310
300.373
300.251
300.066
299.948
299.908
299.983
300.081
299.948
299.945
300.016
300.082
300.178
300.081
300.100
300.061
299.906
299.967
299.978
300.013
300.029
299.913
299.893
299.895
299.836
299.706
299.698
299.766
299.854
299.977
300.013
299.787
299.820
299.864
299.915
299.954
299.973
299.845
299.814
299.882
299.862
299.754
299.873
299.911
299.909
299.925
299.736
299.595
299.587
299.707
299.789
299.772
299.777
299.783
299.866
299.917
299.805
299.671
299.577
299.520
299.516
299.689
299.595
299.582
299.599
299.609
299.508
299.527
299.508
299.450
299.254
299.403
299.346
299.375
299.407
299.474
299.599
299.458
299.344
299.403
299.517
299.399
299.423
299.425
299.501
299.477
299.288
299.298
299.389
299.350
299.217
299.214
299.155
299.072
299.027
299.022
299.114
299.211
299.216
299.121
299.046
299.072
298.900
298.722
298.695
298.670
298.880
298.860
298.888
298.913
298.948
298.837
298.827
298.755
298.735
298.796
298.721
298.697
298.769
298.738
298.598
298.530
298.449
298.493
298.627
298.431
298.569
298.607
298.590
298.632
298.470
298.335
298.295
298.377
298.458
298.348
298.306
298.212
298.097
298.093
298.241
298.222
298.140
298.114
298.122
298.252
298.164
298.077
298.073
298.119
298.144
298.151
298.130
298.096
297.884
298.034
297.929
297.778
297.757
297.843
297.752
297.716
297.833
297.956
298.032
297.861
297.858
297.896
297.864
297.632
297.717
297.682
297.625
297.646
297.523
297.620
297.623
297.616
297.632
297.748
297.714
297.646
297.677
297.726
297.444
297.505
297.443
297.383
297.335
297.352
297.411
297.540
297.509
297.274
297.337
297.328
297.265
297.297
297.310
297.340
297.423
297.471
297.434
297.263
297.245
297.145
297.160
297.228
297.313
297.352
297.316
297.226
297.175
297.254
297.154
297.018
296.993
296.994
297.147
297.221
297.180
297.142
297.070
297.090
296.972
297.038
297.069
297.073
296.958
296.983
296.974
296.968
296.826
296.702
296.712
296.860
297.008
297.103
296.832
296.687
296.674
296.748
296.698
296.765
296.855
296.762
296.527
296.518
296.620
296.671
296.593
296.538
296.585
296.484
296.411
296.385
296.429
296.684
296.608
296.616
296.479
296.287
296.324
296.265
296.335
296.313
296.237
296.279
296.298
296.285
296.256
296.396
296.340
296.458
296.376
296.232
296.073
295.937
295.986
295.999
296.028
296.148
296.073
295.957
295.928
295.994
296.033
295.724
295.920
295.905
295.700
295.564
295.492
295.593
295.643
295.637
295.545
295.660
295.652
295.675
295.654
295.388
295.374
295.382
295.434
295.497
295.426
295.402
295.252
295.149
295.167
295.348
295.275
295.199
295.118
295.037
294.940
295.037
294.961
294.855
294.869
295.110
295.045
294.965
294.850
294.826
294.725
294.715
294.791
294.838
294.910
294.857
294.630
294.443
294.393
294.524
294.480
294.376
294.418
294.492
294.454
294.024
293.999
293.914
293.748
293.874
293.993
293.821
293.687
293.625
293.803
293.802
293.877
293.767
293.587
293.486
293.586
293.537
293.511
293.517
293.697
293.448
293.342
293.313
293.230
293.121
293.103
293.215
293.252
293.155
292.985
293.164
293.183
293.193
293.071
292.721
292.743
292.726
292.765
292.954
293.061
292.964
292.758
292.535
292.515
292.722
292.772
292.812
292.678
292.455
292.562
292.374
292.256
292.215
292.248
292.371
292.345
292.273
292.196
292.045
292.135
292.162
292.078
291.979
291.974
291.788
291.776
291.805
291.862
291.885
291.825
291.853
291.747
291.613
291.645
291.768
291.763
291.686
291.634
291.609
291.684
291.505
291.482
291.424
291.288
291.238
291.201
291.302
291.388
291.246
291.355
291.340
291.327
291.209
291.060
291.098
291.159
291.178
291.132
290.980
290.732
290.821
290.821
290.660
290.618
290.608
290.740
290.820
290.757
290.665
290.564
290.518
290.521
290.539
290.434
290.516
290.472
290.404
290.441
290.253
290.278
290.335
290.249
290.118
290.023
290.220
290.331
290.393
290.330
290.131
290.233
290.227
290.251
290.302
290.167
290.193
290.146
290.151
290.218
289.955
289.965
290.015
289.908
289.789
289.981
289.969
289.928
289.859
289.733
289.708
289.741
289.820
289.791
289.733
289.564
289.571
289.659
289.788
289.883
289.711
289.588
289.596
289.671
289.498
289.408
289.407
289.498
289.666
289.691
289.585
289.584
289.556
289.470
289.395
289.551
289.393
289.291
289.373
289.414
289.234
289.142
289.142
289.090
289.197
289.230
289.195
289.156
289.280
289.172
288.997
288.944
288.998
288.959
288.885
289.018
289.172
289.087
288.868
288.775
288.913
288.987
288.905
288.848
288.782
288.871
288.860
288.757
288.630
288.621
288.639
288.625
288.700
288.810
288.749
288.709
288.658
288.545
288.553
288.383
288.307
288.269
288.297
288.214
288.110
288.090
288.075
288.099
288.301
288.344
288.327
288.321
288.382
288.269
288.277
288.392
288.342
288.275
288.218
288.267
288.293
288.189
287.945
288.064
287.968
287.869
287.918
287.961
287.946
287.732
287.608
287.678
287.765
287.734
287.817
287.818
287.805
287.556
287.706
287.820
287.766
287.642
287.474
287.488
287.548
287.647
-444.646
-444.690
-444.949
-365.679
-365.724
-365.706
-365.494
-365.535
-371.997
-372.037
-372.130
-372.074
-369.999
-370.131
-370.251
-370.187
-370.151
-369.064
-369.069
-369.084
-369.003
-369.089
-359.191
-359.236
-359.243
-359.184
-359.073
-359.262
-359.103
-359.024
-359.103
-359.113
-359.055
-359.194
-359.280
-359.216
-359.064
-359.087
-359.066
-359.072
-359.170
-359.338
-359.520
-359.523
-359.433
-359.370
-359.574
-359.497
-359.497
-359.615
-359.534
-359.373
-359.316
-359.506
-359.648
-359.589
-359.572
-359.611
-359.576
-359.572
-359.757
-359.806
-359.905
-359.870
-359.753
-359.706
-359.825
-359.910
-359.914
-359.877
-359.930
-359.895
-359.896
-359.892
-360.013
-359.920
-359.833
-359.841
-359.924
-359.996
-360.130
-360.032
-360.103
-360.135
-360.144
-360.220
-360.220
-360.342
-360.405
-360.421
-360.173
-360.276
-360.371
-360.453
-360.413
-360.584
-360.545
-360.335
-360.180
-360.408
-360.485
-360.354
-360.236
-360.270
-360.415
-360.540
-360.539
-360.535
-360.458
-360.570
-360.630
-360.480
-360.427
-360.456
-360.404
-360.570
-360.769
-360.861
-360.809
-360.820
-360.824
-360.758
-360.703
-360.732
-360.835
-360.786
-360.873
-360.981
-361.105
-361.171
-360.929
-360.800
-360.772
-360.936
-360.805
-360.898
-361.000
-361.064
-361.040
-361.111
-361.225
-361.286
-361.336
-361.418
-361.330
-361.320
-361.257
-361.195
-361.347
-361.426
-361.310
-361.211
-361.192
-361.176
-361.356
-361.479
-361.459
-361.400
-361.680
-361.461
-361.529
-361.631
-361.576
-361.505
-361.437
-361.620
-361.835
-361.896
-361.840
-361.856
-361.930
-362.065
-362.052
-362.081
-361.953
-361.940
-361.975
-362.004
-361.926
-361.844
-361.822
-361.891
-361.922
-361.961
-362.188
-362.215
-362.237
-362.295
-362.370
-362.113
-362.005
-362.093
-362.279
-362.412
-362.569
-362.507
-362.395
-362.259
-362.554
-362.736
-362.650
-362.526
-362.540
-362.676
-362.723
-362.794
-362.858
-362.828
-362.631
-362.472
-362.670
-362.943
-363.034
-362.850
-362.867
-362.898
-362.908
-363.033
-362.970
-363.048
-362.975
-362.938
-363.057
-362.966
-363.027
-363.078
-363.068
-363.064
-363.274
-363.281
-363.336
-363.448
-363.518
-363.416
-363.424
-363.398
-363.289
-363.385
-363.362
-363.503
-363.610
-363.735
-363.601
-363.701
-363.725
-363.817
-363.890
-363.938
-363.836
-363.962
-364.083
-364.160
-364.144
-364.205
-364.118
-364.085
-364.166
-364.176
-364.232
-364.274
-364.423
-364.657
-364.656
-364.720
-364.612
-364.545
-364.593
-364.578
-364.648
-364.631
-364.619
-364.713
-364.896
-364.956
-364.963
-364.949
-365.017
-364.947
-365.057
-365.049
-365.010
-365.094
-365.290
-365.252
-365.238
-365.329
-365.279
-365.363
-365.441
-365.510
-365.605
-365.665
-365.408
-365.362
-365.466
-365.517
-365.766
-365.864
-366.020
-366.039
-365.986
-365.871
-365.880
-365.883
-365.998
-366.174
-366.156
-366.178
-366.153
-366.112
-366.059
-366.322
-366.336
-366.414
-366.498
-366.527
-366.623
-366.371
-366.297
-366.407
-366.460
-366.399
-366.393
-366.492
-366.586
-366.669
-366.615
-366.730
-366.773
-366.820
-367.024
-367.088
-367.085
-367.075
-367.098
-367.047
-367.040
-367.086
-367.070
-366.969
-366.896
-367.027
-367.252
-367.313
-367.146
-367.150
-367.184
-367.228
-367.221
-367.275
-367.290
-367.383
-367.447
-367.586
-367.757
-367.785
-367.673
-367.610
-367.618
-367.794
-367.862
-367.751
-367.650
-367.588
-367.658
-367.875
-367.878
-367.978
-368.105
-368.174
-368.005
-368.097
-368.149
-368.115
-368.303
-368.151
-368.367
-368.497
-368.482
-368.673
-368.658
-368.662
-368.693
-368.669
-368.463
-368.525
-368.504
-368.539
-368.680
-368.729
-368.706
-368.629
-368.614
-368.648
-368.787
-369.028
-369.169
-369.153
-369.027
-369.029
-368.987
-369.027
-369.102
-369.124
-369.132
-369.109
-369.291
-369.446
-369.515
-369.530
-369.468
-369.578
-369.673
-369.598
-369.489
-369.654
-369.689
-369.623
-369.522
-369.637
-369.827
-369.896
-369.846
-369.858
-370.010
-369.932
-369.955
-370.097
-370.218
-370.057
-369.990
-370.043
-370.142
-370.132
-370.441
-370.546
-370.616
-370.598
-370.553
-370.504
-370.478
-370.484
-370.462
-370.483
-370.482
-370.596
-370.732
-370.837
-370.759
-370.843
-370.845
-370.847
-370.942
-370.911
-370.958
-370.979
-370.987
-370.987
-371.269
-371.217
-371.283
-371.430
-371.533
-371.548
-371.380
-371.412
-371.679
-371.547
-371.411
-371.550
-371.582
-371.466
-371.483
-371.586
-371.621
-371.833
-372.079
-371.995
-372.117
-372.075
-372.053
-372.113
-372.013
-372.080
-372.031
-372.041
-372.040
-372.115
-372.442
-372.500
-372.420
-372.456
-372.522
-372.457
-372.342
-372.361
-372.409
-372.619
-372.633
-372.610
-372.602
-372.678
-372.966
-372.901
-372.917
-373.034
-373.058
-373.224
-373.212
-373.157
-373.065
-373.066
-373.156
-373.208
-373.310
-373.364
-373.113
-373.051
-373.136
-373.195
-373.097
-373.325
-373.491
-373.530
-373.528
-373.657
-373.783
-373.745
-373.724
-373.856
-374.095
-374.119
-374.287
-374.409
-374.403
-374.364
-374.339
-374.386
-374.583
-374.773
-374.808
-375.104
-375.261
-375.354
-375.372
-375.484
-375.526
-375.773
-375.855
-375.891
-376.008
-375.970
-375.986
-376.031
-376.080
-376.250
-376.339
-376.339
-376.334
-376.452
-376.576
-376.867
-376.945
-376.963
-377.026
-377.030
-377.083
-377.241
-377.405
-377.566
-377.648
-377.749
-377.731
-377.685
-377.783
-377.833
-377.953
-378.088
-378.194
-378.284
-378.371
-378.422
-378.522
-378.585
-378.557
-378.647
-378.734
-378.831
-378.913
-379.011
-379.018
-379.109
-379.215
-379.158
-379.046
-379.132
-379.379
-379.557
-379.587
-379.473
-379.491
-379.591
-379.694
-379.834
-380.171
-380.079
-380.152
-380.302
-380.338
-380.158
-380.295
-380.475
-380.646
-380.708
-380.541
-380.627
-380.645
-380.721
-380.808
-381.022
-380.929
-380.899
-381.069
-381.319
-381.515
-381.616
-381.562
-381.412
-381.515
-381.427
-381.601
-381.756
-381.811
-381.783
-381.967
-382.133
-382.036
-381.994
-382.123
-382.119
-382.223
-382.330
-382.389
-382.582
-382.536
-382.475
-382.533
-382.632
-382.718
-382.875
-383.006
-382.990
-383.077
-383.182
-383.229
-383.350
-383.429
-383.472
-383.484
-383.543
-383.538
-383.497
-383.564
-383.666
-383.654
-383.924
-384.103
-384.188
-384.379
-384.436
-384.353
-384.355
-384.517
-384.464
-384.504
-384.571
-384.575
-384.595
-384.459
-384.622
-384.735
-384.765
-384.813
-384.937
-385.145
-385.199
-385.091
-385.063
-385.305
-385.387
-385.439
-385.558
-385.498
-385.727
-385.680
-385.677
-385.800
-386.029
-386.069
-386.005
-385.982
-386.046
-385.999
-386.091
-386.137
-386.210
-386.273
-386.381
-386.410
-386.570
-386.713
-386.911
-386.835
-386.819
-387.113
-387.253
-387.124
-387.066
-387.040
-387.189
-387.364
-387.463
-387.663
-387.666
-387.733
-387.729
-387.608
-387.848
-387.842
-387.688
-387.718
-387.979
-388.041
-388.008
-388.063
-388.181
-388.246
-388.339
-388.269
-388.299
-388.458
-388.713
-388.635
-388.705
-388.761
-388.761
-388.877
-388.696
-388.783
-388.860
-388.873
-389.006
-389.007
-389.170
-389.223
-389.219
-389.262
-389.288
-389.422
-389.547
-389.600
-389.667
-389.713
-389.663
-389.629
-389.662
-389.797
-389.826
-389.890
-389.953
-390.142
-390.211
-390.269
-390.356
-390.386
-390.416
-390.609
-390.676
-390.788
-390.896
-390.825
-390.872
-390.789
-390.696
-390.786
-391.077
-391.033
-390.973
-391.017
-391.238
-391.335
-391.265
-391.288
-391.475
-391.658
-391.650
-391.651
-391.587
-391.569
-391.770
-391.649
-391.812
-391.781
-391.766
-391.937
-391.859
-392.096
-392.020
-391.979
-392.050
-392.391
-392.406
-392.406
-392.427
-392.457
-392.473
-392.456
-392.461
-392.580
-392.743
-392.690
-392.662
-392.684
-392.736
-392.859
-392.951
-392.963
-393.084
-393.263
-393.222
-393.157
-393.177
-393.304
-393.480
-393.453
-393.634
-393.564
-393.496
-393.553
-393.724
-393.639
-393.854
-394.062
-394.116
-394.237
-394.164
-394.205
-394.222
-394.098
-394.057
-394.171
-394.206
-394.281
-394.337
-394.405
-394.568
-394.602
-394.611
-394.685
-394.730
-394.866
-394.769
-394.615
-394.659
-394.926
-394.930
-394.861
-394.912
-395.147
-395.193
-395.273
-395.327
-395.301
-395.337
-395.401
-395.382
-395.412
-395.477
-395.611
-395.524
-395.480
-395.418
-395.401
-395.490
-395.752
-395.790
-395.709
-395.766
-396.056
-396.109
-396.050
-396.042
-396.016
-395.809
-395.992
-396.091
-396.110
-396.091
-396.215
-396.340
-396.340
-396.317
-396.214
-396.383
-396.495
-396.613
-396.703
-396.708
-396.794
-396.774
-396.771
-396.754
-396.811
-397.023
-397.055
-397.069
-397.129
-397.199
-397.181
-397.152
-397.233
-397.313
-397.208
-397.329
-397.367
-397.364
-397.466
-397.741
-397.738
-397.561
-397.407
-397.452
-397.844
-397.772
-397.711
-397.738
-397.973
-397.940
-398.124
-398.150
-398.133
-398.178
-398.107
-398.334
-398.292
-398.202
-398.252
-398.347
-398.369
-398.402
-398.427
-398.547
-398.681
-398.614
-398.581
-398.641
-398.837
-399.060
-398.894
-398.840
-398.880
-399.045
-398.967
-398.977
-399.135
-399.267
-399.293
-399.262
-399.222
-399.314
-399.365
-399.279
-399.387
-399.367
-399.361
-399.526
-399.724
-399.528
-399.570
-399.672
-399.692
-399.717
-399.787
-399.875
-399.891
-399.833
-399.996
-399.938
-400.031
-400.207
-400.244
-400.161
-400.091
-400.079
-400.209
-400.449
-400.438
-400.623
-400.716
-400.716
-400.623
-400.586
-400.539
-400.538
-400.639
-400.761
-400.778
-400.669
-400.526
-400.565
-400.625
-400.650
-401.008
-400.996
-400.926
-401.029
-401.216
-401.118
-401.050
-401.136
-401.173
-401.159
-401.268
-401.357
-401.417
-401.205
-401.313
-401.269
-401.390
-401.475
-401.397
-401.436
-401.610
-401.619
-401.581
-401.608
-401.761
-401.732
-401.732
-401.858
-402.048
-401.929
-401.992
-402.000
-402.030
-402.008
-401.915
-402.008
-402.096
-402.173
-402.278
-402.205
-402.205
-402.244
-402.290
-402.464
-402.310
-402.350
-402.525
-402.584
-402.454
-402.446
-402.444
-402.439
-402.533
-402.681
-402.583
-402.757
-402.951
-402.860
-402.919
-402.778
-402.769
-402.835
-402.947
-402.842
-402.917
-403.081
-403.184
-403.227
-403.188
-403.074
-402.896
-402.773
-402.823
-403.121
-403.142
-403.143
-403.222
-403.414
-403.293
-403.371
-403.474
-403.586
-403.491
-403.215
-403.224
-403.309
-403.375
-403.395
-403.384
-403.567
-403.626
-403.484
-403.594
-403.440
-403.497
-403.565
-403.563
-403.652
-403.757
-403.727
-403.657
-403.611
-403.645
-403.809
-403.879
-403.958
-403.902
-404.038
-403.864
-403.814
-403.957
-404.117
-403.948
-404.089
-404.035
-403.991
-404.276
-404.329
-404.146
-404.157
-404.226
-404.111
-404.074
-404.206
-404.434
-404.526
-404.428
-404.361
-404.502
-404.473
-404.424
-404.608
-404.688
-404.653
-404.653
-404.690
-404.606
-404.630
-404.669
-404.769
-404.802
-404.684
-404.664
-404.740
-404.831
-404.882
-404.776
-405.004
-404.965
-404.943
-405.068
-405.067
-405.017
-404.912
-404.870
-404.998
-404.874
-404.867
-405.056
-405.149
-405.063
-405.012
-404.986
-405.092
-405.292
-405.370
-405.304
-405.350
-405.435
-405.417
-405.314
-405.400
-405.457
-405.454
-405.432
-405.479
-405.370
-405.314
-405.406
-405.575
-405.526
-405.486
-405.646
-405.771
-405.828
-405.702
-405.719
-405.679
-405.753
-405.934
-405.964
-405.939
-405.869
-405.753
-405.694
-405.909
-405.796
-405.814
-406.013
-406.195
-406.277
-406.076
-406.045
-406.054
-405.985
-406.004
-405.989
-406.057
-406.215
-406.456
-406.452
-406.353
-406.419
-406.493
-406.606
-406.543
-406.336
-406.350
-406.495
-406.668
-406.503
-406.617
-406.645
-406.572
-406.374
-406.613
-406.660
-406.706
-406.685
-406.775
-406.893
-406.836
-406.815
-406.836
-407.008
-406.831
-406.941
-406.936
-406.810
-406.800
-406.902
-407.026
-407.029
-407.041
-407.024
-407.160
-407.254
-407.269
-407.360
-407.374
-407.240
-407.289
-407.226
-407.164
-407.231
-407.295
-407.410
-407.521
-407.533
-407.497
-407.433
-407.484
-407.424
-407.350
-407.392
-407.449
-407.539
-407.658
-407.723
-407.794
-407.767
-407.822
-407.900
-407.869
-407.657
-407.872
-407.918
-407.834
-407.745
-407.769
-407.795
-407.903
-408.004
-408.005
-407.946
-408.031
-408.141
-408.291
-408.282
-408.206
-408.294
-408.399
-408.334
-408.098
-408.268
-408.405
-408.484
-408.486
-408.297
-408.304
-408.406
-408.338
-408.275
-408.293
-408.543
-408.738
-408.699
-408.670
-408.880
-408.636
-408.707
-408.810
-408.795
-408.657
-408.592
-408.687
-408.609
-408.596
-408.761
-408.815
-408.878
-408.831
-408.836
-408.941
-409.078
-409.126
-409.178
-409.169
-409.180
-409.077
-409.027
-409.017
-409.129
-409.078
-409.155
-409.127
-409.126
-409.293
-409.450
-409.300
-409.246
-409.245
-409.362
-409.332
-409.540
-409.585
-409.584
-409.631
-409.609
-409.588
-409.568
-409.593
-409.632
-409.522
-409.710
-409.876
-409.879
-409.836
-409.798
-409.734
-409.805
-409.883
-409.836
-409.805
-409.863
-409.904
-409.911
-410.018
-410.051
-410.026
-410.011
-410.040
-409.934
-410.142
-410.167
-410.239
-410.318
-410.164
-410.238
-410.197
-410.190
-410.241
-410.247
-410.373
-410.325
-410.262
-410.324
-410.606
-410.739
-410.621
-410.493
-410.561
-410.539
-410.576
-410.452
-410.393
-410.436
-410.294
-410.588
-410.596
-410.497
-410.533
-410.510
-410.572
-410.591
-410.640
-410.809
-410.711
-410.836
-410.990
-411.139
-411.111
-411.149
-411.109
-411.059
-410.970
-410.733
-410.871
-410.886
-410.880
-411.022
-411.119
-411.073
-410.975
-410.984
-411.004
-411.012
-411.021
-411.178
-411.351
-411.402
-411.266
-411.328
-411.365
-411.382
-411.366
-411.320
-411.467
-411.435
-411.341
-411.385
-411.459
-411.382
-411.447
-411.532
-411.644
-411.714
-411.607
-411.547
-411.635
-411.908
-411.808
-411.851
-411.792
-411.714
-411.808
-411.889
-412.062
-412.118
-412.024
-411.973
-412.190
-412.157
-412.096
-411.985
-411.861
-412.248
-412.351
-412.291
-412.189
-412.192
-412.294
-412.114
-412.023
-412.137
-412.352
-412.383
-412.390
-412.374
-412.426
-412.643
-412.598
-412.468
-412.391
-412.490
-412.537
-412.603
-412.622
-412.551
-412.548
-412.572
-412.677
-412.870
-412.961
-412.886
-412.748
-412.912
-412.966
-412.915
-412.835
-412.803
-412.911
-412.979
-413.031
-413.227
-413.184
-413.273
-413.283
-413.179
-413.100
-413.166
-413.267
-413.382
-413.491
-413.517
-413.393
-413.386
-413.355
-413.243
-413.289
-413.252
-413.336
-413.491
-413.648
-413.505
-413.332
-413.445
-413.585
-413.688
-413.695
-413.575
-413.570
-413.607
-413.642
-413.661
-413.655
-413.805
-413.962
-414.029
-413.990
-414.020
-413.935
-413.889
-414.020
-413.813
-413.901
-413.876
-413.888
-414.008
-414.010
-414.154
-414.215
-414.245
-414.176
-414.220
-414.362
-414.452
-414.532
-414.500
-414.274
-414.377
-414.472
-414.379
-414.446
-414.343
-414.288
-414.404
-414.584
-414.431
-414.503
-414.490
-414.446
-414.584
-414.466
-414.559
-414.782
-414.821
-414.726
-414.928
-415.017
-415.106
-415.050
-414.890
-414.748
-414.902
-415.033
-415.178
-415.172
-415.023
-415.096
-415.043
-415.040
-415.208
-415.382
-415.361
-415.269
-415.219
-415.174
-415.347
-415.340
-415.308
-415.384
-415.545
-415.706
-415.734
-415.594
-415.552
-415.670
-415.714
-415.653
-415.711
-415.887
-416.007
-415.923
-415.844
-415.803
-415.834
-415.857
-415.916
-415.988
-415.977
-415.926
-415.923
-415.893
-415.867
-415.944
-416.118
-416.053
-416.100
-416.169
-416.215
-416.275
-416.166
-416.355
-416.402
-416.349
-416.378
-416.281
-416.379
-416.410
-416.395
-416.502
-416.555
-416.482
-416.473
-416.627
-416.660
-416.832
-416.791
-416.754
-416.802
-416.954
-416.790
-416.739
-416.788
-416.809
-416.836
-416.858
-416.966
-417.060
-417.027
-417.109
-417.095
-417.153
-417.243
-417.321
-417.118
-417.006
-417.088
-417.188
-417.190
-417.382
-417.362
-417.314
-417.292
-417.446
-417.529
-417.540
-417.434
-417.294
-417.341
-417.559
-417.689
-417.768
-417.850
-417.822
-417.672
-417.772
-417.789
-417.690
-417.739
-417.885
-417.877
-417.814
-417.844
-417.971
-418.052
-418.033
-417.974
-418.054
-418.106
-417.982
-417.912
-417.963
-418.191
-418.066
-418.152
-418.182
-418.184
-418.231
-418.242
-418.366
-418.436
-418.485
-418.464
-418.286
-418.161
-418.210
-418.360
-418.310
-418.326
-418.336
-418.407
-418.531
-418.523
-418.552
-418.645
-418.612
-418.533
-418.505
-418.717
-418.873
-418.881
-418.682
-418.577
-418.731
-418.769
-418.804
-418.895
-418.789
-418.859
-419.081
-419.198
-419.145
-419.215
-419.098
-419.062
-419.020
-419.066
-419.029
-419.073
-419.189
-419.277
-419.401
-419.484
-419.426
-419.381
-419.362
-419.503
-419.573
-419.448
-419.342
-419.325
-419.270
-419.458
-419.541
-419.473
-419.393
-419.535
-419.618
-419.590
-419.626
-419.819
-419.885
-419.842
-419.752
-419.673
-419.589
-419.563
-419.740
-419.826
-419.859
-419.838
-419.744
-419.953
-420.054
-420.129
-420.265
-420.158
-420.014
-419.984
-420.090
-420.101
-420.225
-420.119
-420.105
-420.216
-420.275
-420.025
-420.095
-420.101
-420.052
-420.120
-420.291
-420.473
-420.443
-420.411
-420.554
-420.412
-420.336
-420.370
-420.436
-420.352
-420.485
-420.550
-420.656
-420.847
-420.813
-420.677
-420.670
-420.796
-420.824
-420.657
-420.620
-420.658
-420.739
-420.698
-420.848
-420.821
-420.716
-420.783
-420.998
-420.827
-420.697
-420.842
-420.950
-420.917
-420.890
-421.025
-420.983
-420.996
-421.080
-420.932
-420.935
-421.051
-421.124
-421.016
-421.099
-421.236
-421.320
-421.345
-421.375
-421.327
-421.321
-421.343
-421.361
-421.471
-421.428
-421.262
-421.211
-421.233
-421.310
-421.314
-421.444
-421.516
-421.561
-421.762
-421.614
-421.545
-421.433
-421.433
-421.711
-421.694
-421.617
-421.642
-421.787
-421.650
-421.662
-421.642
-421.688
-421.819
-421.603
-421.803
-421.812
-421.764
-421.891
-421.925
-422.053
-421.984
-421.912
-422.018
-422.157
-422.244
-422.193
-422.116
-422.118
-421.849
-421.792
-421.874
-422.022
-422.078
-422.294
-422.192
-422.164
-422.221
-422.390
-422.393
-422.482
-422.440
-422.225
-422.131
-422.106
-422.340
-422.514
-422.597
-422.721
-422.608
-422.429
-422.422
-422.581
-422.636
-422.584
-422.690
-422.730
-422.753
-422.692
-422.595
-422.634
-422.737
-422.789
-422.797
-422.798
-422.758
-422.776
-422.733
-422.793
-422.746
-422.937
-423.084
-423.070
-423.063
-423.237
-423.287
-423.179
-423.066
-423.209
-423.094
-423.049
-423.137
-423.321
-423.119
-423.104
-423.007
-422.891
-422.863
-423.118
-423.227
-423.371
-423.405
-423.377
-423.173
-423.341
-423.402
-423.321
-423.332
-423.378
-423.337
-423.300
-423.280
-423.553
-423.619
-423.542
-423.398
-423.325
-423.356
-423.549
-423.703
-423.759
-423.512
-423.624
-423.480
-423.340
-423.320
-423.499
-423.544
-423.463
-423.581
-423.676
-423.512
-423.445
-423.625
-423.818
-423.892
-423.725
-423.773
-423.821
-423.778
-423.802
-423.875
-423.892
-423.788
-423.750
-423.764
-423.780
-423.858
-423.912
-423.938
-423.906
-424.183
-424.003
-423.977
-423.991
-423.924
-424.019
-424.209
-424.130
-424.035
-424.097
-424.188
-424.182
-424.077
-424.094
-424.299
-424.397
-424.323
-424.215
-424.240
-424.398
-424.269
-424.202
-424.212
-424.173
-424.187
-424.498
-424.584
-424.675
-424.803
-424.807
-424.641
-424.535
-424.564
-424.593
-424.711
-424.649
-424.644
-424.660
-424.673
-424.895
-424.846
-424.744
-424.717
-424.746
-424.700
-424.677
-424.829
-424.972
-424.947
-424.904
-425.073
-425.185
-425.180
-425.109
-425.087
-425.244
-425.104
-424.915
-424.773
-424.834
-425.078
-425.101
-425.104
-425.234
-425.377
-425.268
-425.321
-425.333
-425.190
-425.144
-425.400
-425.483
-425.432
-425.419
-425.440
-425.589
-425.616
-425.520
-425.512
-425.663
-425.617
-425.612
-425.550
-425.529
-425.550
-425.595
-425.702
-425.833
-425.982
-425.852
-425.726
-425.612
-425.590
-425.765
-425.811
-425.897
-426.051
-426.064
-425.872
-426.006
-425.934
-425.996
-426.157
-426.151
-426.214
-426.069
-425.947
-425.935
-426.241
-426.327
-426.354
-426.341
-426.227
-426.155
-426.214
-426.401
-426.424
-426.333
-426.391
-426.522
-426.598
-426.575
-426.547
-426.548
-426.598
-426.519
-426.552
-426.564
-426.712
-426.755
-426.746
-426.641
-426.715
-426.406
-426.534
-426.608
-426.569
-426.508
-426.571
-426.644
-426.636
-426.657
-426.719
-426.751
-426.849
-427.020
-427.087
-427.024
-426.960
-426.996
-427.051
-426.962
-426.958
-427.099
-427.013
-427.021
-427.026
-427.126
-427.178
-427.233
-427.190
-427.073
-427.132
-427.121
-427.197
-427.399
-427.526
-427.457
-427.459
-427.273
-427.202
-427.195
-427.174
-427.314
-427.379
-427.470
-427.600
-427.548
-427.686
-427.623
-427.484
-427.473
-427.395
-427.508
-427.510
-427.433
-427.622
-427.767
-427.803
-427.664
-427.477
-427.663
-427.706
-427.725
-427.747
-427.822
-427.810
-427.919
-427.976
-427.929
-427.868
-427.927
-428.036
-427.978
-427.939
-427.940
-427.926
-427.856
-427.906
-428.093
-428.212
-428.200
-428.160
-428.089
-428.052
-428.091
-428.160
-428.320
-428.308
-428.215
-428.278
-428.383
-428.303
-428.282
-428.377
-428.410
-428.367
-428.509
-428.634
-428.713
-428.725
-428.698
-428.600
-428.561
-428.671
-428.606
-428.631
-428.735
-428.749
-428.712
-428.845
-428.869
-428.878
-428.840
-428.804
-428.751
-428.834
-428.913
-428.921
-428.825
-428.805
-428.991
-428.994
-428.978
-429.005
-428.921
-428.983
-429.018
-429.092
-429.290
-429.372
-429.232
-429.300
-429.320
-429.225
-429.381
-429.458
-429.421
-429.436
-429.357
-429.388
-429.253
-429.227
-429.208
-429.314
-429.478
-429.397
-429.460
-429.566
-429.555
-429.671
-429.659
-429.543
-429.473
-429.725
-429.576
-429.472
-429.559
-429.725
-429.663
-429.859
-429.742
-429.727
-429.705
-429.657
-429.854
-429.899
-430.009
-430.173
-430.074
-429.987
-430.024
-430.004
-429.996
-430.200
-430.192
-430.219
-430.161
-430.070
-430.125
-430.161
-430.239
-430.330
-430.329
-430.338
-430.382
-430.317
-430.354
-430.493
-430.478
-430.277
-430.320
-430.416
-430.423
-430.528
-430.566
-430.575
-430.670
-430.730
-430.728
-430.753
-430.840
-430.820
-430.851
-430.816
-430.714
-430.755
-430.780
-430.603
-430.471
-430.734
-430.805
-430.786
-430.947
-431.175
-431.191
-431.075
-430.971
-430.863
-430.915
-431.019
-431.033
-431.019
-431.215
-431.316
-431.166
-431.206
-431.335
-431.534
-431.348
-431.297
-431.315
-431.400
-431.209
-431.130
-431.190
-431.332
-431.438
-431.535
-431.637
-431.629
-431.615
-431.682
-431.451
-431.575
-431.543
-431.355
-431.358
-431.355
-431.555
-431.647
-431.737
-431.969
-431.874
-431.880
-431.892
-431.852
-431.708
-431.939
-432.101
-432.045
-431.849
-431.943
-432.042
-431.977
-432.011
-432.123
-432.134
-432.169
-432.122
-432.005
-431.964
-432.242
-432.195
-432.175
-432.320
-432.386
-432.168
-432.327
-432.377
-432.282
-432.328
-432.327
-432.403
-432.360
-432.380
-432.403
-432.646
-432.562
-432.476
-432.577
-432.703
-432.796
-432.681
-432.623
-432.676
-432.581
-432.643
-432.783
-432.809
-432.762
-432.814
-432.762
-432.950
-433.113
-433.132
-433.154
-432.904
-432.978
-432.966
-432.979
-433.195
-433.179
-433.168
-433.153
-433.148
-433.104
-433.245
-433.209
-433.165
-433.248
-433.243
-433.351
-433.281
-433.223
-433.303
-433.485
-433.522
-433.538
-433.528
-433.597
-433.614
-433.454
-433.380
-433.415
-433.492
-433.551
-433.534
-433.468
-433.588
-433.713
-433.852
-433.792
-433.756
-433.721
-433.678
-433.765
-433.842
-433.806
-433.852
-434.005
-434.111
-434.008
-434.051
-434.097
-434.041
-433.869
-434.030
-434.151
-434.233
-434.112
-433.968
-433.989
-434.092
-434.211
-434.358
-434.290
-434.171
-434.108
-434.234
-434.468
-434.490
-434.357
-434.353
-434.414
-434.448
-434.449
-434.482
-434.509
-434.612
-434.636
-434.751
-434.842
-434.865
-434.680
-434.688
-434.819
-434.868
-434.940
-434.929
-434.884
-434.752
-434.808
-434.916
-434.913
-434.865
-434.916
-434.915
-434.852
-434.792
-435.052
-435.192
-435.167
-435.019
-435.080
-435.030
-435.075
-435.184
-435.207
-435.112
-435.302
-435.464
-435.506
-435.533
-435.496
-435.477
-435.503
-435.460
-435.386
-435.385
-435.423
-435.432
-435.483
-435.453
-435.467
-435.500
-435.657
-435.756
-435.719
-435.790
-435.812
-435.841
-435.758
-435.656
-435.841
-435.848
-435.850
-435.902
-435.845
-435.849
-435.846
-435.985
-436.166
-436.222
-436.207
-436.027
-435.934
-435.875
-435.927
-435.912
-436.128
-436.137
-436.048
-435.949
-436.153
-436.218
-436.220
-436.327
-436.282
-436.517
-436.635
-436.598
-436.559
-436.592
-436.543
-436.467
-436.395
-436.233
-436.296
-436.455
-436.640
-436.773
-436.697
-436.644
-436.692
-436.617
-436.519
-436.527
-436.662
-436.683
-436.790
-436.900
-436.959
-436.709
-436.760
-436.731
-436.823
-436.948
-436.807
-436.996
-437.002
-437.007
-437.067
-436.885
-436.934
-436.979
-437.029
-437.186
-437.118
-437.219
-437.205
-437.173
-437.234
-437.407
-437.401
-437.325
-437.355
-437.683
-437.438
-437.430
-437.588
-437.745
-437.669
-437.605
-437.580
-437.630
-437.655
-437.626
-437.751
-437.821
-437.926
-438.033
-438.038
-438.074
-438.151
-438.046
-437.904
-437.935
-437.776
-437.790
-437.831
-437.856
-438.172
-438.130
-438.127
-438.237
-438.343
-438.295
-438.212
-438.330
-438.430
-438.437
-438.357
-438.577
-438.654
-438.559
-438.450
-438.532
-438.649
-438.721
-438.788
-438.821
-438.743
-438.610
-438.659
-438.752
-438.762
-438.670
-438.638
-438.706
-438.823
-438.940
-439.080
-439.166
-439.179
-439.181
-439.000
-439.090
-439.264
-439.320
-439.307
-439.455
-439.311
-439.144
-439.096
-439.142
-439.161
-439.173
-439.282
-439.416
-439.465
-439.535
-439.578
-439.534
-439.419
-439.333
-439.609
-439.598
-439.588
-439.560
-439.623
-439.695
-439.638
-439.637
-439.770
-439.865
-439.857
-439.671
-439.720
-439.823
-439.934
-439.779
-439.873
-440.022
-440.149
-440.081
-439.993
-440.066
-439.979
-439.888
-439.932
-440.189
-440.172
-440.165
-440.147
-440.083
-440.091
-440.372
-440.425
-440.252
-440.312
-440.367
-440.444
-440.469
-440.411
-440.411
-440.656
-440.776
-440.601
-440.445
-440.486
-440.603
-440.730
-440.651
-440.547
-440.836
-440.778
-440.819
-440.906
-440.920
-440.957
-440.931
-440.956
-441.088
-441.050
-440.782
-440.706
-440.764
-440.824
-440.826
-441.010
-441.026
-441.014
-441.024
-441.078
-441.243
-441.269
-441.283
-441.240
-441.218
-441.057
-441.159
-441.170
-441.239
-441.330
-441.469
-441.301
-441.286
-441.298
-441.248
-441.283
-441.224
-441.204
-441.274
-441.293
-441.513
-441.611
-441.676
-441.583
-441.628
-441.655
-441.539
-441.483
-441.504
-441.712
-441.809
-441.693
-441.574
-441.558
-441.628
-441.677
-441.652
-441.687
-441.781
-441.725
-441.911
-441.862
-441.917
-442.102
-442.051
-442.036
-442.138
-442.268
-442.281
-442.233
-442.146
-442.078
-442.014
-442.084
-442.165
-442.316
-442.262
-442.236
-442.306
-442.414
-442.332
-442.304
-442.307
-442.533
-442.409
-442.395
-442.521
-442.638
-442.663
-442.585
-442.575
-442.587
-442.708
-442.839
-442.687
-442.574
-442.553
-442.753
-442.740
-442.708
-442.717
-442.720
-442.775
-442.727
-442.872
-442.909
-442.990
-443.009
-443.113
-442.938
-442.824
-442.765
-442.770
-443.120
-443.170
-443.120
-443.040
-443.103
-443.180
-443.184
-443.155
-443.137
-443.274
-443.267
-443.220
-443.199
-443.138
-443.147
-443.464
-443.547
-443.560
-443.617
-443.605
-443.540
-443.495
-443.497
-443.532
-443.470
-443.626
-443.773
-443.773
-443.669
-443.709
-443.589
-443.716
-443.848
-443.876
-444.060
-443.874
-443.809
-443.906
-443.961
-443.923
-443.938
-443.987
-443.964
-444.036
-444.176
-444.214
-444.198
-444.143
-444.089
-443.929
-444.073
-444.187
-444.294
-444.249
-444.133
-444.102
-444.137
-444.190
-444.283
-444.225
-444.293
-444.383
-444.434
-444.434
-444.340
-444.474
-444.534
-444.574
-444.789
-444.805
-444.862
-444.850
-444.697
-444.663
-444.788
-444.829
-444.921
-445.018
-445.120
-445.101
-444.970
-444.948
-445.021
-444.823
-444.838
-444.954
-445.004
-445.030
-445.122
-445.173
-445.112
-445.100
-445.293
-445.449
-445.331
-445.417
-445.396
-445.163
-445.191
-445.269
-445.366
-445.411
-445.337
-445.322
-445.448
-445.609
-445.694
-445.702
-445.528
-445.513
-445.610
-445.642
-445.535
-445.674
-445.813
-445.980
-446.066
-445.890
-445.920
-446.020
-445.943
-445.796
-445.887
-445.995
-445.917
-445.774
-445.748
-445.939
-445.969
-445.979
-446.057
-446.179
-446.086
-446.163
-446.246
-446.236
-446.208
-446.276
-446.445
-446.246
-446.075
-446.142
-446.157
-446.243
-446.261
-446.299
-446.478
-446.630
-446.543
-446.665
-446.736
-446.724
-446.571
-446.643
-446.672
-446.724
-446.828
-446.805
-446.703
-446.772
-446.798
-446.732
-446.816
-446.707
-446.779
-446.820
-446.818
-446.786
-446.869
-446.916
-447.018
-447.187
-447.074
-447.040
-447.110
-447.132
-447.051
-447.307
-447.118
-447.119
-447.110
-446.965
-446.976
-447.252
-447.406
-447.305
-447.234
-447.267
-447.382
-447.351
-447.352
-447.605
-447.584
-447.442
-447.385
-447.447
-447.724
-447.713
-447.552
-447.445
-447.568
-447.768
-447.649
-447.648
-447.632
-447.670
-447.779
-447.736
-447.692
-447.660
-447.743
-447.974
-448.073
-448.086
-447.978
-447.769
-447.964
-447.875
-448.008
-448.178
-448.243
-448.233
-448.177
-448.123
-448.086
-448.076
-448.156
-448.303
-448.433
-448.548
-448.477
-448.474
-448.544
-448.466
-448.365
-448.384
-448.306
-448.521
-448.582
-448.585
-448.554
-448.608
-448.616
-448.598
-448.685
-448.829
-448.846
-448.723
-448.748
-448.785
-448.749
-448.703
-448.757
-448.822
-448.972
-448.939
-448.968
-449.023
-449.057
-448.958
-449.168
-449.152
-449.033
-448.960
-449.026
-449.081
-449.189
-449.163
-449.207
-449.361
-449.429
-449.323
-449.294
-449.420
-449.613
-449.499
-449.534
-449.584
-449.492
-449.259
-449.180
-449.147
-449.209
-449.314
-449.557
-449.552
-449.734
-449.647
-449.483
-449.484
-449.562
-449.657
-449.710
-449.749
-449.847
-449.715
-449.818
-449.932
-449.953
-449.906
-450.034
-449.890
-449.783
-449.852
-449.931
-449.765
-449.773
-449.868
-449.956
-449.966
-449.978
-450.096
-450.190
-450.190
-450.031
-450.104
-450.200
-450.242
-450.203
-450.317
-450.253
-450.404
-450.451
-450.382
-450.346
-450.466
-450.556
-450.647
-450.686
-450.554
-450.510
-450.492
-450.554
-450.523
-450.600
-450.529
-450.685
-450.711
-450.596
-450.739
-450.710
-450.727
-450.795
-450.953
-450.921
-450.818
-450.935
-450.949
-450.820
-450.766
-450.935
-451.018
-451.035
-451.138
-451.130
-450.948
-450.989
-451.018
-450.999
-451.057
-451.333
-451.456
-451.405
-451.502
-451.332
-451.321
-451.390
-451.409
-451.424
-451.626
-451.701
-451.731
-451.799
-451.755
-451.726
-451.674
-451.676
-451.655
-451.609
-451.729
-451.772
-451.800
-451.816
-451.629
-451.886
-451.862
-451.895
-451.955
-452.115
-452.020
-452.100
-452.211
-452.144
-452.179
-452.188
-452.119
-452.098
-452.198
-451.980
-452.026
-452.070
-452.086
-452.222
-452.251
-452.271
-452.226
-452.305
-452.432
-452.516
-452.517
-452.576
-452.597
-452.617
-452.716
-452.811
-452.873
-452.948
-452.950
-452.967
-452.777
-452.800
-452.924
-452.992
-452.886
-452.819
-452.944
-453.051
-453.134
-453.119
-453.097
-453.176
-453.206
-453.127
-453.151
-453.092
-453.077
-453.072
-453.147
-453.211
-453.322
-453.386
-453.399
-453.420
-453.336
-453.330
-453.496
-453.698
-453.569
-453.765
-453.867
-453.898
-453.858
-453.753
-453.836
-453.866
-453.848
-453.719
-453.586
-453.576
-453.658
-453.772
-453.791
-453.845
-454.022
-454.181
-454.259
-454.224
-454.272
-454.136
-454.030
-454.009
-454.251
-454.304
-454.338
-454.335
-454.288
-454.226
-454.341
-454.444
-454.542
-454.654
-454.653
-454.619
-454.659
-454.454
-454.378
-454.501
-454.659
-454.748
-454.738
-454.726
-454.755
-454.716
-454.816
-454.761
-454.781
-454.983
-454.884
-454.948
-454.986
-454.928
-454.832
-455.083
-455.203
-455.168
-455.065
-455.036
-455.195
-455.235
-455.143
-455.086
-455.148
-455.106
-455.221
-455.241
-455.242
-455.357
-455.299
-455.369
-455.500
-455.713
-455.782
-455.626
-455.674
-455.796
-455.785
-455.692
-455.480
-455.552
-455.625
-455.610
-455.829
-455.696
-455.750
-455.871
-455.897
-455.825
-455.811
-455.805
-455.933
-456.089
-456.176
-456.145
-456.064
-455.990
-455.844
-456.248
-456.297
-456.248
-456.256
-456.349
-456.359
-456.514
-456.430
-456.307
-456.419
-456.341
-456.255
-456.363
-456.447
-456.381
-456.282
-456.253
-456.347
-456.422
-456.394
-456.372
-456.547
-456.607
-456.638
-456.610
-456.585
-456.680
-456.899
-456.954
-456.725
-456.773
-456.912
-456.913
-456.793
-456.941
-456.940
-456.914
-456.935
-457.086
-457.183
-457.063
-456.945
-456.938
-456.995
-456.994
-457.021
-457.101
-457.195
-457.209
-457.178
-457.106
-457.101
-457.068
-457.011
-457.272
-457.394
-457.399
-457.317
-457.219
-457.205
-457.374
-457.458
-457.373
-457.273
-457.325
-457.522
-457.673
-457.667
-457.554
-457.420
-457.386
-457.462
-457.637
-457.671
-457.682
-457.738
-457.734
-457.710
-457.826
-457.903
-457.935
-457.893
-458.005
-457.864
-457.692
-457.604
-457.644
-457.675
-457.627
-457.795
-457.951
-457.949
-458.017
-458.094
-458.062
-458.046
-458.103
-458.006
-458.142
-458.157
-458.094
-457.958
-458.127
-458.314
-458.205
-458.063
-458.046
-458.105
-458.256
-458.255
-458.237
-458.374
-458.199
-458.281
-458.300
-458.416
-458.598
-458.422
-458.348
-458.419
-458.543
-458.487
-458.413
-458.589
-458.727
-458.770
-458.820
-458.775
-458.700
-458.556
-458.573
-458.790
-458.745
-458.768
-458.873
-458.950
-458.907
-458.699
-458.817
-458.882
-458.865
-459.063
-458.960
-458.981
-459.068
-459.210
-459.196
-459.188
-459.285
-459.202
-458.897
-458.844
-458.926
-459.048
-459.153
-459.070
-459.087
-459.141
-459.284
-459.372
-459.449
-459.429
-459.518
-459.626
-459.625
-459.624
-459.531
-459.499
-459.374
-459.294
-459.261
-459.575
-459.523
-459.478
-459.627
-459.774
-459.666
-459.801
-459.797
-459.699
-459.732
-459.848
-459.730
-459.665
-459.683
-459.758
-459.974
-459.897
-459.906
-460.084
-460.027
-460.081
-460.048
-459.996
-459.998
-460.113
-460.115
-459.974
-459.888
-459.859
-459.963
-460.042
-460.125
-460.212
-460.279
-460.372
-460.484
-460.574
-460.652
-460.749
-460.845
[2025-02-22 14:54:44] [192.168.100.101] 参数 a=0, b=2 的测试持续时间已到。
[2025-02-22 14:54:44] [192.168.100.101] 'test-servers.sh' (PID 937064) 仍在运行。尝试正常终止其进程组 (SIGTERM)...
./execute_device_tests.sh: line 84: kill: (-937064) - No such process
