ptp4l[875514.272]: selected /dev/ptp0 as PTP clock
ptp4l[875514.272]: port 1: INITIALIZING to LISTENING on INIT_COMPLETE
ptp4l[875514.272]: port 0: INITIALIZING to LISTENING on INIT_COMPLETE
ptp4l[875521.391]: port 1: new foreign master 2ccf67.fffe.29664e-1
ptp4l[875521.970]: selected local clock 2ccf67.fffe.296623 as best master
ptp4l[875525.387]: selected best master clock 2ccf67.fffe.29664e
ptp4l[875525.387]: port 1: LISTENING to UNCALIBRATED on RS_SLAVE
ptp4l[875527.386]: master offset    -208723 s0 freq  -53412 path delay      4221
ptp4l[875528.386]: master offset    -208702 s1 freq  -53391 path delay      4266
ptp4l[875529.386]: master offset        -92 s2 freq  -53483 path delay      4266
ptp4l[875529.386]: port 1: UNCALIBRATED to SLAVE on MASTER_CLOCK_SELECTED
ptp4l[875530.386]: master offset        398 s2 freq  -53021 path delay      4242
ptp4l[875531.386]: master offset        -99 s2 freq  -53398 path delay      4277
ptp4l[875532.386]: master offset         23 s2 freq  -53306 path delay      4312
ptp4l[875533.386]: master offset       -210 s2 freq  -53532 path delay      4358
ptp4l[875534.387]: master offset         63 s2 freq  -53322 path delay      4312
ptp4l[875535.387]: master offset        247 s2 freq  -53119 path delay      4312
ptp4l[875536.387]: master offset       -278 s2 freq  -53570 path delay      4354
ptp4l[875537.388]: master offset         49 s2 freq  -53326 path delay      4312
ptp4l[875538.388]: master offset        347 s2 freq  -53014 path delay      4299
ptp4l[875539.389]: master offset       -190 s2 freq  -53447 path delay      4400
ptp4l[875540.388]: master offset         89 s2 freq  -53225 path delay      4400
ptp4l[875541.388]: master offset       -113 s2 freq  -53400 path delay      4400
ptp4l[875542.388]: master offset        356 s2 freq  -52965 path delay      4341
ptp4l[875543.387]: master offset         22 s2 freq  -53192 path delay      4336
ptp4l[875544.387]: master offset       -154 s2 freq  -53361 path delay      4386
ptp4l[875545.388]: master offset         59 s2 freq  -53195 path delay      4336
ptp4l[875546.388]: master offset         61 s2 freq  -53175 path delay      4336
ptp4l[875547.388]: master offset        -26 s2 freq  -53244 path delay      4336
ptp4l[875548.388]: master offset        145 s2 freq  -53080 path delay      4336
ptp4l[875549.388]: master offset        107 s2 freq  -53075 path delay      4333
ptp4l[875550.388]: master offset        157 s2 freq  -52993 path delay      4333
ptp4l[875551.388]: master offset       -181 s2 freq  -53284 path delay      4333
ptp4l[875552.388]: master offset        126 s2 freq  -53031 path delay      4333
ptp4l[875553.388]: master offset        -69 s2 freq  -53188 path delay      4386
ptp4l[875554.388]: master offset         25 s2 freq  -53115 path delay      4345
ptp4l[875555.388]: master offset       -222 s2 freq  -53354 path delay      4345
ptp4l[875556.388]: master offset        -31 s2 freq  -53230 path delay      4292
ptp4l[875557.387]: master offset         99 s2 freq  -53109 path delay      4278
ptp4l[875558.387]: master offset        466 s2 freq  -52713 path delay      4280
ptp4l[875559.388]: master offset       -252 s2 freq  -53291 path delay      4280
ptp4l[875560.388]: master offset        153 s2 freq  -52961 path delay      4280
ptp4l[875561.388]: master offset         99 s2 freq  -52969 path delay      4280
ptp4l[875562.388]: master offset        -24 s2 freq  -53063 path delay      4280
ptp4l[875563.388]: master offset          7 s2 freq  -53039 path delay      4294
ptp4l[875564.388]: master offset       -102 s2 freq  -53146 path delay      4294
ptp4l[875565.388]: master offset        -73 s2 freq  -53147 path delay      4298
ptp4l[875566.388]: master offset         33 s2 freq  -53063 path delay      4329
ptp4l[875567.389]: master offset        260 s2 freq  -52826 path delay      4329
ptp4l[875568.389]: master offset       -122 s2 freq  -53130 path delay      4365
ptp4l[875569.388]: master offset         78 s2 freq  -52967 path delay      4365
ptp4l[875570.389]: master offset        -58 s2 freq  -53080 path delay      4346
ptp4l[875571.388]: master offset        144 s2 freq  -52895 path delay      4298
ptp4l[875572.388]: master offset        236 s2 freq  -52760 path delay      4298
ptp4l[875573.388]: master offset        -98 s2 freq  -53023 path delay      4335
ptp4l[875574.387]: master offset        -33 s2 freq  -52987 path delay      4321
ptp4l[875575.388]: master offset        -48 s2 freq  -53012 path delay      4285
ptp4l[875576.388]: master offset        -15 s2 freq  -52994 path delay      4270
ptp4l[875577.388]: master offset        165 s2 freq  -52818 path delay      4299
ptp4l[875578.389]: master offset        315 s2 freq  -52619 path delay      4299
ptp4l[875579.388]: master offset       -159 s2 freq  -52998 path delay      4299
ptp4l[875580.388]: master offset       -214 s2 freq  -53101 path delay      4299
ptp4l[875581.389]: master offset        -32 s2 freq  -52983 path delay      4333
ptp4l[875582.389]: master offset        -13 s2 freq  -52974 path delay      4333
ptp4l[875583.389]: master offset        361 s2 freq  -52604 path delay      4333
ptp4l[875584.388]: master offset        -66 s2 freq  -52922 path delay      4359
ptp4l[875585.389]: master offset        201 s2 freq  -52675 path delay      4359
ptp4l[875586.389]: master offset         -4 s2 freq  -52820 path delay      4359
ptp4l[875587.389]: master offset       -238 s2 freq  -53055 path delay      4385
ptp4l[875588.389]: master offset        166 s2 freq  -52722 path delay      4385
ptp4l[875589.389]: master offset         44 s2 freq  -52795 path delay      4390
ptp4l[875590.389]: master offset        -58 s2 freq  -52883 path delay      4376
ptp4l[875591.389]: master offset        -45 s2 freq  -52888 path delay      4376
ptp4l[875592.389]: master offset         41 s2 freq  -52815 path delay      4376
ptp4l[875593.389]: master offset        156 s2 freq  -52688 path delay      4376
ptp4l[875594.389]: master offset        -97 s2 freq  -52894 path delay      4376
ptp4l[875595.389]: master offset        139 s2 freq  -52687 path delay      4336
ptp4l[875596.390]: master offset        -80 s2 freq  -52865 path delay      4336
ptp4l[875597.389]: master offset         50 s2 freq  -52759 path delay      4329
ptp4l[875598.389]: master offset       -160 s2 freq  -52954 path delay      4336
ptp4l[875599.389]: master offset        -13 s2 freq  -52855 path delay      4329
ptp4l[875600.390]: master offset         16 s2 freq  -52830 path delay      4340
ptp4l[875601.391]: master offset       -225 s2 freq  -53066 path delay      4360
ptp4l[875602.391]: master offset        -21 s2 freq  -52929 path delay      4360
ptp4l[875603.390]: master offset        180 s2 freq  -52735 path delay      4340
ptp4l[875604.390]: master offset        174 s2 freq  -52687 path delay      4360
ptp4l[875605.390]: master offset        -27 s2 freq  -52835 path delay      4360
ptp4l[875606.390]: master offset        -63 s2 freq  -52879 path delay      4364
ptp4l[875607.390]: master offset        -77 s2 freq  -52912 path delay      4396
ptp4l[875608.390]: master offset       -112 s2 freq  -52970 path delay      4396
ptp4l[875609.390]: master offset       -321 s2 freq  -53213 path delay      4384
ptp4l[875610.390]: master offset        486 s2 freq  -52502 path delay      4361
ptp4l[875611.390]: master offset       -235 s2 freq  -53078 path delay      4393
ptp4l[875612.389]: master offset        111 s2 freq  -52802 path delay      4393
ptp4l[875613.389]: master offset        193 s2 freq  -52687 path delay      4357
ptp4l[875614.392]: master offset       -391 s2 freq  -53213 path delay      4357
ptp4l[875615.391]: master offset         63 s2 freq  -52876 path delay      4320
ptp4l[875616.389]: master offset         54 s2 freq  -52866 path delay      4320
ptp4l[875617.389]: master offset         -5 s2 freq  -52909 path delay      4278
ptp4l[875618.388]: master offset        359 s2 freq  -52547 path delay      4245
ptp4l[875619.390]: master offset       -168 s2 freq  -52966 path delay      4245
ptp4l[875620.390]: master offset         73 s2 freq  -52775 path delay      4245
ptp4l[875621.390]: master offset       -452 s2 freq  -53278 path delay      4363
ptp4l[875622.390]: master offset       -189 s2 freq  -53151 path delay      4363
ptp4l[875623.390]: master offset        279 s2 freq  -52740 path delay      4363
ptp4l[875624.390]: master offset       -183 s2 freq  -53118 path delay      4363
ptp4l[875625.390]: master offset         86 s2 freq  -52904 path delay      4296
ptp4l[875626.391]: master offset        237 s2 freq  -52727 path delay      4292
ptp4l[875627.391]: master offset         98 s2 freq  -52795 path delay      4363
ptp4l[875628.390]: master offset       -310 s2 freq  -53174 path delay      4391
ptp4l[875629.390]: master offset         84 s2 freq  -52873 path delay      4391
ptp4l[875630.390]: master offset       -100 s2 freq  -53031 path delay      4391
ptp4l[875631.390]: master offset        283 s2 freq  -52678 path delay      4290
ptp4l[875632.390]: master offset       -317 s2 freq  -53193 path delay      4290
ptp4l[875633.390]: master offset        224 s2 freq  -52748 path delay      4290
ptp4l[875634.390]: master offset        -16 s2 freq  -52920 path delay      4290
ptp4l[875635.390]: master offset       -174 s2 freq  -53083 path delay      4377
ptp4l[875636.390]: master offset       -243 s2 freq  -53204 path delay      4397
ptp4l[875637.390]: master offset         86 s2 freq  -52948 path delay      4345
ptp4l[875638.390]: master offset         25 s2 freq  -52983 path delay      4345
ptp4l[875639.390]: master offset        164 s2 freq  -52837 path delay      4360
ptp4l[875640.390]: master offset       -112 s2 freq  -53064 path delay      4360
ptp4l[875641.391]: master offset         95 s2 freq  -52890 path delay      4360
ptp4l[875642.390]: master offset       -120 s2 freq  -53077 path delay      4360
ptp4l[875643.390]: master offset        186 s2 freq  -52807 path delay      4360
ptp4l[875644.391]: master offset        103 s2 freq  -52834 path delay      4360
ptp4l[875645.391]: master offset       -276 s2 freq  -53182 path delay      4360
ptp4l[875646.391]: master offset         32 s2 freq  -52957 path delay      4360
ptp4l[875647.390]: master offset       -111 s2 freq  -53090 path delay      4360
ptp4l[875648.391]: master offset         -5 s2 freq  -53018 path delay      4348
ptp4l[875649.391]: master offset        265 s2 freq  -52749 path delay      4348
ptp4l[875650.389]: master offset       -254 s2 freq  -53189 path delay      4366
ptp4l[875651.389]: master offset        -94 s2 freq  -53105 path delay      4364
ptp4l[875652.390]: master offset        -97 s2 freq  -53136 path delay      4364
ptp4l[875653.391]: master offset        359 s2 freq  -52709 path delay      4364
ptp4l[875654.390]: master offset         25 s2 freq  -52935 path delay      4364
ptp4l[875655.394]: master offset         -2 s2 freq  -52955 path delay      4364
ptp4l[875656.395]: master offset       -212 s2 freq  -53166 path delay      4364
ptp4l[875657.395]: master offset         36 s2 freq  -52981 path delay      4379
ptp4l[875658.396]: master offset         30 s2 freq  -52976 path delay      4388
ptp4l[875659.396]: master offset        -62 s2 freq  -53059 path delay      4361
ptp4l[875660.393]: master offset        -10 s2 freq  -53026 path delay      4388
ptp4l[875661.391]: master offset        120 s2 freq  -52899 path delay      4388
ptp4l[875662.393]: master offset       -203 s2 freq  -53186 path delay      4402
ptp4l[875663.390]: master offset         75 s2 freq  -52969 path delay      4388
ptp4l[875664.389]: master offset       -204 s2 freq  -53225 path delay      4388
ptp4l[875665.388]: master offset        -23 s2 freq  -53106 path delay      4361
ptp4l[875666.388]: master offset        151 s2 freq  -52938 path delay      4361
ptp4l[875667.391]: master offset        -60 s2 freq  -53104 path delay      4313
ptp4l[875668.392]: master offset        299 s2 freq  -52763 path delay      4313
ptp4l[875669.392]: master offset       -112 s2 freq  -53084 path delay      4313
ptp4l[875670.392]: master offset        -63 s2 freq  -53069 path delay      4308
ptp4l[875671.392]: master offset         85 s2 freq  -52940 path delay      4308
ptp4l[875672.392]: master offset       -106 s2 freq  -53105 path delay      4313
ptp4l[875673.392]: master offset       -178 s2 freq  -53209 path delay      4313
ptp4l[875674.392]: master offset        240 s2 freq  -52845 path delay      4299
ptp4l[875675.391]: master offset       -176 s2 freq  -53189 path delay      4299
ptp4l[875676.391]: master offset        188 s2 freq  -52877 path delay      4299
ptp4l[875677.391]: master offset       -236 s2 freq  -53245 path delay      4313
ptp4l[875678.392]: master offset        142 s2 freq  -52938 path delay      4297
ptp4l[875679.392]: master offset       -186 s2 freq  -53223 path delay      4348
ptp4l[875680.392]: master offset         84 s2 freq  -53009 path delay      4348
ptp4l[875681.392]: master offset       -140 s2 freq  -53208 path delay      4361
ptp4l[875682.392]: master offset         45 s2 freq  -53065 path delay      4321
ptp4l[875683.391]: master offset        222 s2 freq  -52874 path delay      4321
ptp4l[875684.392]: master offset       -258 s2 freq  -53288 path delay      4397
ptp4l[875685.391]: master offset       -140 s2 freq  -53247 path delay      4397
ptp4l[875686.392]: master offset        281 s2 freq  -52868 path delay      4361
ptp4l[875687.392]: master offset        -24 s2 freq  -53089 path delay      4361
ptp4l[875688.392]: master offset        190 s2 freq  -52882 path delay      4388
ptp4l[875689.392]: master offset        -56 s2 freq  -53071 path delay      4388
ptp4l[875690.392]: master offset       -110 s2 freq  -53142 path delay      4372
ptp4l[875691.392]: master offset       -279 s2 freq  -53344 path delay      4385
ptp4l[875692.392]: master offset        130 s2 freq  -53019 path delay      4385
ptp4l[875693.392]: master offset         85 s2 freq  -53025 path delay      4372
ptp4l[875694.392]: master offset        -58 s2 freq  -53142 path delay      4372
ptp4l[875695.391]: master offset         88 s2 freq  -53013 path delay      4338
ptp4l[875696.392]: master offset        -78 s2 freq  -53153 path delay      4338
ptp4l[875697.393]: master offset        -26 s2 freq  -53124 path delay      4298
ptp4l[875698.393]: master offset        248 s2 freq  -52858 path delay      4298
ptp4l[875699.393]: master offset       -244 s2 freq  -53276 path delay      4319
ptp4l[875700.393]: master offset         23 s2 freq  -53082 path delay      4298
ptp4l[875701.393]: master offset        135 s2 freq  -52963 path delay      4265
ptp4l[875702.393]: master offset       -151 s2 freq  -53209 path delay      4265
ptp4l[875703.393]: master offset        -35 s2 freq  -53138 path delay      4251
ptp4l[875704.394]: master offset        -89 s2 freq  -53202 path delay      4244
ptp4l[875705.395]: master offset        148 s2 freq  -52992 path delay      4251
ptp4l[875706.395]: master offset       -117 s2 freq  -53213 path delay      4251
ptp4l[875707.396]: master offset        100 s2 freq  -53031 path delay      4244
ptp4l[875708.396]: master offset        -15 s2 freq  -53116 path delay      4244
ptp4l[875709.396]: master offset        -47 s2 freq  -53152 path delay      4244
ptp4l[875710.396]: master offset        -12 s2 freq  -53131 path delay      4252
ptp4l[875711.396]: master offset        132 s2 freq  -52991 path delay      4252
ptp4l[875712.396]: master offset         99 s2 freq  -52984 path delay      4254
ptp4l[875713.396]: master offset        -36 s2 freq  -53090 path delay      4254
ptp4l[875714.396]: master offset       -397 s2 freq  -53462 path delay      4275
ptp4l[875715.396]: master offset        130 s2 freq  -53054 path delay      4275
ptp4l[875716.395]: master offset        226 s2 freq  -52919 path delay      4296
ptp4l[875717.394]: master offset       -268 s2 freq  -53345 path delay      4305
ptp4l[875718.393]: master offset         17 s2 freq  -53140 path delay      4296
ptp4l[875719.393]: master offset        201 s2 freq  -52951 path delay      4305
ptp4l[875720.393]: master offset       -186 s2 freq  -53278 path delay      4306
ptp4l[875721.393]: master offset        -16 s2 freq  -53164 path delay      4306
ptp4l[875722.394]: master offset         36 s2 freq  -53116 path delay      4322
ptp4l[875723.394]: master offset        117 s2 freq  -53025 path delay      4337
ptp4l[875724.394]: master offset       -206 s2 freq  -53313 path delay      4347
ptp4l[875725.394]: master offset         39 s2 freq  -53129 path delay      4347
ptp4l[875726.393]: master offset         85 s2 freq  -53072 path delay      4347
ptp4l[875727.393]: master offset       -211 s2 freq  -53342 path delay      4363
ptp4l[875728.394]: master offset        133 s2 freq  -53061 path delay      4347
ptp4l[875729.393]: master offset        -46 s2 freq  -53201 path delay      4347
ptp4l[875730.392]: master offset       -107 s2 freq  -53275 path delay      4337
ptp4l[875731.393]: master offset        367 s2 freq  -52833 path delay      4337
ptp4l[875732.393]: master offset       -183 s2 freq  -53273 path delay      4337
ptp4l[875733.393]: master offset         72 s2 freq  -53073 path delay      4337
ptp4l[875734.393]: master offset       -202 s2 freq  -53326 path delay      4332
ptp4l[875735.394]: master offset        164 s2 freq  -53020 path delay      4301
ptp4l[875736.394]: master offset       -233 s2 freq  -53368 path delay      4301
ptp4l[875737.394]: master offset        122 s2 freq  -53083 path delay      4259
ptp4l[875738.394]: master offset        355 s2 freq  -52813 path delay      4280
ptp4l[875739.394]: master offset        -92 s2 freq  -53154 path delay      4280
ptp4l[875740.394]: master offset       -225 s2 freq  -53314 path delay      4310
ptp4l[875741.394]: master offset         11 s2 freq  -53146 path delay      4310
ptp4l[875742.394]: master offset         -2 s2 freq  -53156 path delay      4344
ptp4l[875743.394]: master offset       -375 s2 freq  -53529 path delay      4368
ptp4l[875744.393]: master offset        202 s2 freq  -53065 path delay      4368
ptp4l[875745.393]: master offset         16 s2 freq  -53190 path delay      4341
ptp4l[875746.395]: master offset        -78 s2 freq  -53279 path delay      4341
ptp4l[875747.394]: master offset        254 s2 freq  -52971 path delay      4341
ptp4l[875748.394]: master offset       -116 s2 freq  -53265 path delay      4341
ptp4l[875749.394]: master offset        234 s2 freq  -52949 path delay      4289
ptp4l[875750.394]: master offset       -168 s2 freq  -53281 path delay      4289
ptp4l[875751.394]: master offset         48 s2 freq  -53116 path delay      4289
ptp4l[875752.395]: master offset         60 s2 freq  -53089 path delay      4299
ptp4l[875753.395]: master offset       -157 s2 freq  -53288 path delay      4322
ptp4l[875754.395]: master offset       -211 s2 freq  -53389 path delay      4354
ptp4l[875755.395]: master offset        287 s2 freq  -52955 path delay      4354
ptp4l[875756.395]: master offset       -250 s2 freq  -53405 path delay      4370
ptp4l[875757.395]: master offset         55 s2 freq  -53175 path delay      4370
ptp4l[875758.394]: master offset        199 s2 freq  -53015 path delay      4370
ptp4l[875759.393]: master offset       -164 s2 freq  -53318 path delay      4369
ptp4l[875760.393]: master offset         21 s2 freq  -53182 path delay      4369
ptp4l[875761.394]: master offset        196 s2 freq  -53001 path delay      4364
ptp4l[875762.395]: master offset       -144 s2 freq  -53282 path delay      4364
ptp4l[875763.394]: master offset       -161 s2 freq  -53343 path delay      4364
ptp4l[875764.394]: master offset        -37 s2 freq  -53267 path delay      4362
ptp4l[875765.395]: master offset         86 s2 freq  -53155 path delay      4364
ptp4l[875766.394]: master offset         88 s2 freq  -53127 path delay      4364
ptp4l[875767.394]: master offset        208 s2 freq  -52981 path delay      4367
ptp4l[875768.395]: master offset        -13 s2 freq  -53139 path delay      4364
ptp4l[875769.395]: master offset       -128 s2 freq  -53258 path delay      4367
ptp4l[875770.395]: master offset        -83 s2 freq  -53252 path delay      4383
ptp4l[875771.395]: master offset       -350 s2 freq  -53544 path delay      4410
ptp4l[875772.395]: master offset        100 s2 freq  -53199 path delay      4410
ptp4l[875773.395]: master offset        144 s2 freq  -53125 path delay      4383
ptp4l[875774.394]: master offset        253 s2 freq  -52972 path delay      4410
ptp4l[875775.394]: master offset         86 s2 freq  -53063 path delay      4423
ptp4l[875776.394]: master offset       -312 s2 freq  -53436 path delay      4425
ptp4l[875777.394]: master offset       -174 s2 freq  -53391 path delay      4425
ptp4l[875778.394]: master offset        136 s2 freq  -53133 path delay      4423
ptp4l[875779.393]: master offset       -107 s2 freq  -53336 path delay      4423
ptp4l[875780.391]: master offset         88 s2 freq  -53173 path delay      4377
ptp4l[875781.390]: master offset         80 s2 freq  -53154 path delay      4330
ptp4l[875782.393]: master offset        -84 s2 freq  -53294 path delay      4351
ptp4l[875783.395]: master offset        208 s2 freq  -53028 path delay      4315
ptp4l[875784.396]: master offset        -21 s2 freq  -53194 path delay      4315
ptp4l[875785.396]: master offset       -211 s2 freq  -53390 path delay      4294
ptp4l[875786.395]: master offset        167 s2 freq  -53076 path delay      4287
ptp4l[875787.395]: master offset        -37 s2 freq  -53230 path delay      4315
ptp4l[875788.395]: master offset        -91 s2 freq  -53295 path delay      4315
ptp4l[875789.396]: master offset         55 s2 freq  -53176 path delay      4315
ptp4l[875790.396]: master offset       -264 s2 freq  -53479 path delay      4330
ptp4l[875791.396]: master offset        319 s2 freq  -52975 path delay      4284
ptp4l[875792.396]: master offset       -105 s2 freq  -53303 path delay      4329
ptp4l[875793.396]: master offset         -1 s2 freq  -53231 path delay      4383
ptp4l[875794.396]: master offset         30 s2 freq  -53200 path delay      4408
ptp4l[875795.396]: master offset         90 s2 freq  -53131 path delay      4383
ptp4l[875796.396]: master offset       -269 s2 freq  -53463 path delay      4383
ptp4l[875797.396]: master offset        -77 s2 freq  -53352 path delay      4373
ptp4l[875798.396]: master offset         55 s2 freq  -53243 path delay      4373
ptp4l[875799.396]: master offset        177 s2 freq  -53104 path delay      4341
ptp4l[875800.396]: master offset       -148 s2 freq  -53376 path delay      4341
ptp4l[875801.396]: master offset        311 s2 freq  -52961 path delay      4339
ptp4l[875802.396]: master offset         13 s2 freq  -53166 path delay      4339
ptp4l[875803.396]: master offset       -302 s2 freq  -53477 path delay      4352
ptp4l[875804.396]: master offset         76 s2 freq  -53190 path delay      4352
ptp4l[875805.396]: master offset       -173 s2 freq  -53416 path delay      4369
ptp4l[875806.396]: master offset         81 s2 freq  -53214 path delay      4369
ptp4l[875807.396]: master offset        246 s2 freq  -53025 path delay      4369
ptp4l[875808.396]: master offset       -403 s2 freq  -53600 path delay      4369
ptp4l[875809.396]: master offset        281 s2 freq  -53037 path delay      4369
ptp4l[875810.396]: master offset        -58 s2 freq  -53291 path delay      4381
ptp4l[875811.396]: master offset       -126 s2 freq  -53377 path delay      4384
ptp4l[875812.395]: master offset        157 s2 freq  -53132 path delay      4384
ptp4l[875813.396]: master offset         -9 s2 freq  -53251 path delay      4379
ptp4l[875814.394]: master offset         82 s2 freq  -53162 path delay      4379
ptp4l[875815.395]: master offset        -85 s2 freq  -53305 path delay      4379
ptp4l[875816.396]: master offset       -190 s2 freq  -53435 path delay      4378
ptp4l[875817.398]: master offset        185 s2 freq  -53117 path delay      4378
ptp4l[875818.399]: master offset        -74 s2 freq  -53321 path delay      4389
ptp4l[875819.399]: master offset         75 s2 freq  -53194 path delay      4389
ptp4l[875820.399]: master offset         43 s2 freq  -53203 path delay      4389
ptp4l[875821.399]: master offset        -10 s2 freq  -53243 path delay      4388
ptp4l[875822.399]: master offset       -155 s2 freq  -53391 path delay      4398
ptp4l[875823.399]: master offset        -19 s2 freq  -53302 path delay      4388
ptp4l[875824.398]: master offset         44 s2 freq  -53245 path delay      4388
ptp4l[875825.397]: master offset       -195 s2 freq  -53470 path delay      4387
ptp4l[875826.397]: master offset        351 s2 freq  -52983 path delay      4387
ptp4l[875827.397]: master offset        -52 s2 freq  -53281 path delay      4389
ptp4l[875828.397]: master offset       -109 s2 freq  -53353 path delay      4368
ptp4l[875829.397]: master offset         24 s2 freq  -53253 path delay      4368
ptp4l[875830.397]: master offset        171 s2 freq  -53099 path delay      4353
ptp4l[875831.397]: master offset        -73 s2 freq  -53291 path delay      4368
ptp4l[875832.396]: master offset       -146 s2 freq  -53386 path delay      4346
ptp4l[875833.395]: master offset        -67 s2 freq  -53351 path delay      4346
ptp4l[875834.396]: master offset        107 s2 freq  -53197 path delay      4346
ptp4l[875835.397]: master offset        -68 s2 freq  -53340 path delay      4346
ptp4l[875836.397]: master offset       -128 s2 freq  -53421 path delay      4348
ptp4l[875837.398]: master offset         58 s2 freq  -53273 path delay      4348
ptp4l[875838.398]: master offset         31 s2 freq  -53283 path delay      4335
ptp4l[875839.398]: master offset        190 s2 freq  -53114 path delay      4335
ptp4l[875840.397]: master offset        -10 s2 freq  -53257 path delay      4335
ptp4l[875841.397]: master offset        -38 s2 freq  -53288 path delay      4340
ptp4l[875842.397]: master offset        -96 s2 freq  -53358 path delay      4340
ptp4l[875843.396]: master offset        117 s2 freq  -53173 path delay      4335
ptp4l[875844.396]: master offset        -36 s2 freq  -53291 path delay      4335
ptp4l[875845.397]: master offset         26 s2 freq  -53240 path delay      4335
ptp4l[875846.397]: master offset        -30 s2 freq  -53288 path delay      4340
ptp4l[875847.397]: master offset         33 s2 freq  -53234 path delay      4340
ptp4l[875848.397]: master offset        -60 s2 freq  -53317 path delay      4340
ptp4l[875849.397]: master offset       -267 s2 freq  -53542 path delay      4340
ptp4l[875850.398]: master offset         78 s2 freq  -53278 path delay      4354
ptp4l[875851.398]: master offset        181 s2 freq  -53151 path delay      4354
ptp4l[875852.398]: master offset       -133 s2 freq  -53411 path delay      4372
ptp4l[875853.398]: master offset       -151 s2 freq  -53469 path delay      4372
ptp4l[875854.397]: master offset        365 s2 freq  -52998 path delay      4340
ptp4l[875855.398]: master offset        -79 s2 freq  -53333 path delay      4340
ptp4l[875856.399]: master offset       -119 s2 freq  -53396 path delay      4368
ptp4l[875857.399]: master offset        -65 s2 freq  -53378 path delay      4368
ptp4l[875858.398]: master offset         45 s2 freq  -53287 path delay      4307
ptp4l[875859.397]: master offset        216 s2 freq  -53103 path delay      4307
ptp4l[875860.397]: master offset         66 s2 freq  -53188 path delay      4307
ptp4l[875861.397]: master offset        -15 s2 freq  -53249 path delay      4307
ptp4l[875862.397]: master offset       -212 s2 freq  -53451 path delay      4335
ptp4l[875863.398]: master offset        -26 s2 freq  -53328 path delay      4341
ptp4l[875864.398]: master offset          2 s2 freq  -53308 path delay      4341
ptp4l[875865.398]: master offset         11 s2 freq  -53299 path delay      4345
ptp4l[875866.399]: master offset       -229 s2 freq  -53535 path delay      4356
ptp4l[875867.399]: master offset        121 s2 freq  -53254 path delay      4356
ptp4l[875868.399]: master offset        121 s2 freq  -53218 path delay      4381
ptp4l[875869.399]: master offset         26 s2 freq  -53276 path delay      4381
ptp4l[875870.399]: master offset        121 s2 freq  -53174 path delay      4388
ptp4l[875871.398]: master offset       -345 s2 freq  -53603 path delay      4388
ptp4l[875872.398]: master offset        188 s2 freq  -53174 path delay      4333
ptp4l[875873.398]: master offset        -45 s2 freq  -53350 path delay      4333
ptp4l[875874.398]: master offset       -197 s2 freq  -53516 path delay      4333
ptp4l[875875.397]: master offset        204 s2 freq  -53174 path delay      4329
ptp4l[875876.398]: master offset        254 s2 freq  -53063 path delay      4352
ptp4l[875877.398]: master offset       -326 s2 freq  -53567 path delay      4352
ptp4l[875878.399]: master offset        167 s2 freq  -53171 path delay      4329
ptp4l[875879.399]: master offset       -276 s2 freq  -53564 path delay      4329
ptp4l[875880.399]: master offset        214 s2 freq  -53157 path delay      4266
ptp4l[875881.399]: master offset         80 s2 freq  -53227 path delay      4264
ptp4l[875882.399]: master offset        144 s2 freq  -53139 path delay      4300
ptp4l[875883.399]: master offset       -146 s2 freq  -53386 path delay      4316
ptp4l[875884.399]: master offset       -227 s2 freq  -53511 path delay      4316
ptp4l[875885.399]: master offset        208 s2 freq  -53144 path delay      4316
ptp4l[875886.399]: master offset       -300 s2 freq  -53589 path delay      4316
ptp4l[875887.400]: master offset        174 s2 freq  -53205 path delay      4315
ptp4l[875888.400]: master offset       -191 s2 freq  -53518 path delay      4343
ptp4l[875889.399]: master offset        180 s2 freq  -53204 path delay      4343
ptp4l[875890.399]: master offset       -182 s2 freq  -53512 path delay      4356
ptp4l[875891.399]: master offset        284 s2 freq  -53101 path delay      4356
ptp4l[875892.399]: master offset        -20 s2 freq  -53320 path delay      4349
ptp4l[875893.399]: master offset        171 s2 freq  -53135 path delay      4349
ptp4l[875894.399]: master offset         73 s2 freq  -53181 path delay      4349
ptp4l[875895.399]: master offset       -437 s2 freq  -53670 path delay      4349
ptp4l[875896.399]: master offset         95 s2 freq  -53269 path delay      4338
ptp4l[875897.399]: master offset       -110 s2 freq  -53445 path delay      4349
ptp4l[875898.399]: master offset       -148 s2 freq  -53516 path delay      4349
ptp4l[875899.399]: master offset        381 s2 freq  -53032 path delay      4338
ptp4l[875900.399]: master offset        -59 s2 freq  -53357 path delay      4343
ptp4l[875901.400]: master offset        -82 s2 freq  -53398 path delay      4334
ptp4l[875902.400]: master offset        221 s2 freq  -53120 path delay      4334
ptp4l[875903.400]: master offset       -291 s2 freq  -53565 path delay      4400
ptp4l[875904.399]: master offset       -154 s2 freq  -53516 path delay      4400
ptp4l[875905.399]: master offset         97 s2 freq  -53311 path delay      4347
ptp4l[875906.399]: master offset        295 s2 freq  -53084 path delay      4350
ptp4l[875907.398]: master offset       -198 s2 freq  -53488 path delay      4420
ptp4l[875908.398]: master offset         42 s2 freq  -53308 path delay      4350
ptp4l[875909.398]: master offset        -17 s2 freq  -53354 path delay      4350
ptp4l[875910.399]: master offset        152 s2 freq  -53190 path delay      4350
ptp4l[875911.400]: master offset       -192 s2 freq  -53488 path delay      4350
ptp4l[875912.400]: master offset         91 s2 freq  -53263 path delay      4350
ptp4l[875913.400]: master offset       -225 s2 freq  -53552 path delay      4341
ptp4l[875914.401]: master offset        166 s2 freq  -53228 path delay      4338
ptp4l[875915.400]: master offset        136 s2 freq  -53208 path delay      4338
ptp4l[875916.400]: master offset       -273 s2 freq  -53577 path delay      4341
ptp4l[875917.400]: master offset        328 s2 freq  -53058 path delay      4341
ptp4l[875918.400]: master offset       -372 s2 freq  -53659 path delay      4382
ptp4l[875919.400]: master offset         28 s2 freq  -53371 path delay      4338
ptp4l[875920.400]: master offset        298 s2 freq  -53092 path delay      4338
ptp4l[875921.400]: master offset        -61 s2 freq  -53362 path delay      4338
ptp4l[875922.400]: master offset       -311 s2 freq  -53630 path delay      4330
ptp4l[875923.401]: master offset        111 s2 freq  -53302 path delay      4307
ptp4l[875924.400]: master offset        -22 s2 freq  -53401 path delay      4368
ptp4l[875925.400]: master offset        130 s2 freq  -53256 path delay      4288
ptp4l[875926.400]: master offset         76 s2 freq  -53271 path delay      4277
ptp4l[875927.400]: master offset         19 s2 freq  -53305 path delay      4277
ptp4l[875928.400]: master offset        109 s2 freq  -53209 path delay      4288
ptp4l[875929.400]: master offset       -250 s2 freq  -53536 path delay      4290
ptp4l[875930.400]: master offset        173 s2 freq  -53188 path delay      4290
ptp4l[875931.400]: master offset       -263 s2 freq  -53572 path delay      4298
ptp4l[875932.400]: master offset       -154 s2 freq  -53542 path delay      4290
ptp4l[875933.401]: master offset        327 s2 freq  -53107 path delay      4290
ptp4l[875934.401]: master offset        124 s2 freq  -53212 path delay      4298
ptp4l[875935.401]: master offset       -111 s2 freq  -53410 path delay      4298
ptp4l[875936.401]: master offset       -328 s2 freq  -53660 path delay      4339
ptp4l[875937.401]: master offset        134 s2 freq  -53296 path delay      4339
ptp4l[875938.401]: master offset        249 s2 freq  -53141 path delay      4339
ptp4l[875939.401]: master offset       -197 s2 freq  -53512 path delay      4383
ptp4l[875940.401]: master offset          4 s2 freq  -53370 path delay      4383
ptp4l[875941.401]: master offset       -135 s2 freq  -53508 path delay      4412
ptp4l[875942.401]: master offset        116 s2 freq  -53298 path delay      4412
ptp4l[875943.400]: master offset        -16 s2 freq  -53395 path delay      4424
ptp4l[875944.400]: master offset          5 s2 freq  -53379 path delay      4424
ptp4l[875945.400]: master offset       -119 s2 freq  -53501 path delay      4424
ptp4l[875946.401]: master offset        106 s2 freq  -53312 path delay      4424
ptp4l[875947.401]: master offset        -42 s2 freq  -53428 path delay      4424
ptp4l[875948.401]: master offset        260 s2 freq  -53139 path delay      4397
ptp4l[875949.401]: master offset          4 s2 freq  -53317 path delay      4397
ptp4l[875950.401]: master offset         71 s2 freq  -53249 path delay      4397
ptp4l[875951.401]: master offset       -186 s2 freq  -53484 path delay      4397
ptp4l[875952.402]: master offset       -209 s2 freq  -53563 path delay      4352
ptp4l[875953.401]: master offset         66 s2 freq  -53351 path delay      4352
ptp4l[875954.401]: master offset        154 s2 freq  -53243 path delay      4325
ptp4l[875955.401]: master offset        -86 s2 freq  -53437 path delay      4352
ptp4l[875956.401]: master offset       -173 s2 freq  -53550 path delay      4366
ptp4l[875957.401]: master offset        160 s2 freq  -53268 path delay      4307
ptp4l[875958.401]: master offset        254 s2 freq  -53126 path delay      4307
ptp4l[875959.401]: master offset       -199 s2 freq  -53503 path delay      4330
ptp4l[875960.401]: master offset         51 s2 freq  -53313 path delay      4330
ptp4l[875961.402]: master offset       -274 s2 freq  -53623 path delay      4370
ptp4l[875962.402]: master offset        155 s2 freq  -53276 path delay      4370
ptp4l[875963.402]: master offset        156 s2 freq  -53228 path delay      4379
ptp4l[875964.402]: master offset        -71 s2 freq  -53409 path delay      4379
ptp4l[875965.402]: master offset       -197 s2 freq  -53556 path delay      4380
ptp4l[875966.402]: master offset         30 s2 freq  -53388 path delay      4380
ptp4l[875967.403]: master offset        -44 s2 freq  -53453 path delay      4380
ptp4l[875968.403]: master offset        150 s2 freq  -53272 path delay      4380
ptp4l[875969.402]: master offset       -173 s2 freq  -53550 path delay      4380
ptp4l[875970.402]: master offset        180 s2 freq  -53249 path delay      4370
ptp4l[875971.402]: master offset        112 s2 freq  -53263 path delay      4370
ptp4l[875972.402]: master offset        177 s2 freq  -53164 path delay      4354
ptp4l[875973.402]: master offset       -261 s2 freq  -53549 path delay      4354
ptp4l[875974.402]: master offset        -93 s2 freq  -53460 path delay      4340
ptp4l[875975.402]: master offset         84 s2 freq  -53311 path delay      4331
ptp4l[875976.402]: master offset          3 s2 freq  -53366 path delay      4331
ptp4l[875977.402]: master offset       -244 s2 freq  -53612 path delay      4331
ptp4l[875978.402]: master offset        117 s2 freq  -53325 path delay      4331
ptp4l[875979.402]: master offset        -37 s2 freq  -53444 path delay      4321
ptp4l[875980.402]: master offset        296 s2 freq  -53122 path delay      4321
ptp4l[875981.403]: master offset       -314 s2 freq  -53643 path delay      4321
ptp4l[875982.404]: master offset         93 s2 freq  -53330 path delay      4304
ptp4l[875983.404]: master offset         61 s2 freq  -53334 path delay      4294
ptp4l[875984.404]: master offset        194 s2 freq  -53183 path delay      4294
ptp4l[875985.403]: master offset         19 s2 freq  -53300 path delay      4294
ptp4l[875986.403]: master offset       -118 s2 freq  -53431 path delay      4294
ptp4l[875987.403]: master offset       -192 s2 freq  -53540 path delay      4294
ptp4l[875988.402]: master offset       -244 s2 freq  -53650 path delay      4320
ptp4l[875989.402]: master offset        312 s2 freq  -53167 path delay      4294
ptp4l[875990.402]: master offset         41 s2 freq  -53345 path delay      4320
ptp4l[875991.402]: master offset        -58 s2 freq  -53431 path delay      4359
ptp4l[875992.402]: master offset       -108 s2 freq  -53499 path delay      4359
ptp4l[875993.403]: master offset        -75 s2 freq  -53498 path delay      4344
ptp4l[875994.403]: master offset        -15 s2 freq  -53461 path delay      4344
ptp4l[875995.403]: master offset        103 s2 freq  -53347 path delay      4344
ptp4l[875996.403]: master offset        -66 s2 freq  -53485 path delay      4344
ptp4l[875997.403]: master offset         71 s2 freq  -53368 path delay      4329
ptp4l[875998.403]: master offset         66 s2 freq  -53352 path delay      4313
ptp4l[875999.404]: master offset        182 s2 freq  -53216 path delay      4313
ptp4l[876000.404]: master offset        -40 s2 freq  -53383 path delay      4325
ptp4l[876001.404]: master offset        -55 s2 freq  -53410 path delay      4330
ptp4l[876002.403]: master offset       -308 s2 freq  -53680 path delay      4341
ptp4l[876003.403]: master offset       -106 s2 freq  -53570 path delay      4341
ptp4l[876004.403]: master offset        354 s2 freq  -53142 path delay      4341
ptp4l[876005.403]: master offset         63 s2 freq  -53327 path delay      4351
ptp4l[876006.403]: master offset       -148 s2 freq  -53519 path delay      4351
ptp4l[876007.403]: master offset        -38 s2 freq  -53453 path delay      4334
ptp4l[876008.403]: master offset        221 s2 freq  -53206 path delay      4271
ptp4l[876009.403]: master offset         20 s2 freq  -53340 path delay      4271
ptp4l[876010.403]: master offset       -104 s2 freq  -53458 path delay      4271
ptp4l[876011.403]: master offset       -154 s2 freq  -53540 path delay      4271
ptp4l[876012.403]: master offset        -34 s2 freq  -53466 path delay      4299
ptp4l[876013.402]: master offset         49 s2 freq  -53393 path delay      4299
ptp4l[876014.403]: master offset        219 s2 freq  -53208 path delay      4299
ptp4l[876015.404]: master offset       -105 s2 freq  -53467 path delay      4309
ptp4l[876016.404]: master offset         75 s2 freq  -53318 path delay      4309
ptp4l[876017.404]: master offset        -54 s2 freq  -53425 path delay      4355
ptp4l[876018.404]: master offset       -181 s2 freq  -53568 path delay      4355
ptp4l[876019.404]: master offset       -132 s2 freq  -53573 path delay      4375
ptp4l[876020.404]: master offset         17 s2 freq  -53464 path delay      4375
ptp4l[876021.404]: master offset         72 s2 freq  -53404 path delay      4375
ptp4l[876022.404]: master offset         24 s2 freq  -53430 path delay      4375
