0.000 84.840
0.115 124.913
0.232 176.237
0.349 179.334
0.466 170.653
0.583 157.149
0.700 140.939
0.816 104.192
0.933 79.010
1.051 35.815
1.167 53.548
1.284 40.910
1.402 -95.380
1.518 -89.577
1.635 -141.190
1.752 -129.465
1.869 -221.846
1.986 -79.477
2.103 -187.242
2.220 -197.719
2.337 -236.743
2.454 -224.609
2.570 -246.151
2.687 -290.664
2.805 -288.415
2.922 -282.982
3.039 -378.696
3.156 -411.965
3.273 -427.445
3.391 -456.111
3.508 -486.394
3.625 -496.484
3.741 -455.598
3.858 -447.124
3.976 -473.667
4.092 -478.743
4.209 -479.256
4.326 -346.767
4.443 -349.939
4.560 -398.699
4.677 -386.812
4.794 -301.176
4.911 -396.886
5.028 -378.506
5.145 -426.273
5.262 -301.313
5.378 -267.499
5.495 -329.014
5.612 -271.584
5.729 -264.409
5.846 -270.146
5.963 -273.250
6.080 -270.384
6.197 -282.648
6.314 -212.688
6.431 -316.454
6.549 -217.081
6.665 -283.841
6.783 -191.554
6.900 -207.624
7.016 -211.558
7.134 -182.378
7.251 -173.274
7.368 -267.707
7.485 -207.431
7.602 -236.575
7.718 -171.974
7.835 -60.963
7.953 8.663
8.069 85.235
8.186 131.176
8.303 211.908
8.420 289.651
8.536 296.094
8.653 325.973
8.770 195.376
8.887 43.973
9.004 -32.232
9.121 -187.926
9.238 -315.223
9.355 -417.219
9.472 -550.871
9.589 -663.371
9.706 -746.521
9.824 -803.794
9.941 -692.823
10.057 -557.303
10.175 -566.709
10.291 -627.046
10.408 -683.740
10.525 -725.831
10.642 -729.783
10.759 -724.273
10.876 -722.136
10.993 -721.022
11.110 -703.650
11.227 -763.521
11.344 -800.806
11.461 -756.090
12.479 -541.846
13.497 -520.947
14.514 -308.823
15.531 -357.998
16.548 936.753
17.565 240.870
18.583 -72.445
19.601 -297.743
20.617 -434.405
21.635 -234.456
22.652 -55.138
23.670 -224.729
24.687 -417.860
25.704 -365.984
26.721 173.462
27.738 -289.559
28.755 -526.775
29.773 -589.204
30.791 -485.136
31.808 -514.556
32.825 -440.501
33.842 -526.945
34.859 -684.275
35.877 -627.326
36.894 -521.389
37.910 -476.185
38.928 -706.883
39.945 -615.275
40.962 -488.906
41.979 -367.610
42.997 -1233.839
44.014 -1838.739
45.031 -2052.012
46.048 -1171.555
47.065 -1356.170
48.082 -1367.288
49.099 -820.921
50.117 -757.151
51.134 -879.790
52.152 -989.691
53.169 -509.077
54.186 -221.263
55.203 -176.099
56.220 -14.771
57.237 -2497.977
58.255 -808.291
59.272 444.544
60.290 960.628
61.307 668.966
62.324 -334.164
63.341 -665.894
64.359 -652.615
65.377 -671.640
66.394 -711.073
67.411 -727.539
68.428 -800.495
69.445 -866.283
70.462 -757.392
71.480 -538.274
72.498 -613.742
73.515 6.862
74.532 106.295
75.550 65.914
76.567 62.787
77.584 -59.839
78.601 135.447
79.619 177.873
80.636 32.848
81.653 470.130
82.671 180.471
83.688 -347.114
84.705 -180.603
85.723 -103.949
86.739 -191.388
87.756 -520.935
88.774 -98.212
89.791 -0.504
90.808 31.194
91.826 -286.989
92.843 1007.924
93.859 1274.599
94.876 496.121
95.894 82.645
96.911 245.257
97.928 -2882.855
98.946 -4080.095
99.963 -4642.247
100.980 -4897.061
101.998 -4872.027
103.015 -1507.895
104.033 -389.275
105.050 -1344.521
106.067 985.825
107.084 1627.017
108.102 3464.516
109.120 2345.853
110.137 7.753
111.154 -909.287
112.172 -1233.938
113.189 -681.072
114.206 -714.905
115.223 -419.401
116.240 -550.370
117.258 -622.469
118.275 550.039
119.293 184.985
120.310 -71.785
121.327 -411.109
122.345 -274.377
123.361 -279.461
124.379 -228.372
125.397 386.200
126.414 200.960
127.431 163.502
128.448 446.413
129.465 -74.640
130.482 -263.708
131.499 -355.810
132.516 -171.066
133.533 -264.696
134.550 28.167
135.568 150.183
136.585 146.775
137.602 924.680
138.619 164.713
139.636 -592.015
140.654 -437.279
141.671 -389.815
142.688 -422.906
143.705 -477.423
144.722 -387.260
145.740 -516.166
146.757 -1719.630
147.774 -2067.933
148.790 -2764.065
149.807 -3075.242
150.825 -3163.114
151.842 -3287.756
152.859 -3041.132
153.876 -3330.046
154.893 -3571.036
155.910 -3320.582
156.928 -3295.099
157.945 -3162.994
158.962 -1728.624
159.979 -874.196
160.997 -484.393
162.014 -232.555
163.031 -587.672
164.048 -34.913
165.066 -548.287
166.082 -802.799
167.099 -930.916
168.117 -411.052
169.134 73.672
170.151 -538.894
171.168 -685.201
172.186 852.582
173.203 390.932
174.221 100.995
175.238 337.563
176.255 361.614
177.272 35.101
178.288 -578.975
179.306 -324.943
180.323 -7.529
181.341 -117.057
182.358 -155.065
183.375 -220.297
184.394 -337.771
185.411 -280.478
186.428 -5.616
187.445 589.222
188.463 -474.685
189.480 -369.656
190.498 89.742
191.515 -173.307
192.532 -185.880
193.549 -115.168
194.567 -323.224
195.584 -1089.659
196.601 -676.531
197.618 -494.125
198.636 -383.785
199.653 -388.976
200.670 114.289
201.688 699.218
202.706 1132.604
203.723 415.362
204.740 -237.592
205.757 -161.270
206.774 66.301
207.792 -178.246
208.809 35.787
209.826 -1.896
210.844 -382.530
211.861 -671.969
212.878 -685.989
213.896 -652.033
214.914 -582.989
215.931 -516.814
216.948 295.139
217.965 467.492
218.982 574.541
219.999 657.705
221.017 357.441
222.034 2644.566
223.051 4331.252
224.068 4949.514
225.085 1354.697
226.103 -552.487
227.120 -1127.205
228.137 -654.825
229.154 -240.600
230.172 295.795
231.189 -103.241
232.207 -245.750
233.224 -307.697
234.241 -258.214
235.258 -454.518
236.275 -606.218
237.291 -597.198
238.309 -632.839
239.326 -676.333
240.343 -352.745
241.360 -334.741
242.377 -386.680
243.394 -351.316
244.412 -448.581
245.429 -551.206
246.446 -681.568
247.464 -670.044
248.481 -680.741
249.498 -566.789
250.516 -208.583
251.533 201.033
252.550 313.942
253.568 311.132
254.585 648.122
255.602 19.411
256.619 1712.732
257.637 1427.112
258.654 684.291
259.669 -1542.608
260.686 -2385.194
261.703 -2532.768
262.720 -2672.003
263.737 -2702.545
264.755 -2487.913
265.772 -2413.724
266.789 -1619.733
267.807 -952.782
268.824 -197.581
269.841 -696.885
270.858 -790.055
271.876 -819.942
272.893 -390.523
273.910 -479.615
274.927 416.003
275.944 1782.730
276.961 332.328
277.978 -250.855
278.996 -528.120
280.013 -742.110
281.030 -702.216
282.047 -826.378
283.064 -502.458
284.082 -375.763
285.099 142.335
286.117 526.168
287.134 600.162
288.151 465.711
289.169 486.679
290.186 554.684
291.203 536.989
292.220 137.401
293.237 -660.464
294.255 -790.493
295.273 -989.667
296.290 -304.927
297.306 76.607
298.324 -1169.857
299.341 -1617.749
300.359 -1164.247
301.376 200.331
302.393 767.863
303.410 1031.992
304.428 1142.144
305.446 43.144
306.463 -357.241
307.480 -501.540
308.497 -921.888
309.515 -982.981
310.533 -1008.553
311.551 -1164.653
312.568 -823.922
313.585 -397.411
314.602 -184.102
315.619 -140.400
316.636 -164.495
317.653 602.729
318.670 284.312
319.687 148.988
320.705 -311.620
321.722 -334.688
322.739 -368.333
323.756 -305.748
324.774 -343.275
325.791 -474.016
326.808 -758.569
327.826 -476.026
328.843 -957.790
329.860 -1204.832
330.878 -1283.700
331.896 -559.986
332.913 -355.028
333.931 -394.872
334.948 -545.706
335.966 -258.806
336.982 -321.797
338.000 -73.076
339.017 -378.566
340.035 -197.776
341.053 -339.042
342.070 -179.978
343.087 -411.033
344.104 -477.659
345.122 -643.693
346.139 -489.138
347.156 -229.580
348.173 -91.849
349.190 266.860
350.207 1116.019
351.224 1162.619
352.243 373.439
353.259 -196.077
354.277 -572.621
355.294 -679.697
356.312 20.997
357.329 -1337.003
358.346 -858.270
359.363 -703.910
360.380 -595.563
361.398 -529.883
362.416 -431.981
363.433 -449.657
364.450 -570.629
365.467 -618.828
366.483 -568.947
367.497 -335.128
368.515 -122.718
369.532 183.802
370.551 144.409
371.568 389.578
372.586 147.733
373.603 -117.034
374.620 -36.997
375.637 -614.735
376.654 -772.867
377.671 -874.754
378.689 -999.004
379.706 -1057.930
380.723 -976.164
381.741 -926.303
382.758 -988.315
383.775 -1028.768
384.792 -692.823
385.809 708.850
386.827 985.797
387.844 224.886
388.862 -187.553
389.879 -443.204
390.897 -383.895
391.914 -2.211
392.931 -193.578
393.948 -460.690
394.966 -718.949
395.983 -484.970
397.000 -302.676
398.018 -35.061
399.035 29.300
400.052 -342.778
401.069 -282.598
402.087 -271.754
403.105 -340.389
404.121 -499.673
405.138 -475.957
406.156 -711.291
407.173 -525.131
408.190 -459.524
409.207 -808.280
410.225 -1564.877
411.241 -1132.866
412.259 -478.340
413.276 -297.168
414.293 -836.678
415.310 -448.817
416.328 -179.254
417.345 -388.674
418.362 -327.835
419.380 -268.681
420.397 -8.642
421.415 -29.313
422.432 -77.310
423.449 -455.164
424.466 -2393.147
425.485 -2066.538
426.502 -2098.225
427.520 -880.866
428.537 -358.700
429.554 -1027.067
430.572 -299.936
431.589 -45.249
432.606 12.642
433.623 -101.086
434.641 174.248
435.658 -443.288
436.676 -413.931
437.693 -637.737
438.710 -622.426
439.728 -719.369
440.745 -836.800
441.763 -1053.806
442.780 -1071.677
443.799 -884.283
444.816 -841.719
445.834 -336.591
446.851 -260.939
447.868 -173.509
448.885 -207.369
449.903 92.767
450.920 89.884
451.938 -90.589
452.955 -105.720
453.971 -136.485
454.988 389.643
456.006 652.556
457.023 280.935
458.040 -777.863
459.058 -960.111
460.075 -638.044
461.092 -660.871
462.109 -699.929
463.127 -584.651
464.144 -759.930
