1741041075.834646225 5.146 5.146 5.146 5.146 5.146 5.146 5.146 1 5.146 5.146 5.146 5.146 5.146 1
1741041077.907500982 -0.789 -0.789 5.146 3.68129 2.1785 2.9675 2.1785 2 5.146 3.68129 2.1785 2.9675 2.1785 2
1741041080.402663469 4.926 4.926 5.146 4.13801 3.09433 3.62033 3.09433 3 5.146 4.13801 3.09433 3.62033 3.09433 3
1741041082.686385632 0.470 0.470 5.146 3.59132 2.43825 2.83275 2.43825 4 5.146 3.59132 2.43825 2.83275 2.43825 4
1741041084.908146143 1.206 1.206 5.146 3.25714 2.1918 2.5074 2.1918 5 5.146 3.25714 2.1918 2.5074 2.1918 5
1741041087.160275221 1.292 1.292 5.146 3.01977 2.04183 2.30483 2.04183 6 5.146 3.01977 2.04183 2.30483 2.04183 6
1741041089.193806648 -12.781 -12.781 12.781 5.58145 -0.0757143 3.80143 -0.0757143 7 12.781 5.58145 -0.0757143 3.80143 -0.0757143 7
1741041091.415102720 2.540 2.540 12.781 5.29763 0.25125 3.64375 0.25125 8 12.781 5.29763 0.25125 3.64375 0.25125 8
1741041094.199364424 9.989 9.989 12.781 6.00277 1.33322 4.34878 1.33322 9 12.781 6.00277 1.33322 4.34878 1.33322 9
1741041096.389373541 -6.509 -6.509 12.781 6.0553 0.549 4.5648 0.549 10 12.781 6.0553 0.549 4.5648 0.549 10
1741041098.548000336 -8.501 -25.688 25.688 9.66032 -1.83618 6.48509 -1.83618 11 12.781 6.31689 -0.273727 4.92264 -0.273727 11
1741041100.769545794 -17.500 -17.500 25.688 10.5388 -3.1415 7.403 -3.1415 12 17.5 7.88027 -1.70925 5.97075 -1.70925 12
1741041103.303492785 5.234 5.234 25.688 10.2289 -2.49723 7.23615 -2.49723 13 17.5 7.70903 -1.17515 5.91408 -1.17515 13
1741041105.524891615 2.032 2.032 25.688 9.87173 -2.17371 6.86443 -2.17371 14 17.5 7.44843 -0.946071 5.63679 -0.946071 14
1741041107.621347666 -8.397 -8.397 25.688 9.78033 -2.5886 6.9666 -2.5886 15 17.5 7.51539 -1.4428 5.8208 -1.4428 15
1741041109.686465502 -9.940 -9.940 25.688 9.79039 -3.04806 7.15244 -3.04806 16 17.5 7.68936 -1.97387 6.07825 -1.97387 16
1741041111.719955921 -9.925 -9.925 25.688 9.79836 -3.45259 7.31553 -3.45259 17 17.5 7.83854 -2.44159 6.30453 -2.44159 17
1741041114.911560297 19.173 19.173 25.688 10.5402 -2.19561 7.97428 -2.19561 18 19.173 8.8573 -1.24078 7.01944 -1.24078 18
1741041116.975660801 -3.158 -3.158 25.688 10.2847 -2.24626 7.72079 -2.24626 19 19.173 8.65145 -1.34168 6.81621 -1.34168 19
1741041119.603935719 -10.893 -28.912 28.912 11.9281 -3.57955 8.78035 -3.57955 20 19.173 8.77713 -1.81925 7.02005 -1.81925 20
1741041121.637647390 -10.504 -20.084 28.912 12.4384 -4.36548 9.31862 -4.36548 21 19.173 8.86699 -2.23281 7.18595 -2.23281 21
1741041123.702795982 -10.857 -10.857 28.912 12.3709 -4.66055 9.38855 -4.66055 22 19.173 8.96703 -2.62482 7.35282 -2.62482 22
1741041125.861580133 1.755 1.755 28.912 12.1045 -4.38161 9.05665 -4.38161 23 19.173 8.77756 -2.43439 7.10943 -2.43439 23
1741041127.895138979 0.005 0.005 28.912 11.8496 -4.19883 8.6795 -4.19883 24 19.173 8.59275 -2.33275 6.81342 -2.33275 24
1741041130.179034472 -11.536 -11.536 28.912 11.8373 -4.49232 8.79376 -4.49232 25 19.173 8.72956 -2.70088 7.00232 -2.70088 25
1741041132.337597370 -3.078 -3.078 28.912 11.6231 -4.43792 8.57392 -4.43792 26 19.173 8.58129 -2.71538 6.85138 -2.71538 26
1741041134.746593237 0.331 0.331 28.912 11.406 -4.2613 8.26863 -4.2613 27 19.173 8.42112 -2.60256 6.60989 -2.60256 27
1741041136.811364651 4.682 4.682 28.912 11.2353 -3.94189 8.14054 -3.94189 28 19.173 8.31658 -2.34239 6.54104 -2.34239 28
1741041138.876353979 -5.059 -5.059 28.912 11.0798 -3.98041 8.03428 -3.98041 29 19.173 8.22575 -2.43607 6.48993 -2.43607 29
1741041141.003800392 -9.939 -9.939 28.912 11.0437 -4.17903 8.09777 -4.17903 30 19.173 8.28857 -2.68617 6.6049 -2.68617 30
1741041143.037398100 -18.069 -18.069 28.912 11.3385 -4.6271 8.41942 -4.6271 31 19.173 8.77588 -3.18239 6.97471 -3.18239 31
1741041145.383908272 -5.732 -5.732 28.912 11.2058 -4.66162 8.33544 -4.66162 32 19.173 8.6969 -3.26206 6.93587 -3.26206 32
1741041147.636298418 18.535 18.535 28.912 11.4968 -3.9587 8.64452 -3.9587 33 19.173 9.15175 -2.60155 7.28736 -2.60155 33
1741041150.483925343 1.723 1.723 28.912 11.3303 -3.79159 8.44094 -3.79159 34 19.173 9.021 -2.47435 7.12371 -2.47435 34
1741041154.612965345 -11.556 -11.556 28.912 11.3368 -4.01343 8.52994 -4.01343 35 19.173 9.10324 -2.73383 7.25034 -2.73383 35
1741041157.867311954 -19.531 -19.531 28.912 11.6425 -4.44447 8.83553 -4.44447 36 19.531 9.54794 -3.20042 7.59147 -3.20042 36
1741041159.932242870 5.903 5.903 28.912 11.5251 -4.16481 8.75627 -4.16481 37 19.531 9.46789 -2.95438 7.54584 -2.95438 37
1741041161.996738672 13.689 13.689 28.912 11.5872 -3.69497 8.88608 -3.69497 38 19.531 9.60278 -2.51639 7.7075 -2.51639 38
1741041164.593711376 -8.750 -8.750 28.912 11.5232 -3.82459 8.88259 -3.82459 39 19.531 9.58186 -2.67623 7.73423 -2.67623 39
1741041166.689750671 -3.136 -3.136 28.912 11.389 -3.80737 8.73893 -3.80737 40 19.531 9.47431 -2.68772 7.61928 -2.68772 40
1741041168.723352909 7.545 7.545 28.912 11.3108 -3.53049 8.7098 -3.53049 41 19.531 9.43195 -2.43815 7.61746 -2.43815 41
1741041170.757399321 -6.856 -6.856 28.912 11.2253 -3.60967 8.66567 -3.60967 42 19.531 9.37884 -2.54333 7.59933 -2.54333 42
1741041175.043468237 -1.190 -1.190 28.912 11.0955 -3.5534 8.49181 -3.5534 43 19.531 9.27092 -2.51186 7.45028 -2.51186 43
1741041177.108073711 14.377 14.377 28.912 11.1808 -3.14589 8.62557 -3.14589 44 19.531 9.41776 -2.12802 7.6077 -2.12802 44
1741041179.798824787 -11.403 -11.403 28.912 11.1858 -3.32938 8.68729 -3.32938 45 19.531 9.4664 -2.33413 7.69204 -2.33413 45
1741041182.176877737 -14.231 -14.231 28.912 11.2607 -3.56637 8.8078 -3.56637 46 19.531 9.59517 -2.59276 7.8342 -2.59276 46
1741041184.242027760 -18.063 -18.063 28.912 11.4476 -3.87481 9.00472 -3.87481 47 19.531 9.85142 -2.92191 8.05183 -2.92191 47
1741041186.526364565 -2.629 -2.629 28.912 11.3341 -3.84885 8.8719 -3.84885 48 19.531 9.75564 -2.91581 7.93885 -2.91581 48
1741041190.531149626 5.800 5.800 28.912 11.2484 -3.65194 8.8092 -3.65194 49 19.531 9.69107 -2.73794 7.8952 -2.73794 49
1741041193.065016747 2.047 2.047 28.912 11.1391 -3.53796 8.67396 -3.53796 50 19.531 9.59803 -2.64224 7.77824 -2.64224 50
1741041195.161348104 -6.597 -6.597 28.912 11.068 -3.59794 8.63324 -3.59794 51 19.531 9.54826 -2.71978 7.75508 -2.71978 51
1741041197.194806576 -5.195 -5.195 28.912 10.9847 -3.62865 8.56712 -3.62865 52 19.531 9.48341 -2.76738 7.70585 -2.76738 52
1741041200.824446440 6.594 6.594 28.912 10.9182 -3.43577 8.52989 -3.43577 53 19.531 9.43708 -2.59075 7.68487 -2.59075 53
1741041203.421355247 -1.349 -1.349 28.912 10.8182 -3.39713 8.39691 -3.39713 54 19.531 9.3511 -2.56776 7.56754 -2.56776 54
1741041206.299812078 -9.057 -9.057 28.912 10.7887 -3.50004 8.40891 -3.50004 55 19.531 9.34583 -2.68575 7.59462 -2.68575 55
1741041208.646153450 3.466 3.466 28.912 10.702 -3.37564 8.32064 -3.37564 56 19.531 9.27358 -2.57589 7.52089 -2.57589 56
1741041210.773596048 2.612 2.612 28.912 10.6134 -3.2706 8.22049 -3.2706 57 19.531 9.19838 -2.48488 7.43477 -2.48488 57
1741041213.026190519 -1.212 -1.212 28.912 10.5227 -3.2351 8.09966 -3.2351 58 19.531 9.12013 -2.46293 7.32748 -2.46293 58
1741041215.091155767 -2.800 -2.800 28.912 10.4395 -3.22773 8.00983 -3.22773 59 19.531 9.04986 -2.46864 7.25075 -2.46864 59
1741041217.249696493 11.582 11.582 28.912 10.4595 -2.9809 8.06937 -2.9809 60 19.531 9.09784 -2.23447 7.32293 -2.23447 60
1741041219.377145529 13.198 13.198 28.912 10.5102 -2.71567 8.15344 -2.71567 61 19.531 9.17983 -1.98148 7.41925 -1.98148 61
1741041221.598418951 7.333 7.333 28.912 10.4666 -2.5536 8.14021 -2.5536 62 19.531 9.153 -1.83124 7.41785 -1.83124 62
1741041224.476709366 -11.034 -11.034 28.912 10.4758 -2.68821 8.18614 -2.68821 63 19.531 9.18586 -1.97732 7.47525 -1.97732 63
1741041227.105786324 -11.068 -32.421 32.421 11.1558 -3.15278 8.56481 -3.15278 64 19.531 9.21823 -2.11936 7.53139 -2.11936 64
1741041229.139316320 0.342 0.342 32.421 11.0698 -3.09902 8.43831 -3.09902 65 19.531 9.14714 -2.08149 7.42078 -2.08149 65
1741041231.392263651 6.130 6.130 32.421 11.0115 -2.95918 8.40333 -2.95918 66 19.531 9.10889 -1.95708 7.40123 -1.95708 66
1741041233.739072561 -6.475 -6.475 32.421 10.9576 -3.01166 8.37455 -3.01166 67 19.531 9.0752 -2.02451 7.3874 -2.02451 67
1741041237.275016546 5.860 5.860 32.421 10.8999 -2.88119 8.33757 -2.88119 68 19.531 9.03621 -1.90856 7.36494 -1.90856 68
1741041239.809373379 -4.285 -4.285 32.421 10.8329 -2.90154 8.27884 -2.90154 69 19.531 8.98531 -1.943 7.3203 -1.943 69
1741041242.344254732 -4.493 -4.493 32.421 10.7686 -2.92427 8.22476 -2.92427 70 19.531 8.93705 -1.97943 7.27991 -1.97943 70
1741041245.880208492 -9.070 -9.070 32.421 10.7466 -3.01083 8.23666 -3.01083 71 19.531 8.93893 -2.0793 7.30513 -2.0793 71
1741041248.164223909 2.881 2.881 32.421 10.6771 -2.929 8.16228 -2.929 72 19.531 8.88313 -2.0104 7.24368 -2.0104 72
1741041251.574773073 10.433 10.433 32.421 10.6738 -2.74596 8.19338 -2.74596 73 19.531 8.90618 -1.83995 7.28737 -1.83995 73
1741041253.983981609 -4.984 -4.984 32.421 10.6172 -2.7762 8.15001 -2.7762 74 19.531 8.86476 -1.88243 7.25624 -1.88243 74
1741041256.361597538 -13.860 -13.860 32.421 10.667 -2.92399 8.22615 -2.92399 75 19.531 8.94972 -2.04213 7.34429 -2.04213 75
1741041258.614642382 3.502 3.502 32.421 10.6042 -2.83943 8.16399 -2.83943 76 19.531 8.89971 -1.96918 7.29374 -1.96918 76
1741041261.617655993 2.624 2.624 32.421 10.5393 -2.76848 8.09204 -2.76848 77 19.531 8.84679 -1.90953 7.23309 -1.90953 77
1741041263.776275396 0.397 0.397 32.421 10.4716 -2.7279 7.99338 -2.7279 78 19.531 8.79001 -1.87996 7.14545 -1.87996 78
1741041265.934861898 -6.489 -6.489 32.421 10.4307 -2.77551 7.97434 -2.77551 79 19.531 8.76466 -1.9383 7.13714 -1.9383 79
1741041269.689488649 0.040 0.040 32.421 10.3653 -2.74031 7.87516 -2.74031 80 19.531 8.70971 -1.91357 7.04843 -1.91357 80
1741041272.129354239 -0.153 -0.153 32.421 10.3012 -2.70837 7.77983 -2.70837 81 19.531 8.6558 -1.89184 6.9633 -1.89184 81
1741041274.319477081 9.062 9.062 32.421 10.287 -2.56483 7.79546 -2.56483 82 19.531 8.66086 -1.75826 6.98889 -1.75826 82
1741041277.197513103 0.541 0.541 32.421 10.225 -2.52741 7.70806 -2.52741 83 19.531 8.60874 -1.73055 6.9112 -1.73055 83
1741041279.293469667 2.693 2.693 32.421 10.1682 -2.46526 7.64836 -2.46526 84 19.531 8.56238 -1.67789 6.86099 -1.67789 84
1741041281.858868122 3.791 3.791 32.421 10.1165 -2.39166 7.60298 -2.39166 85 19.531 8.52179 -1.61355 6.82487 -1.61355 85
1741041286.645934582 -3.244 -3.244 32.421 10.0636 -2.40157 7.55229 -2.40157 86 19.531 8.47932 -1.63251 6.78323 -1.63251 86
1741041290.275427580 -19.438 -19.438 32.421 10.2204 -2.59739 7.68891 -2.59739 87 19.531 8.68421 -1.83717 6.92869 -1.83717 87
1741041293.435530901 -13.004 -13.004 32.421 10.2562 -2.71565 7.74931 -2.71565 88 19.531 8.74529 -1.96407 6.99773 -1.96407 88
1741041296.063091755 1.714 1.714 32.421 10.2001 -2.66588 7.68149 -2.66588 89 19.531 8.69792 -1.92274 6.93836 -1.92274 89
1741041298.941374540 0.258 0.258 32.421 10.1433 -2.63339 7.59901 -2.63339 90 19.531 8.6495 -1.89851 6.86413 -1.89851 90
1741041301.412961721 0.960 0.960 32.421 10.0879 -2.5939 7.52605 -2.5939 91 19.531 8.60244 -1.8671 6.79925 -1.8671 91
1741041304.667151690 10.269 10.269 32.421 10.0899 -2.45409 7.55587 -2.45409 92 19.531 8.62228 -1.73518 6.83697 -1.73518 92
1741041306.982074022 9.190 9.190 32.421 10.0806 -2.32888 7.57344 -2.32888 93 19.531 8.62858 -1.61771 6.86227 -1.61771 93
1741041309.047384739 -5.707 -5.707 32.421 10.0441 -2.36482 7.55359 -2.36482 94 19.531 8.60273 -1.66121 6.84998 -1.66121 94
1741041311.174648285 4.442 4.442 32.421 10.0015 -2.29317 7.52083 -2.29317 95 19.531 8.56946 -1.59697 6.82463 -1.59697 95
1741041313.583629131 1.374 1.374 32.421 9.95028 -2.25497 7.4568 -2.25497 96 19.531 8.52586 -1.56602 6.76785 -1.56602 96
1741041315.617222309 -11.879 -11.879 32.421 9.97207 -2.35419 7.50239 -2.35419 97 19.531 8.56713 -1.67234 6.82055 -1.67234 97
1741041317.994976282 -18.244 -18.244 32.421 10.0908 -2.51633 7.612 -2.51633 98 19.531 8.72027 -1.84144 6.93711 -1.84144 98
1741041320.028525591 3.201 3.201 32.421 10.0448 -2.45858 7.56744 -2.45858 99 19.531 8.68208 -1.79051 6.89937 -1.79051 99
1741041323.222919226 13.157 13.157 32.421 10.0807 -2.30242 7.62334 -2.30242 100 19.531 8.73818 -1.64103 6.96195 -1.64103 100
1741041325.441612244 -3.203 -3.203 32.421 10.0357 -2.31134 7.57957 -2.31143 101 19.531 8.70065 -1.6565 6.92473 -1.65665 101
1741041327.631018639 -0.121 -0.121 32.421 9.98644 -2.28986 7.50645 -2.28952 102 19.531 8.65791 -1.64144 6.85803 -1.64129 102
1741041329.821002960 1.022 1.022 32.421 9.93835 -2.25771 7.4435 -2.25641 103 19.531 8.61636 -1.61558 6.80137 -1.61466 103
1741041332.042029619 1.322 1.322 32.421 9.89131 -2.22329 7.38463 -2.22062 104 19.531 8.57582 -1.58734 6.74868 -1.58529 104
1741041334.169714451 -0.511 -0.511 32.421 9.84422 -2.20698 7.31917 -2.20353 105 19.531 8.53503 -1.57709 6.68928 -1.57455 105
1741041337.454843283 -1.394 -1.394 32.421 9.79861 -2.19931 7.26327 -2.19543 106 19.531 8.49575 -1.57536 6.63932 -1.57275 106
1741041339.707396507 -7.119 -7.119 32.421 9.77697 -2.24529 7.26193 -2.24467 107 19.531 8.48392 -1.62717 6.6438 -1.62821 107
1741041341.740996122 12.642 12.642 32.421 9.80734 -2.10744 7.31174 -2.0958 108 19.531 8.53172 -1.49505 6.69934 -1.48551 108
1741041344.337692022 7.331 7.331 32.421 9.78746 -2.02085 7.31192 -2.00153 109 19.531 8.52147 -1.41407 6.70514 -1.39734 109
1741041346.371511698 0.370 0.370 32.421 9.74294 -1.99912 7.24881 -1.97782 110 19.531 8.48272 -1.39785 6.64755 -1.37967 110
1741041348.906018257 -10.463 -10.463 32.421 9.74966 -2.07537 7.27777 -2.06267 111 19.531 8.50262 -1.47952 6.68192 -1.4705 111
1741041351.221042395 -5.517 -5.517 32.421 9.72003 -2.1061 7.26204 -2.09721 112 19.531 8.48062 -1.51557 6.67152 -1.51097 112
1741041353.630110741 3.984 3.984 32.421 9.68418 -2.0522 7.23304 -2.0364 113 19.531 8.45132 -1.4669 6.64773 -1.45602 113
1741041355.694914579 14.152 14.152 32.421 9.73229 -1.91006 7.29373 -1.87452 114 19.531 8.51793 -1.32989 6.71356 -1.29994 114
1741041357.885059595 -2.478 -2.478 32.421 9.69264 -1.915 7.25185 -1.88055 115 19.531 8.48397 -1.33988 6.67673 -1.31172 115
1741041359.981670380 -9.315 -9.315 32.421 9.68945 -1.97879 7.26964 -1.95489 116 19.531 8.49148 -1.40863 6.69947 -1.39175 116
1741041363.391774178 2.110 2.110 32.421 9.64992 -1.94385 7.22554 -1.91425 117 19.531 8.45736 -1.37856 6.66025 -1.35673 117
1741041365.706804991 -7.339 -7.339 32.421 9.63267 -1.98957 7.2265 -1.96849 118 19.531 8.4485 -1.42907 6.666 -1.41655 118
1741041368.335050821 9.058 9.058 32.421 9.62798 -1.89673 7.24189 -1.85823 119 19.531 8.45381 -1.34094 6.6861 -1.31181 119
1741041370.524812460 7.687 7.687 32.421 9.61343 -1.81687 7.2456 -1.76278 120 19.531 8.44771 -1.26571 6.69444 -1.22182 120
1741041372.902381420 -1.674 -1.674 32.421 9.57483 -1.81569 7.19955 -1.76189 121 19.531 8.4141 -1.26908 6.65295 -1.22634 121
1741041375.999625683 -4.072 -4.072 32.421 9.54263 -1.83418 7.17392 -1.78499 122 19.531 8.38765 -1.29206 6.6318 -1.2548 122
1741041378.127022743 -3.243 -3.243 32.421 9.50826 -1.84563 7.14196 -1.79957 123 19.531 8.3586 -1.30792 6.60424 -1.27468 123
1741041380.661159992 -1.459 -1.459 32.421 9.47075 -1.84252 7.09613 -1.79616 124 19.531 8.32586 -1.30914 6.56275 -1.27652 124
1741041382.788400412 -1.008 -1.008 32.421 9.43322 -1.83584 7.04742 -1.78828 125 19.531 8.29298 -1.30673 6.51831 -1.27384 125
1741041385.416689157 10.028 10.028 32.421 9.43809 -1.74168 7.07108 -1.67012 126 19.531 8.30818 -1.21677 6.54617 -1.16082 126
1741041388.138299704 17.823 17.823 32.421 9.53296 -1.58763 7.15574 -1.47519 127 19.531 8.42518 -1.06685 6.63496 -0.970982 127
1741041390.766387463 -1.180 -1.180 32.421 9.49622 -1.58445 7.10905 -1.47224 128 19.531 8.39285 -1.06773 6.59234 -0.973073 128
1741041393.425900221 -12.777 -12.777 32.421 9.526 -1.67121 7.15299 -1.58528 129 19.531 8.4356 -1.1585 6.64029 -1.09111 129
1741041395.584559917 -6.569 -6.569 32.421 9.50677 -1.70888 7.1485 -1.63512 130 19.531 8.42282 -1.20012 6.63974 -1.14589 130
1741041398.431379795 4.661 4.661 32.421 9.47916 -1.66026 7.12951 -1.57216 131 19.531 8.40049 -1.15538 6.62463 -1.08782 131
1741041400.528375626 -2.759 -2.759 32.421 9.44624 -1.66858 7.0964 -1.58403 132 19.531 8.37205 -1.16753 6.59535 -1.10453 132
1741041402.561328173 -0.820 -0.820 32.421 9.41093 -1.6622 7.04921 -1.57639 133 19.531 8.34082 -1.16492 6.55192 -1.10169 133
1741041404.813739777 1.445 1.445 32.421 9.37658 -1.63901 7.00739 -1.54617 134 19.531 8.31058 -1.14544 6.51381 -1.07622 134
1741041407.097490072 -9.546 -9.546 32.421 9.37785 -1.69759 7.02619 -1.62617 135 19.531 8.32041 -1.20767 6.53627 -1.16092 135
1741041409.663337231 0.320 0.320 32.421 9.34335 -1.68275 6.97688 -1.60671 136 19.531 8.28981 -1.19643 6.49057 -1.14611 136
1741041411.821577311 3.231 3.231 32.421 9.31328 -1.64688 6.94954 -1.55833 137 19.531 8.26411 -1.16412 6.46677 -1.10234 137
1741041414.386955976 -0.575 -0.575 32.421 9.2796 -1.63912 6.90335 -1.5485 138 19.531 8.23426 -1.15985 6.42408 -1.09707 138
1741041418.110540867 8.930 25.100 32.421 9.48809 -1.44675 7.03426 -1.28202 139 19.531 8.23947 -1.08726 6.44211 -0.996795 139
1741041420.926108837 1.028 1.028 32.421 9.45455 -1.42907 6.99136 -1.25892 140 19.531 8.21045 -1.07215 6.40344 -0.976547 140
1741041424.586357832 -5.995 -5.995 32.421 9.43448 -1.46145 6.98429 -1.30628 141 19.531 8.19685 -1.10706 6.40054 -1.02673 141
1741041426.713896751 -8.119 -8.119 32.421 9.42586 -1.50834 6.99228 -1.3744 142 19.531 8.1963 -1.15644 6.41264 -1.09765 142
1741041429.029193163 -7.081 -7.081 32.421 9.41149 -1.54731 6.9929 -1.43147 143 19.531 8.18903 -1.19787 6.41731 -1.15749 143
1741041431.187736273 6.908 6.908 32.421 9.3964 -1.48859 6.99231 -1.34807 144 19.531 8.18082 -1.14158 6.42072 -1.07683 144
1741041433.346749544 17.377 17.377 32.421 9.47449 -1.35848 7.06393 -1.16082 145 19.531 8.2793 -1.01387 6.49628 -0.892294 145
1741041435.411553383 3.819 3.819 32.421 9.44727 -1.32302 7.04171 -1.11103 146 19.531 8.25695 -0.980767 6.47795 -0.845182 146
1741041437.976842403 3.481 3.481 32.421 9.41946 -1.29034 7.01748 -1.06511 147 19.531 8.23382 -0.950415 6.45756 -0.80192 147
1741041440.041999340 -19.835 -19.835 32.421 9.52812 -1.41564 7.10409 -1.2528 148 19.835 8.36637 -1.07801 6.54795 -0.99225 148
1741041442.232651711 -19.035 -19.035 32.421 9.62328 -1.53389 7.18416 -1.43063 149 19.835 8.48281 -1.19853 6.63175 -1.17268 149
1741041444.296785593 -6.476 -6.476 32.421 9.60571 -1.56684 7.17944 -1.48108 150 19.835 8.471 -1.23371 6.63071 -1.22571 150
1741041446.737084150 17.957 17.957 32.421 9.68474 -1.43754 7.25081 -1.2867 151 19.835 8.56844 -1.10662 6.70572 -1.03388 151
1741041448.958461046 9.880 30.971 32.421 9.97435 -1.22433 7.40687 -0.964122 152 19.835 8.57772 -1.03434 6.72661 -0.924745 152
1741041451.148355007 17.598 17.598 32.421 10.043 -1.10131 7.47348 -0.778501 153 19.835 8.66721 -0.912562 6.79766 -0.739518 153
1741041453.432357550 8.586 8.586 32.421 10.0342 -1.0384 7.4807 -0.684856 154 19.835 8.66669 -0.850883 6.80927 -0.646263 154
1741041455.716173172 -13.353 -13.353 32.421 10.0591 -1.11785 7.51859 -0.811537 155 19.835 8.70501 -0.931542 6.85149 -0.77333 155
1741041457.906119108 -6.251 -6.251 32.421 10.0393 -1.15076 7.51046 -0.865932 156 19.835 8.69149 -0.965641 6.84764 -0.828107 156
1741041460.158598423 -1.176 -1.176 32.421 10.0077 -1.15092 7.47011 -0.869033 157 19.835 8.66427 -0.966981 6.81152 -0.831586 157
1741041463.005612135 -2.580 -2.580 32.421 9.97812 -1.15996 7.43916 -0.886142 158 19.835 8.63925 -0.97719 6.78473 -0.84907 158
1741041467.104509354 2.641 2.641 32.421 9.9489 -1.13606 7.40899 -0.850871 159 19.835 8.61458 -0.954434 6.75867 -0.814169 159
1741041470.577321529 9.906 9.906 32.421 9.94863 -1.06704 7.42459 -0.743302 160 19.835 8.62326 -0.886556 6.77834 -0.706967 160
1741041472.830083609 4.134 4.134 32.421 9.92304 -1.03474 7.40416 -0.694529 161 19.835 8.60261 -0.855373 6.76192 -0.658558 161
1741041474.863803864 2.353 2.353 32.421 9.89409 -1.01383 7.37298 -0.664054 162 19.835 8.57801 -0.835568 6.7347 -0.628442 162
1741041477.147683144 -15.531 -15.531 32.421 9.93843 -1.10289 7.42302 -0.812723 163 19.835 8.63774 -0.925724 6.78867 -0.777468 163
1741041479.588271379 -15.256 -15.256 32.421 9.97944 -1.18919 7.47079 -0.957156 164 19.835 8.69338 -1.0131 6.8403 -0.922253 164
1741041482.122437954 -2.398 -2.398 32.421 9.9509 -1.19652 7.44004 -0.971565 165 19.835 8.669 -1.0215 6.81338 -0.937011 165
1741041484.594348431 9.180 23.209 32.421 10.0831 -1.04949 7.53504 -0.729759 166 19.835 8.67217 -0.960042 6.82763 -0.83584 166
1741041486.627841234 8.998 20.204 32.421 10.1737 -0.922228 7.6109 -0.520421 167 19.835 8.67416 -0.900413 6.84063 -0.737502 167
1741041488.693254709 9.508 23.289 32.421 10.3013 -0.778113 7.70422 -0.282327 168 19.835 8.67936 -0.838458 6.85651 -0.635047 168
