0.000 1.839
0.115 1.782
0.232 1.770
0.349 1.742
0.467 1.724
0.584 1.662
0.702 -33.153
0.819 -33.236
0.936 -33.300
1.052 -33.364
1.168 -33.432
1.285 -33.478
1.402 -33.525
1.519 -33.600
1.636 -33.647
1.753 -33.714
1.871 -33.738
1.988 -33.772
2.105 -33.790
2.222 -33.832
2.339 -33.885
2.457 -33.877
2.575 -33.927
2.691 -33.951
2.808 -31.771
2.925 -31.850
3.042 -31.861
3.159 -31.912
3.276 -31.945
3.393 -31.973
3.511 -32.027
3.628 -32.041
3.745 -32.090
3.862 -32.095
3.979 -32.130
4.096 -32.198
4.213 -32.212
4.331 -32.271
4.448 -32.295
4.565 -32.367
4.682 -32.372
4.799 -32.471
4.916 -32.489
5.033 -32.527
5.150 -32.508
5.267 -29.118
5.385 -29.186
5.502 -29.202
5.619 -29.246
5.737 -29.282
5.853 -29.272
5.971 -29.329
6.088 -29.352
6.205 -29.409
6.322 -29.419
6.438 -29.495
6.556 -29.498
6.673 -29.590
6.790 -29.588
6.908 -29.666
7.025 -29.708
7.142 -29.755
7.260 -29.799
7.377 -29.875
7.494 -29.964
7.611 -30.003
7.729 -26.747
7.847 -26.568
7.964 -26.370
8.081 -26.183
8.198 -25.976
8.315 -25.827
8.432 -25.655
8.550 -25.453
8.667 -25.271
8.784 -25.064
8.902 -24.864
9.019 -24.662
9.136 -24.513
9.253 -24.276
9.370 -24.111
9.487 -23.887
9.604 -23.696
9.722 -23.500
9.839 -23.332
9.956 -23.191
10.073 -22.971
10.190 -22.837
10.307 -22.678
10.424 -22.450
10.542 -35.698
10.659 -35.500
10.775 -35.376
10.892 -35.183
11.009 -35.014
11.126 -34.879
11.244 -34.737
11.361 -34.584
11.478 -34.422
12.495 -32.971
13.513 -33.928
14.530 -33.827
15.547 -33.137
16.564 -30.865
17.581 -30.324
18.598 -30.768
19.616 -30.135
20.633 -29.389
21.650 -28.816
22.667 -30.703
23.684 -32.812
24.701 -34.903
25.719 -37.062
26.737 -32.800
27.754 -31.075
28.771 -30.795
29.788 -33.503
30.807 -35.694
31.823 -42.169
32.840 -46.301
33.858 -49.118
34.875 -47.388
35.892 -46.990
36.910 -44.254
37.927 -43.029
38.944 -36.181
39.962 -33.371
40.980 -33.284
41.997 -37.133
43.014 -40.079
44.032 -42.682
45.049 -43.467
46.066 -41.278
47.084 -39.877
48.101 -36.895
49.119 -35.180
50.136 -32.546
51.153 -32.005
52.170 -36.248
53.188 -45.494
54.205 -49.185
55.222 -49.217
56.239 -49.638
57.257 -48.180
58.273 -45.133
59.291 -42.599
60.309 -39.787
61.327 -37.087
62.344 -34.213
63.362 -34.563
64.379 -36.638
65.397 -38.400
66.415 -39.805
67.432 -37.274
68.450 -34.473
69.467 -33.737
70.484 -33.266
71.501 -33.124
72.519 -34.076
73.536 -35.527
74.554 -38.674
75.570 -40.762
76.587 -41.808
77.604 -40.536
78.621 -39.432
79.638 -35.795
80.655 -32.573
81.672 -25.524
82.691 -22.233
83.707 -20.671
84.725 -23.392
85.743 -32.351
86.760 -37.392
87.777 -39.138
88.795 -41.011
89.812 -42.869
90.830 -44.598
91.846 -42.115
92.864 -39.033
93.881 -38.022
94.899 -37.805
95.917 -31.724
96.934 -26.461
97.951 -28.203
98.968 -30.866
99.986 -37.329
101.003 -42.496
102.021 -40.743
103.038 -39.004
104.055 -38.845
105.072 -38.252
106.089 -38.098
107.105 -42.102
108.123 -43.823
109.140 -41.572
110.157 -40.615
111.174 -40.701
112.191 -40.657
113.208 -40.831
114.226 -41.116
115.242 -49.261
116.260 -53.988
117.276 -56.570
118.294 -51.599
119.311 -49.251
120.328 -43.098
121.346 -39.863
122.363 -32.134
123.381 -28.930
124.398 -28.743
125.415 -28.916
126.433 -29.081
127.451 -30.384
128.468 -33.786
129.486 -35.901
130.503 -36.629
131.520 -37.791
132.538 -36.878
133.555 -34.423
134.570 -32.665
135.587 -30.758
136.605 -29.684
137.623 -29.265
138.641 -30.601
139.658 -33.432
140.675 -34.007
141.692 -33.366
142.710 -32.756
143.727 -29.243
144.744 -26.718
145.762 -25.455
146.778 -26.771
147.796 -28.073
148.813 -29.404
149.830 -30.207
150.847 -29.726
151.864 -29.061
152.881 -28.121
153.898 -27.372
154.914 -33.445
155.932 -36.393
156.949 -38.020
157.966 -44.877
158.983 -48.332
160.001 -52.131
161.018 -54.053
162.035 -54.473
163.052 -49.301
164.069 -46.840
165.086 -41.721
166.103 -39.612
167.121 -39.948
168.138 -41.010
169.155 -44.000
170.172 -45.392
171.189 -45.561
172.207 -42.917
173.224 -41.555
174.242 -41.545
175.259 -44.334
176.277 -45.768
177.293 -45.807
178.311 -44.030
179.329 -42.711
180.346 -41.039
181.363 -40.157
182.381 -39.654
183.398 -37.808
184.415 -34.206
185.433 -33.584
186.449 -34.847
187.467 -35.728
188.484 -37.948
189.502 -42.398
190.519 -44.643
191.537 -44.651
192.554 -42.788
193.571 -39.625
194.588 -34.042
195.606 -31.983
196.623 -32.945
197.640 -34.465
198.657 -35.704
199.674 -36.891
200.691 -37.800
201.709 -38.261
202.726 -38.367
203.744 -35.610
204.760 -34.137
205.779 -33.426
206.796 -33.078
207.814 -33.122
208.831 -33.317
209.848 -33.316
210.866 -33.256
211.883 -37.596
212.901 -40.296
213.918 -41.527
214.936 -42.179
215.953 -42.754
216.971 -44.136
217.988 -44.967
219.005 -45.901
220.022 -47.763
221.039 -48.946
222.056 -50.132
223.074 -51.076
224.090 -49.992
225.108 -49.334
226.125 -48.669
227.142 -45.697
228.159 -37.154
229.175 -33.099
230.192 -31.293
231.209 -29.408
232.226 -24.070
233.243 -22.246
234.260 -22.995
235.277 -24.005
236.294 -24.548
237.311 -24.899
238.328 -25.580
239.345 -26.824
240.362 -27.840
241.379 -29.288
242.397 -34.308
243.415 -36.842
244.432 -38.752
245.450 -43.249
246.467 -44.806
247.485 -42.290
248.502 -41.762
249.520 -43.736
250.537 -44.971
251.554 -45.714
252.572 -44.611
253.589 -39.580
254.607 -37.187
255.624 -33.275
256.641 -25.714
257.658 -23.458
258.676 -25.003
259.693 -25.745
260.710 -28.880
261.726 -34.331
262.744 -34.746
263.761 -33.439
264.778 -33.288
265.795 -33.008
266.812 -33.155
267.829 -33.505
268.847 -34.163
269.863 -34.729
270.881 -35.403
271.898 -34.826
272.915 -34.231
273.933 -33.764
274.951 -32.944
275.967 -32.103
276.985 -29.580
278.002 -26.972
279.019 -25.627
280.037 -29.899
281.054 -34.096
282.072 -37.837
283.089 -40.292
284.106 -40.881
285.125 -41.172
286.142 -38.093
287.159 -34.391
288.176 -32.418
289.194 -30.166
290.212 -28.321
291.229 -29.187
292.247 -30.485
293.264 -36.036
294.281 -40.476
295.298 -40.348
296.315 -39.603
297.333 -39.270
298.351 -35.415
299.368 -32.630
300.386 -31.283
301.403 -32.137
302.421 -32.731
303.439 -29.278
304.457 -27.181
305.474 -26.134
306.491 -30.480
307.509 -32.822
308.527 -36.452
309.545 -38.402
310.561 -37.794
311.578 -36.963
312.596 -35.992
313.613 -33.944
314.631 -32.895
315.648 -32.086
316.665 -30.540
317.682 -29.702
318.699 -28.752
319.717 -27.888
320.733 -27.586
321.751 -27.215
322.768 -30.799
323.786 -33.686
324.803 -35.169
325.820 -42.486
326.837 -48.142
327.855 -50.793
328.872 -50.626
329.890 -50.033
330.907 -44.317
331.925 -40.603
332.942 -38.838
333.960 -35.432
334.977 -33.544
335.994 -35.781
337.012 -37.006
338.029 -36.907
339.046 -35.464
340.064 -34.778
341.081 -34.095
342.098 -34.110
343.115 -34.675
344.133 -32.966
345.151 -29.147
346.168 -27.337
347.185 -26.723
348.202 -26.855
349.219 -28.220
350.236 -29.397
351.254 -30.199
352.272 -29.751
353.289 -29.055
354.306 -28.289
355.324 -30.643
356.341 -33.753
357.359 -35.252
358.375 -35.969
359.393 -36.357
360.411 -36.657
361.428 -36.350
362.445 -33.639
363.463 -32.278
364.480 -30.816
365.497 -27.305
366.515 -24.634
367.532 -21.655
368.549 -21.547
369.567 -24.152
370.585 -28.507
371.602 -35.536
372.620 -38.996
373.637 -40.574
374.654 -41.341
375.672 -42.769
376.689 -43.864
377.706 -39.146
378.724 -31.583
379.741 -26.304
380.758 -19.241
381.775 -15.011
382.793 -12.626
383.810 -11.317
384.828 -16.406
385.845 -22.595
386.863 -27.453
387.880 -30.671
388.898 -37.311
389.916 -43.513
390.933 -47.741
391.951 -50.395
392.968 -51.830
393.985 -47.126
395.002 -42.858
396.020 -39.589
397.037 -37.529
398.055 -36.677
399.072 -36.034
400.089 -34.927
401.106 -33.781
402.124 -33.195
403.141 -32.512
404.158 -32.693
405.176 -33.629
406.194 -34.175
407.211 -34.809
408.228 -39.615
409.245 -42.048
410.263 -43.170
411.280 -45.209
412.298 -46.462
413.315 -47.496
414.332 -46.943
415.350 -39.586
416.367 -34.797
417.385 -27.724
418.403 -24.125
419.420 -22.117
420.438 -21.192
421.456 -21.874
422.473 -25.724
423.491 -27.629
424.508 -29.750
425.525 -33.112
426.542 -34.741
427.559 -39.633
428.577 -44.263
429.593 -48.816
430.610 -53.662
431.628 -58.605
432.645 -63.377
433.662 -68.239
434.679 -73.013
435.696 -77.571
