0 47.40 °C
1 46.85 °C
2 46.85 °C
3 46.85 °C
4 45.75 °C
5 46.30 °C
6 46.30 °C
7 46.85 °C
8 46.30 °C
9 46.85 °C
10 46.85 °C
11 45.20 °C
12 46.30 °C
13 45.75 °C
14 46.30 °C
15 46.30 °C
16 46.30 °C
17 46.30 °C
18 45.75 °C
19 44.65 °C
20 45.75 °C
21 45.20 °C
22 44.10 °C
23 44.65 °C
24 45.20 °C
25 44.65 °C
26 45.20 °C
27 45.20 °C
28 44.65 °C
29 44.10 °C
30 44.10 °C
31 45.20 °C
32 43.55 °C
33 44.10 °C
34 43.55 °C
35 43.00 °C
36 44.65 °C
37 44.65 °C
38 43.55 °C
39 45.20 °C
40 44.10 °C
41 44.10 °C
42 44.10 °C
43 44.10 °C
44 43.00 °C
45 43.55 °C
46 44.10 °C
47 42.45 °C
48 43.55 °C
49 41.90 °C
50 42.45 °C
51 44.10 °C
52 43.00 °C
53 43.00 °C
54 44.10 °C
55 43.55 °C
56 43.55 °C
57 43.00 °C
58 43.55 °C
59 44.10 °C
60 43.00 °C
61 41.90 °C
62 43.00 °C
63 43.55 °C
64 43.00 °C
65 41.90 °C
66 43.00 °C
67 43.00 °C
68 41.90 °C
69 43.00 °C
70 43.00 °C
71 42.45 °C
72 42.45 °C
74 43.00 °C
75 41.90 °C
76 41.90 °C
77 42.45 °C
78 42.45 °C
79 43.55 °C
80 41.90 °C
81 42.45 °C
82 41.35 °C
83 41.35 °C
84 41.90 °C
85 41.35 °C
86 41.90 °C
87 42.45 °C
88 41.90 °C
89 41.35 °C
90 41.35 °C
91 42.45 °C
92 43.55 °C
93 41.90 °C
94 41.35 °C
95 40.80 °C
96 41.90 °C
97 41.90 °C
98 41.90 °C
99 41.90 °C
100 42.45 °C
101 41.35 °C
102 41.90 °C
103 41.90 °C
104 41.90 °C
105 42.45 °C
106 41.35 °C
107 40.25 °C
108 41.90 °C
109 41.90 °C
110 40.80 °C
111 40.80 °C
112 41.90 °C
113 41.35 °C
114 41.35 °C
115 41.90 °C
116 41.35 °C
117 41.90 °C
118 39.70 °C
119 41.35 °C
120 41.35 °C
121 40.25 °C
122 41.35 °C
123 41.35 °C
124 41.35 °C
125 41.35 °C
126 40.25 °C
127 41.35 °C
128 40.80 °C
129 40.25 °C
130 42.45 °C
131 39.70 °C
132 39.70 °C
133 40.80 °C
134 41.35 °C
135 41.35 °C
136 41.35 °C
137 41.90 °C
138 40.80 °C
139 40.25 °C
140 40.80 °C
141 40.80 °C
142 41.90 °C
143 40.80 °C
144 41.35 °C
145 41.35 °C
146 40.25 °C
147 40.80 °C
148 40.80 °C
149 40.25 °C
150 40.80 °C
151 41.35 °C
152 40.25 °C
153 40.80 °C
154 40.25 °C
155 39.70 °C
156 40.25 °C
157 40.25 °C
158 40.80 °C
159 39.15 °C
160 41.35 °C
161 40.80 °C
162 39.70 °C
163 38.60 °C
164 40.25 °C
165 39.70 °C
166 40.25 °C
167 39.70 °C
168 39.70 °C
169 40.25 °C
171 39.15 °C
172 40.80 °C
173 40.80 °C
174 40.25 °C
175 40.80 °C
176 39.70 °C
177 39.70 °C
178 39.70 °C
179 39.70 °C
180 40.80 °C
181 40.25 °C
182 40.25 °C
183 39.15 °C
184 39.70 °C
185 40.25 °C
186 39.70 °C
187 39.15 °C
188 39.70 °C
189 39.70 °C
190 39.70 °C
191 39.70 °C
192 39.15 °C
193 39.70 °C
194 39.15 °C
195 39.15 °C
196 40.25 °C
197 39.70 °C
198 40.25 °C
199 39.70 °C
200 40.25 °C
201 39.70 °C
202 39.70 °C
203 39.15 °C
204 39.70 °C
205 39.70 °C
206 39.15 °C
207 40.25 °C
208 39.70 °C
209 39.70 °C
210 39.15 °C
211 40.80 °C
212 38.60 °C
213 40.25 °C
214 39.70 °C
215 40.25 °C
216 40.25 °C
217 38.60 °C
218 38.60 °C
219 39.70 °C
220 39.70 °C
221 38.05 °C
222 39.70 °C
223 40.25 °C
224 39.70 °C
225 39.15 °C
226 39.15 °C
227 39.70 °C
228 39.70 °C
229 39.70 °C
230 39.70 °C
231 40.25 °C
232 38.60 °C
233 39.70 °C
234 40.25 °C
235 39.70 °C
236 40.25 °C
237 39.70 °C
238 39.70 °C
239 40.25 °C
240 38.60 °C
241 39.70 °C
242 39.70 °C
243 40.25 °C
244 39.70 °C
245 39.70 °C
246 39.15 °C
247 40.25 °C
248 38.60 °C
249 39.70 °C
250 39.70 °C
251 38.60 °C
252 39.15 °C
253 40.25 °C
254 39.70 °C
255 40.25 °C
256 39.15 °C
257 39.70 °C
258 39.15 °C
259 39.70 °C
260 40.25 °C
261 39.70 °C
262 39.15 °C
263 39.15 °C
264 39.70 °C
265 40.25 °C
267 39.70 °C
268 39.70 °C
269 38.60 °C
270 39.70 °C
271 38.60 °C
272 39.70 °C
273 39.70 °C
274 39.70 °C
275 39.15 °C
276 40.25 °C
277 39.70 °C
278 39.15 °C
279 40.80 °C
280 39.70 °C
281 39.70 °C
282 40.25 °C
283 38.60 °C
284 39.70 °C
285 39.15 °C
286 40.80 °C
287 40.25 °C
288 38.60 °C
289 39.15 °C
290 39.15 °C
291 39.15 °C
292 40.25 °C
293 39.15 °C
294 40.25 °C
295 40.25 °C
296 40.25 °C
297 39.70 °C
298 40.25 °C
299 39.15 °C
300 40.25 °C
301 39.70 °C
302 39.70 °C
303 40.25 °C
304 40.80 °C
305 38.05 °C
306 39.70 °C
307 40.25 °C
308 40.25 °C
309 39.70 °C
310 39.15 °C
311 39.70 °C
312 40.80 °C
313 38.05 °C
314 40.25 °C
315 39.70 °C
316 39.70 °C
317 39.70 °C
318 38.60 °C
319 39.70 °C
320 39.15 °C
321 39.70 °C
322 40.25 °C
323 40.25 °C
324 39.70 °C
325 39.15 °C
326 39.15 °C
327 40.25 °C
328 39.70 °C
329 40.25 °C
330 40.25 °C
331 40.25 °C
332 39.70 °C
333 38.60 °C
334 39.15 °C
335 40.25 °C
336 39.70 °C
337 39.70 °C
338 40.25 °C
339 39.70 °C
340 40.25 °C
341 40.25 °C
342 39.70 °C
343 39.15 °C
344 39.15 °C
345 39.15 °C
346 40.25 °C
347 40.25 °C
348 40.25 °C
349 40.25 °C
350 39.15 °C
351 40.80 °C
352 41.35 °C
353 40.25 °C
354 40.80 °C
355 40.25 °C
356 40.25 °C
357 40.25 °C
358 41.90 °C
359 40.25 °C
360 40.25 °C
361 39.70 °C
363 39.70 °C
364 39.70 °C
365 39.15 °C
366 39.70 °C
367 39.70 °C
368 39.70 °C
369 40.25 °C
370 39.70 °C
371 40.25 °C
372 40.25 °C
373 38.60 °C
374 40.25 °C
375 40.25 °C
376 40.25 °C
377 40.25 °C
378 40.80 °C
379 40.80 °C
380 40.25 °C
381 41.90 °C
382 40.25 °C
383 39.70 °C
384 40.80 °C
385 40.80 °C
386 40.25 °C
387 40.80 °C
388 40.80 °C
389 39.15 °C
390 41.90 °C
391 39.70 °C
392 40.25 °C
393 40.25 °C
394 41.35 °C
395 40.25 °C
396 40.80 °C
397 41.35 °C
398 40.80 °C
399 40.80 °C
400 40.80 °C
401 40.25 °C
402 41.35 °C
403 40.25 °C
404 40.25 °C
405 41.35 °C
406 41.35 °C
407 41.35 °C
408 41.35 °C
409 41.90 °C
410 41.90 °C
411 41.35 °C
412 40.80 °C
413 41.35 °C
414 41.35 °C
415 41.90 °C
416 41.35 °C
417 42.45 °C
418 41.90 °C
419 41.90 °C
420 41.35 °C
421 40.25 °C
422 41.35 °C
423 41.90 °C
424 41.90 °C
425 41.35 °C
426 41.35 °C
427 40.80 °C
428 42.45 °C
429 40.80 °C
430 43.00 °C
431 40.25 °C
432 42.45 °C
433 42.45 °C
434 41.90 °C
435 41.90 °C
436 41.90 °C
437 41.90 °C
438 41.35 °C
439 41.35 °C
440 42.45 °C
441 42.45 °C
442 41.35 °C
443 41.35 °C
444 41.90 °C
445 41.90 °C
446 41.90 °C
447 41.90 °C
448 41.35 °C
449 41.35 °C
450 42.45 °C
451 41.35 °C
452 41.90 °C
453 41.90 °C
454 41.90 °C
455 42.45 °C
456 41.90 °C
457 42.45 °C
459 41.35 °C
460 41.35 °C
461 42.45 °C
462 43.00 °C
463 44.10 °C
464 42.45 °C
465 42.45 °C
466 41.90 °C
467 42.45 °C
468 43.00 °C
469 42.45 °C
470 41.35 °C
471 43.00 °C
472 43.00 °C
473 42.45 °C
474 42.45 °C
475 43.00 °C
476 42.45 °C
477 41.35 °C
478 42.45 °C
479 43.00 °C
480 42.45 °C
481 41.90 °C
482 43.00 °C
483 42.45 °C
484 42.45 °C
485 41.90 °C
486 42.45 °C
487 43.00 °C
488 42.45 °C
489 41.35 °C
490 41.90 °C
491 43.00 °C
492 42.45 °C
493 42.45 °C
494 41.90 °C
495 41.90 °C
496 43.55 °C
497 40.25 °C
498 44.65 °C
499 43.00 °C
500 41.35 °C
501 41.90 °C
502 43.00 °C
503 43.00 °C
504 42.45 °C
505 43.55 °C
506 43.55 °C
507 43.00 °C
508 43.00 °C
509 41.90 °C
510 42.45 °C
511 43.55 °C
512 43.55 °C
513 43.55 °C
514 42.45 °C
515 42.45 °C
516 43.00 °C
517 41.90 °C
518 43.00 °C
519 43.00 °C
520 41.90 °C
521 43.00 °C
522 43.00 °C
523 43.55 °C
524 43.55 °C
525 43.55 °C
526 42.45 °C
527 43.00 °C
528 43.55 °C
529 41.90 °C
530 42.45 °C
531 43.00 °C
532 43.00 °C
533 43.55 °C
534 42.45 °C
535 43.55 °C
536 44.10 °C
537 43.00 °C
538 43.55 °C
539 43.55 °C
540 44.10 °C
541 43.55 °C
542 43.55 °C
543 44.65 °C
544 42.45 °C
545 42.45 °C
546 44.10 °C
547 41.90 °C
548 43.00 °C
549 42.45 °C
550 43.00 °C
551 42.45 °C
552 43.00 °C
553 42.45 °C
555 44.10 °C
556 43.55 °C
557 43.55 °C
558 43.00 °C
559 44.65 °C
560 43.00 °C
561 44.10 °C
562 43.00 °C
563 43.55 °C
564 42.45 °C
565 43.55 °C
566 42.45 °C
567 43.55 °C
568 43.55 °C
569 42.45 °C
570 43.55 °C
571 43.55 °C
572 44.10 °C
573 43.55 °C
574 43.55 °C
575 43.00 °C
576 43.55 °C
577 43.00 °C
578 44.65 °C
579 43.00 °C
580 43.55 °C
581 42.45 °C
582 43.55 °C
583 43.00 °C
584 43.55 °C
585 43.55 °C
586 43.55 °C
587 43.55 °C
588 43.55 °C
589 44.10 °C
590 43.55 °C
591 45.20 °C
592 44.10 °C
593 43.00 °C
594 44.10 °C
595 43.55 °C
596 43.55 °C
597 44.10 °C
598 43.00 °C
599 44.10 °C
600 43.55 °C
601 44.65 °C
602 43.55 °C
603 44.10 °C
604 44.10 °C
605 42.45 °C
606 43.55 °C
607 44.10 °C
608 43.00 °C
609 44.10 °C
610 43.00 °C
611 43.55 °C
612 43.55 °C
613 44.10 °C
614 43.00 °C
615 43.55 °C
616 44.10 °C
617 43.55 °C
618 42.45 °C
619 42.45 °C
620 43.00 °C
621 44.10 °C
622 44.10 °C
623 43.00 °C
624 43.55 °C
625 43.00 °C
626 44.65 °C
627 44.10 °C
628 44.10 °C
629 42.45 °C
630 44.10 °C
631 43.55 °C
632 43.00 °C
633 42.45 °C
634 42.45 °C
635 43.00 °C
636 42.45 °C
637 43.00 °C
638 43.00 °C
639 41.35 °C
640 42.45 °C
641 41.90 °C
642 41.35 °C
643 41.35 °C
644 41.35 °C
645 41.90 °C
646 40.80 °C
647 41.90 °C
648 40.80 °C
649 41.35 °C
651 40.80 °C
652 41.90 °C
653 40.25 °C
654 40.25 °C
655 41.35 °C
656 39.70 °C
657 40.80 °C
658 40.80 °C
659 40.25 °C
660 40.80 °C
661 40.80 °C
662 40.80 °C
663 40.80 °C
664 40.25 °C
665 40.25 °C
666 39.70 °C
667 40.25 °C
668 39.15 °C
669 40.80 °C
670 40.25 °C
671 40.80 °C
672 39.15 °C
673 40.25 °C
674 39.70 °C
675 39.70 °C
676 39.15 °C
677 39.15 °C
678 39.70 °C
679 39.70 °C
680 38.60 °C
681 39.15 °C
682 39.70 °C
683 39.70 °C
684 39.70 °C
685 38.60 °C
686 39.15 °C
687 39.15 °C
688 38.60 °C
689 39.15 °C
690 38.05 °C
691 39.15 °C
692 38.05 °C
693 38.05 °C
694 39.15 °C
695 38.05 °C
696 38.05 °C
697 38.60 °C
698 38.60 °C
699 38.60 °C
700 38.60 °C
701 38.05 °C
702 38.60 °C
703 38.05 °C
704 37.50 °C
705 37.50 °C
706 38.60 °C
707 37.50 °C
708 37.50 °C
709 38.05 °C
710 36.40 °C
711 38.60 °C
712 38.60 °C
713 38.05 °C
714 38.60 °C
715 38.05 °C
716 38.05 °C
717 38.05 °C
718 37.50 °C
719 38.05 °C
720 37.50 °C
721 37.50 °C
722 38.05 °C
723 38.05 °C
724 36.95 °C
725 37.50 °C
726 38.05 °C
727 36.40 °C
728 39.15 °C
729 38.05 °C
730 37.50 °C
731 37.50 °C
732 37.50 °C
733 36.95 °C
734 36.95 °C
735 37.50 °C
736 36.40 °C
737 36.95 °C
738 36.95 °C
739 36.40 °C
740 36.95 °C
741 36.40 °C
742 36.95 °C
743 37.50 °C
744 36.95 °C
745 36.95 °C
746 37.50 °C
748 36.40 °C
749 37.50 °C
750 36.95 °C
751 36.40 °C
752 37.50 °C
753 36.95 °C
754 36.40 °C
755 36.95 °C
756 36.40 °C
757 38.05 °C
758 36.95 °C
759 36.40 °C
760 36.40 °C
761 36.95 °C
762 36.95 °C
763 36.95 °C
764 37.50 °C
765 36.95 °C
766 36.95 °C
767 37.50 °C
768 37.50 °C
769 36.95 °C
770 36.95 °C
771 35.85 °C
772 36.95 °C
773 36.95 °C
774 37.50 °C
775 36.40 °C
776 35.85 °C
777 36.95 °C
778 37.50 °C
779 37.50 °C
780 36.95 °C
781 36.40 °C
782 36.40 °C
783 36.40 °C
784 35.85 °C
785 35.30 °C
786 36.40 °C
787 36.40 °C
788 38.60 °C
789 35.85 °C
790 35.85 °C
791 36.95 °C
792 36.40 °C
793 35.85 °C
794 36.40 °C
795 36.95 °C
796 36.40 °C
797 36.40 °C
798 35.30 °C
799 38.05 °C
800 38.05 °C
801 35.85 °C
802 35.85 °C
803 36.95 °C
804 35.85 °C
805 35.85 °C
806 36.95 °C
807 35.85 °C
808 36.95 °C
809 36.95 °C
810 36.95 °C
811 36.95 °C
812 36.40 °C
813 36.95 °C
814 36.40 °C
815 36.40 °C
816 36.95 °C
817 36.40 °C
818 34.20 °C
819 35.85 °C
820 36.40 °C
821 36.40 °C
822 35.30 °C
823 35.30 °C
824 35.85 °C
825 36.40 °C
826 36.40 °C
827 35.85 °C
828 34.75 °C
829 36.40 °C
830 34.75 °C
831 35.85 °C
832 35.30 °C
833 35.30 °C
834 36.40 °C
835 34.75 °C
836 36.40 °C
837 36.40 °C
838 36.40 °C
839 36.95 °C
840 36.95 °C
841 36.40 °C
842 36.40 °C
844 35.30 °C
845 34.75 °C
846 35.30 °C
847 35.30 °C
848 35.30 °C
849 35.85 °C
850 36.40 °C
851 35.85 °C
852 36.40 °C
853 37.50 °C
854 36.40 °C
855 35.85 °C
856 35.85 °C
857 35.30 °C
858 36.40 °C
859 35.30 °C
860 35.85 °C
861 36.95 °C
862 36.40 °C
863 35.30 °C
864 35.30 °C
865 35.30 °C
866 34.75 °C
867 34.75 °C
868 35.30 °C
869 35.30 °C
870 36.40 °C
871 36.40 °C
872 34.75 °C
873 36.40 °C
874 36.40 °C
875 35.85 °C
876 36.40 °C
877 35.85 °C
878 35.30 °C
879 35.85 °C
880 36.40 °C
881 36.40 °C
882 34.75 °C
883 35.30 °C
884 35.30 °C
885 35.85 °C
886 36.40 °C
887 35.30 °C
888 35.85 °C
889 35.30 °C
890 34.75 °C
891 36.40 °C
892 35.85 °C
893 36.40 °C
894 36.40 °C
895 34.75 °C
896 36.40 °C
897 35.85 °C
898 35.85 °C
899 35.85 °C
900 35.85 °C
901 35.85 °C
902 35.85 °C
903 35.85 °C
904 36.95 °C
905 35.85 °C
906 36.40 °C
907 36.40 °C
908 36.40 °C
909 35.85 °C
910 35.85 °C
911 36.40 °C
912 35.85 °C
913 35.85 °C
914 34.75 °C
915 35.85 °C
916 35.30 °C
917 34.75 °C
918 34.75 °C
919 35.85 °C
920 35.30 °C
921 35.85 °C
922 35.85 °C
923 35.85 °C
924 35.30 °C
925 35.85 °C
926 35.85 °C
927 35.85 °C
928 35.85 °C
929 34.20 °C
930 35.85 °C
931 35.85 °C
932 35.85 °C
933 36.40 °C
934 35.85 °C
935 34.75 °C
936 35.30 °C
937 35.85 °C
938 35.85 °C
939 35.30 °C
940 35.30 °C
942 35.85 °C
943 35.30 °C
944 34.75 °C
945 35.85 °C
946 35.85 °C
947 35.30 °C
948 35.85 °C
949 35.85 °C
950 36.40 °C
951 35.85 °C
952 35.30 °C
953 34.75 °C
954 34.75 °C
955 35.85 °C
956 36.40 °C
957 36.40 °C
958 34.20 °C
959 36.40 °C
960 36.40 °C
961 36.40 °C
962 35.85 °C
963 36.40 °C
964 35.30 °C
965 35.30 °C
966 34.75 °C
967 35.30 °C
968 35.85 °C
969 35.85 °C
970 35.30 °C
971 34.75 °C
972 34.75 °C
973 35.85 °C
974 35.85 °C
975 34.75 °C
976 36.40 °C
977 34.75 °C
978 36.40 °C
979 35.85 °C
980 35.85 °C
981 36.40 °C
982 36.40 °C
983 36.40 °C
984 36.40 °C
985 35.85 °C
986 35.30 °C
987 35.30 °C
988 35.30 °C
989 36.95 °C
990 35.85 °C
991 34.75 °C
992 35.30 °C
993 35.85 °C
994 35.85 °C
995 35.85 °C
996 36.40 °C
997 35.30 °C
998 35.85 °C
999 35.85 °C
1000 35.30 °C
1001 35.30 °C
1002 35.30 °C
1003 35.30 °C
1004 36.40 °C
1005 35.85 °C
1006 35.85 °C
1007 36.40 °C
1008 35.30 °C
1009 35.85 °C
1010 36.40 °C
1011 36.40 °C
1012 34.75 °C
1013 34.75 °C
1014 34.75 °C
1015 35.85 °C
1016 36.40 °C
1017 35.85 °C
1018 35.30 °C
1019 35.30 °C
1020 35.85 °C
1021 35.30 °C
1022 36.40 °C
1023 35.30 °C
1024 35.30 °C
1025 36.40 °C
1026 35.30 °C
1027 35.85 °C
1028 35.30 °C
1029 36.40 °C
1030 36.40 °C
1031 35.85 °C
1032 35.30 °C
1033 35.85 °C
1034 35.85 °C
1035 36.40 °C
1036 34.75 °C
1038 35.30 °C
1039 35.30 °C
1040 35.30 °C
1041 35.85 °C
1042 35.30 °C
1043 35.85 °C
1044 35.85 °C
1045 35.85 °C
1046 35.85 °C
1047 34.75 °C
1048 35.30 °C
1049 34.75 °C
1050 36.40 °C
1051 35.30 °C
1052 34.75 °C
1053 36.40 °C
1054 35.85 °C
1055 35.30 °C
1056 36.40 °C
1057 35.30 °C
1058 35.30 °C
1059 35.85 °C
1060 35.85 °C
1061 36.40 °C
1062 35.30 °C
1063 35.85 °C
1064 35.30 °C
1065 35.30 °C
1066 35.85 °C
1067 34.75 °C
1068 35.30 °C
1069 35.85 °C
1070 36.40 °C
1071 36.40 °C
1072 35.85 °C
1073 35.30 °C
1074 35.85 °C
1075 36.40 °C
1076 35.85 °C
1077 35.30 °C
1078 35.85 °C
1079 36.40 °C
1080 35.85 °C
1081 34.75 °C
1082 35.85 °C
1083 35.85 °C
1084 35.30 °C
1085 35.30 °C
1086 35.85 °C
1087 34.75 °C
1088 35.85 °C
1089 34.75 °C
1090 35.85 °C
1091 35.30 °C
1092 35.30 °C
1093 35.85 °C
1094 35.30 °C
1095 36.40 °C
1096 35.85 °C
1097 35.85 °C
1098 36.40 °C
1099 35.30 °C
1100 35.85 °C
1101 36.40 °C
1102 36.40 °C
1103 35.30 °C
1104 35.30 °C
1105 35.85 °C
1106 36.40 °C
1107 35.85 °C
1108 36.40 °C
1109 34.75 °C
1110 34.75 °C
1111 35.30 °C
1112 35.85 °C
1113 36.95 °C
1114 35.85 °C
1115 35.30 °C
1116 35.30 °C
1117 35.85 °C
1118 35.30 °C
1119 36.40 °C
1120 35.85 °C
1121 35.85 °C
1122 36.40 °C
1123 36.40 °C
1124 36.40 °C
1125 35.30 °C
1126 36.95 °C
1127 35.30 °C
1128 35.85 °C
1129 35.85 °C
1130 35.85 °C
1131 35.85 °C
1132 36.95 °C
1134 35.85 °C
1135 35.85 °C
1136 35.85 °C
1137 35.30 °C
1138 36.40 °C
1139 35.85 °C
1140 35.85 °C
1141 35.85 °C
1142 34.75 °C
1143 35.85 °C
1144 35.30 °C
1145 35.30 °C
1146 35.85 °C
1147 35.30 °C
1148 34.75 °C
1149 35.85 °C
1150 35.30 °C
1151 36.40 °C
1152 35.30 °C
1153 35.30 °C
1154 36.40 °C
1155 35.30 °C
1156 35.30 °C
1157 35.30 °C
1158 35.30 °C
1159 35.85 °C
1160 35.85 °C
1161 34.75 °C
1162 36.40 °C
1163 35.30 °C
1164 36.40 °C
1165 35.85 °C
1166 35.30 °C
1167 36.40 °C
1168 36.40 °C
1169 35.85 °C
1170 35.85 °C
1171 35.30 °C
1172 35.30 °C
1173 35.85 °C
1174 36.40 °C
1175 35.30 °C
1176 35.30 °C
1177 35.30 °C
1178 35.30 °C
1179 35.85 °C
1180 34.75 °C
1181 35.85 °C
1182 35.30 °C
1183 35.85 °C
1184 35.85 °C
1185 34.20 °C
1186 36.40 °C
1187 35.30 °C
1188 35.30 °C
1189 36.40 °C
1190 35.85 °C
1191 35.30 °C
1192 35.85 °C
1193 35.30 °C
1194 35.85 °C
1195 36.40 °C
1196 35.85 °C
1197 35.85 °C
1198 35.30 °C
1199 34.75 °C
1200 35.85 °C
1201 35.30 °C
1202 35.85 °C
1203 35.85 °C
1204 34.75 °C
1205 36.40 °C
1206 35.30 °C
1207 35.85 °C
1208 34.75 °C
1209 35.30 °C
1210 34.75 °C
1211 35.85 °C
1212 35.30 °C
1213 36.40 °C
1214 35.30 °C
1215 36.40 °C
1216 36.40 °C
1217 35.85 °C
1218 35.85 °C
1219 35.85 °C
1220 35.85 °C
1221 36.40 °C
1222 35.85 °C
1223 37.50 °C
1224 35.85 °C
1225 35.30 °C
1226 35.85 °C
1227 35.85 °C
1228 36.40 °C
1230 37.50 °C
1231 35.30 °C
1232 35.85 °C
1233 35.30 °C
1234 35.30 °C
1235 35.85 °C
1236 36.40 °C
1237 35.30 °C
1238 35.85 °C
1239 35.85 °C
1240 35.30 °C
1241 35.30 °C
1242 34.75 °C
1243 35.30 °C
1244 35.85 °C
1245 36.40 °C
1246 34.75 °C
1247 36.40 °C
1248 35.30 °C
1249 36.40 °C
1250 35.85 °C
1251 35.30 °C
1252 35.85 °C
1253 35.85 °C
1254 36.40 °C
1255 35.85 °C
1256 35.30 °C
1257 35.30 °C
1258 35.85 °C
1259 36.40 °C
1260 35.85 °C
1261 34.75 °C
1262 35.85 °C
1263 35.85 °C
1264 34.75 °C
1265 35.85 °C
1266 36.40 °C
1267 35.85 °C
1268 36.40 °C
1269 35.85 °C
1270 35.85 °C
1271 35.85 °C
1272 36.95 °C
1273 36.40 °C
1274 35.85 °C
1275 35.85 °C
1276 36.40 °C
1277 35.85 °C
1278 35.85 °C
1279 35.85 °C
1280 35.30 °C
1281 35.85 °C
1282 35.30 °C
1283 34.75 °C
1284 35.85 °C
1285 36.40 °C
1286 36.40 °C
1287 36.40 °C
1288 35.85 °C
1289 35.85 °C
1290 35.85 °C
1291 34.20 °C
1292 35.30 °C
1293 34.75 °C
1294 35.85 °C
1295 35.85 °C
1296 35.30 °C
1297 35.85 °C
1298 35.30 °C
1299 35.85 °C
1300 35.85 °C
1301 36.40 °C
1302 35.30 °C
1303 35.30 °C
1304 35.85 °C
1305 34.75 °C
1306 35.85 °C
1307 34.75 °C
1308 35.85 °C
1309 35.85 °C
1310 34.75 °C
1311 35.85 °C
1312 35.85 °C
1313 35.85 °C
1314 35.30 °C
1315 35.30 °C
1316 35.30 °C
1317 36.40 °C
1318 35.85 °C
1319 35.30 °C
1320 34.75 °C
1321 35.85 °C
1322 35.30 °C
1323 35.85 °C
1324 35.85 °C
1325 34.75 °C
1327 35.30 °C
1328 36.95 °C
1329 35.85 °C
1330 34.75 °C
1331 34.75 °C
1332 36.40 °C
1333 36.40 °C
1334 35.30 °C
1335 35.85 °C
1336 35.30 °C
1337 35.30 °C
1338 35.85 °C
1339 34.75 °C
1340 35.85 °C
1341 36.40 °C
1342 35.30 °C
1343 34.20 °C
1344 35.30 °C
1345 35.85 °C
1346 35.30 °C
1347 36.40 °C
1348 34.75 °C
1349 35.85 °C
1350 35.30 °C
1351 36.40 °C
1352 35.85 °C
1353 35.30 °C
1354 35.30 °C
1355 35.85 °C
1356 36.40 °C
1357 35.85 °C
1358 35.85 °C
1359 35.85 °C
1360 34.75 °C
1361 35.30 °C
1362 36.40 °C
1363 35.85 °C
1364 35.85 °C
1365 36.40 °C
1366 36.40 °C
1367 35.30 °C
1368 36.40 °C
1369 35.85 °C
1370 35.30 °C
1371 34.75 °C
1372 34.75 °C
1373 35.85 °C
1374 35.30 °C
1375 35.85 °C
1376 35.85 °C
1377 35.30 °C
1378 36.40 °C
1379 36.40 °C
1380 36.40 °C
1381 35.85 °C
1382 34.75 °C
1383 35.85 °C
1384 35.30 °C
1385 35.85 °C
1386 36.40 °C
1387 36.40 °C
1388 36.40 °C
1389 36.40 °C
1390 35.85 °C
1391 36.40 °C
1392 36.40 °C
1393 34.75 °C
1394 36.40 °C
1395 35.85 °C
1396 36.40 °C
1397 36.40 °C
1398 34.75 °C
1399 36.40 °C
1400 36.40 °C
1401 35.85 °C
1402 35.85 °C
1403 35.85 °C
1404 35.85 °C
1405 35.30 °C
1406 36.40 °C
1407 35.85 °C
1408 36.40 °C
1409 35.85 °C
1410 36.40 °C
1411 36.40 °C
1412 34.75 °C
1413 35.85 °C
1414 34.75 °C
1415 35.30 °C
1416 36.40 °C
1417 34.20 °C
1418 36.40 °C
1419 35.30 °C
1420 35.30 °C
1421 35.30 °C
1423 35.30 °C
1424 35.30 °C
1425 35.30 °C
1426 35.85 °C
1427 35.30 °C
1428 35.85 °C
1429 35.85 °C
1430 35.85 °C
1431 35.85 °C
1432 35.30 °C
1433 35.30 °C
1434 36.40 °C
1435 35.85 °C
1436 34.75 °C
1437 35.30 °C
1438 36.40 °C
1439 34.75 °C
1440 35.85 °C
1441 35.85 °C
1442 34.75 °C
1443 35.30 °C
1444 34.75 °C
1445 35.30 °C
1446 35.30 °C
1447 35.30 °C
1448 35.85 °C
1449 35.30 °C
1450 35.30 °C
1451 35.85 °C
1452 35.85 °C
1453 35.85 °C
1454 34.75 °C
1455 35.85 °C
1456 35.30 °C
1457 35.85 °C
1458 35.30 °C
1459 35.30 °C
1460 35.85 °C
1461 36.40 °C
1462 34.20 °C
1463 34.75 °C
1464 35.85 °C
1465 35.30 °C
1466 35.30 °C
1467 35.30 °C
1468 35.85 °C
1469 36.40 °C
1470 35.85 °C
1471 35.85 °C
1472 35.85 °C
1473 34.75 °C
1474 35.30 °C
1475 35.85 °C
1476 36.40 °C
1477 35.85 °C
1478 34.75 °C
1479 34.75 °C
1480 35.30 °C
1481 35.85 °C
1482 35.30 °C
1483 36.40 °C
1484 35.30 °C
1485 35.30 °C
1486 35.85 °C
1487 35.85 °C
1488 36.40 °C
1489 35.30 °C
1490 35.85 °C
1491 36.95 °C
1492 35.30 °C
1493 34.75 °C
1494 34.75 °C
1495 36.40 °C
1496 36.40 °C
1497 35.85 °C
1498 35.30 °C
1499 37.50 °C
1500 34.75 °C
1501 34.75 °C
1502 36.40 °C
1503 35.85 °C
1504 34.75 °C
1505 35.30 °C
1506 35.30 °C
1507 36.40 °C
1508 35.85 °C
1509 36.40 °C
1510 35.85 °C
1511 36.40 °C
1512 35.30 °C
1513 35.85 °C
1514 34.20 °C
1515 35.85 °C
1516 35.30 °C
1517 36.40 °C
1518 34.75 °C
1520 35.30 °C
1521 35.85 °C
1522 36.40 °C
1523 35.85 °C
1524 35.85 °C
1525 36.40 °C
1526 35.85 °C
1527 35.85 °C
1528 35.85 °C
1529 35.85 °C
1530 35.85 °C
1531 36.40 °C
1532 36.95 °C
1533 35.30 °C
1534 35.85 °C
1535 35.30 °C
1536 35.30 °C
1537 35.85 °C
1538 35.85 °C
1539 35.30 °C
1540 35.30 °C
1541 35.30 °C
1542 35.30 °C
1543 34.75 °C
1544 35.85 °C
1545 35.30 °C
1546 36.40 °C
1547 36.40 °C
1548 35.30 °C
1549 35.85 °C
1550 35.85 °C
1551 36.40 °C
1552 34.20 °C
1553 35.30 °C
1554 35.85 °C
1555 36.40 °C
1556 36.40 °C
1557 35.85 °C
1558 35.85 °C
1559 35.30 °C
1560 36.40 °C
1561 36.40 °C
1562 35.30 °C
1563 35.30 °C
1564 35.30 °C
1565 35.85 °C
1566 35.85 °C
1567 36.95 °C
1568 35.30 °C
1569 35.30 °C
1570 34.75 °C
1571 35.85 °C
1572 35.85 °C
1573 35.30 °C
1574 36.40 °C
1575 35.85 °C
1576 34.75 °C
1577 36.40 °C
1578 35.30 °C
1579 36.40 °C
1580 36.40 °C
1581 35.30 °C
1582 36.40 °C
1583 35.30 °C
1584 36.40 °C
1585 35.85 °C
1586 35.85 °C
1587 35.85 °C
1588 35.85 °C
1589 35.30 °C
1590 35.85 °C
1591 36.40 °C
1592 35.85 °C
1593 36.95 °C
1594 34.75 °C
1595 34.75 °C
1596 35.30 °C
1597 35.85 °C
1598 35.85 °C
1599 35.85 °C
1600 35.85 °C
1601 34.20 °C
1602 35.85 °C
1603 34.20 °C
1604 35.85 °C
1605 35.85 °C
1606 35.85 °C
1607 35.85 °C
1608 36.40 °C
1609 35.85 °C
1610 35.85 °C
1611 35.85 °C
1612 35.30 °C
1613 35.30 °C
1614 36.40 °C
1616 36.40 °C
1617 35.30 °C
1618 36.40 °C
1619 35.30 °C
1620 35.85 °C
1621 35.85 °C
1622 35.85 °C
1623 34.20 °C
1624 35.85 °C
1625 35.30 °C
1626 35.85 °C
1627 35.85 °C
1628 35.85 °C
1629 35.85 °C
1630 35.85 °C
1631 34.75 °C
1632 34.75 °C
1633 34.75 °C
1634 35.30 °C
1635 34.75 °C
1636 36.40 °C
1637 35.85 °C
1638 35.85 °C
1639 35.30 °C
1640 34.75 °C
1641 34.75 °C
1642 35.30 °C
1643 35.30 °C
1644 36.40 °C
1645 36.40 °C
1646 35.85 °C
1647 36.40 °C
1648 35.30 °C
1649 35.30 °C
1650 35.85 °C
1651 35.85 °C
1652 34.75 °C
1653 36.95 °C
1654 35.85 °C
1655 35.30 °C
1656 37.50 °C
1657 35.30 °C
1658 35.30 °C
1659 34.75 °C
1660 35.85 °C
1661 35.85 °C
1662 35.85 °C
1663 35.30 °C
1664 35.30 °C
1665 35.85 °C
1666 35.30 °C
1667 35.85 °C
1668 34.75 °C
1669 34.75 °C
1670 35.85 °C
1671 35.85 °C
1672 34.75 °C
1673 35.85 °C
1674 34.75 °C
1675 35.30 °C
1676 36.40 °C
1677 35.85 °C
1678 36.40 °C
1679 35.85 °C
1680 35.85 °C
1681 37.50 °C
1682 35.30 °C
1683 35.30 °C
1684 35.30 °C
1685 35.85 °C
1686 35.30 °C
1687 34.75 °C
1688 34.75 °C
1689 36.40 °C
1690 35.85 °C
1691 36.40 °C
1692 36.40 °C
1693 36.40 °C
1694 35.85 °C
1695 34.20 °C
1696 35.85 °C
1697 34.75 °C
1698 34.75 °C
1699 35.85 °C
1700 35.30 °C
1701 35.30 °C
1702 35.30 °C
1703 36.40 °C
1704 35.30 °C
1705 34.75 °C
1706 35.30 °C
1707 35.30 °C
1708 35.30 °C
1709 34.75 °C
1710 35.85 °C
1711 35.85 °C
1713 35.85 °C
1714 35.30 °C
1715 35.85 °C
1716 35.85 °C
1717 36.40 °C
1718 35.85 °C
1719 36.40 °C
1720 35.30 °C
1721 36.40 °C
1722 35.85 °C
1723 35.85 °C
1724 36.40 °C
1725 34.75 °C
1726 35.85 °C
1727 35.85 °C
1728 34.75 °C
1729 35.30 °C
1730 34.20 °C
1731 35.30 °C
1732 35.30 °C
1733 35.85 °C
1734 35.85 °C
1735 36.40 °C
1736 36.40 °C
1737 34.75 °C
1738 36.40 °C
1739 35.30 °C
1740 35.30 °C
1741 36.40 °C
1742 35.30 °C
1743 36.40 °C
1744 35.85 °C
1745 36.40 °C
1746 34.20 °C
1747 35.85 °C
1748 35.30 °C
1749 35.85 °C
1750 35.85 °C
1751 34.75 °C
1752 35.85 °C
1753 35.85 °C
1754 35.30 °C
1755 36.40 °C
1756 35.30 °C
1757 35.85 °C
1758 35.85 °C
1759 35.85 °C
1760 34.75 °C
1761 35.85 °C
1762 35.85 °C
1763 36.40 °C
1764 35.85 °C
1765 35.85 °C
1766 35.85 °C
1767 35.85 °C
1768 35.85 °C
1769 35.85 °C
1770 35.30 °C
1771 35.30 °C
1772 35.30 °C
1773 36.40 °C
1774 35.30 °C
1775 36.40 °C
1776 35.85 °C
1777 35.85 °C
1778 35.30 °C
1779 35.85 °C
1780 36.40 °C
1781 34.75 °C
1782 35.30 °C
1783 35.85 °C
1784 34.75 °C
1785 35.85 °C
1786 36.40 °C
1787 36.40 °C
1788 35.85 °C
1789 35.85 °C
1790 34.75 °C
1791 36.40 °C
1792 35.30 °C
1793 34.75 °C
1794 35.30 °C
1795 36.40 °C
1796 35.85 °C
1797 35.85 °C
1798 36.40 °C
1799 34.75 °C
1800 35.30 °C
1801 34.75 °C
1802 34.75 °C
1803 34.75 °C
1804 36.95 °C
1805 34.75 °C
1806 36.40 °C
1807 36.95 °C
1809 35.85 °C
1810 35.85 °C
1811 35.30 °C
1812 35.30 °C
1813 37.50 °C
1814 35.85 °C
1815 35.30 °C
1816 36.40 °C
1817 35.30 °C
1818 34.75 °C
1819 34.20 °C
1820 35.85 °C
1821 35.85 °C
1822 35.85 °C
1823 36.40 °C
1824 35.85 °C
1825 35.85 °C
1826 35.85 °C
1827 34.75 °C
1828 35.85 °C
1829 36.40 °C
1830 35.85 °C
1831 35.85 °C
1832 35.30 °C
1833 35.85 °C
1834 36.40 °C
1835 35.85 °C
1836 35.85 °C
1837 35.30 °C
1838 35.30 °C
1839 35.30 °C
1840 36.40 °C
1841 35.85 °C
1842 35.30 °C
1843 36.40 °C
1844 35.85 °C
1845 34.75 °C
1846 36.40 °C
1847 35.85 °C
1848 35.85 °C
1849 35.85 °C
1850 36.40 °C
1851 35.85 °C
1852 36.40 °C
1853 35.30 °C
1854 35.85 °C
1855 36.40 °C
1856 35.85 °C
1857 36.40 °C
1858 35.85 °C
1859 36.40 °C
1860 35.85 °C
1861 35.85 °C
1862 35.85 °C
1863 35.85 °C
1864 35.85 °C
1865 35.30 °C
1866 35.30 °C
1867 36.40 °C
1868 36.40 °C
1869 35.85 °C
1870 35.85 °C
1871 36.40 °C
1872 35.85 °C
1873 35.85 °C
1874 36.40 °C
1875 37.50 °C
1876 37.50 °C
1877 35.30 °C
1878 36.40 °C
1879 35.85 °C
1880 35.85 °C
1881 35.85 °C
1882 36.40 °C
1883 35.85 °C
1884 35.85 °C
1885 35.30 °C
1886 35.85 °C
1887 35.85 °C
1888 34.75 °C
1889 35.85 °C
1890 36.40 °C
1891 34.75 °C
1892 35.85 °C
1893 35.30 °C
1894 36.40 °C
1895 35.85 °C
1896 34.20 °C
1897 35.85 °C
1898 36.40 °C
1899 35.30 °C
1900 35.85 °C
1901 35.85 °C
1902 35.85 °C
1903 35.30 °C
1905 36.40 °C
1906 35.85 °C
1907 36.40 °C
1908 35.85 °C
1909 34.75 °C
1910 34.75 °C
1911 35.85 °C
1912 35.85 °C
1913 36.40 °C
1914 36.40 °C
1915 35.85 °C
1916 35.85 °C
1917 36.40 °C
1918 35.85 °C
1919 35.85 °C
1920 35.85 °C
1921 34.75 °C
1922 35.30 °C
1923 35.85 °C
1924 35.30 °C
1925 34.75 °C
1926 36.40 °C
1927 35.85 °C
1928 35.30 °C
1929 35.30 °C
1930 34.75 °C
1931 35.85 °C
1932 36.40 °C
1933 35.85 °C
1934 36.40 °C
1935 35.85 °C
1936 36.40 °C
1937 35.85 °C
1938 36.40 °C
1939 35.85 °C
1940 35.30 °C
1941 35.30 °C
1942 35.85 °C
1943 35.85 °C
1944 36.40 °C
1945 34.75 °C
1946 34.75 °C
1947 35.85 °C
1948 36.40 °C
1949 35.85 °C
1950 36.40 °C
1951 35.30 °C
1952 35.30 °C
1953 35.85 °C
1954 35.85 °C
1955 35.85 °C
1956 34.75 °C
1957 35.85 °C
1958 35.30 °C
1959 35.85 °C
1960 35.85 °C
1961 35.30 °C
1962 36.40 °C
1963 35.30 °C
1964 35.30 °C
1965 36.40 °C
1966 36.40 °C
1967 35.85 °C
1968 36.95 °C
1969 35.85 °C
1970 36.40 °C
1971 35.30 °C
1972 35.85 °C
1973 35.30 °C
1974 35.85 °C
1975 36.40 °C
1976 35.85 °C
1977 35.85 °C
1978 35.30 °C
1979 35.85 °C
1980 35.85 °C
1981 35.30 °C
1982 35.85 °C
1983 35.30 °C
1984 35.85 °C
1985 35.30 °C
1986 35.30 °C
1987 35.30 °C
1988 36.40 °C
1989 36.40 °C
1990 36.40 °C
1991 36.95 °C
1992 35.30 °C
1993 36.95 °C
1994 35.30 °C
1995 35.85 °C
1996 35.85 °C
1997 36.40 °C
1998 36.40 °C
1999 35.30 °C
2001 35.30 °C
2002 34.75 °C
2003 34.75 °C
2004 35.85 °C
2005 36.40 °C
2006 36.95 °C
2007 35.30 °C
2008 35.85 °C
2009 35.30 °C
2010 36.40 °C
2011 36.40 °C
2012 36.40 °C
2013 35.85 °C
2014 35.30 °C
2015 35.30 °C
2016 35.30 °C
2017 35.85 °C
2018 36.40 °C
2019 36.40 °C
2020 37.50 °C
2021 35.85 °C
2022 35.85 °C
2023 35.85 °C
2024 35.85 °C
2025 34.75 °C
2026 36.40 °C
2027 35.30 °C
2028 35.30 °C
2029 35.30 °C
2030 35.30 °C
2031 35.85 °C
2032 35.85 °C
2033 36.40 °C
2034 36.40 °C
2035 35.30 °C
2036 35.85 °C
2037 36.40 °C
2038 36.40 °C
2039 36.95 °C
2040 34.75 °C
2041 36.40 °C
2042 35.30 °C
2043 36.40 °C
2044 36.40 °C
2045 36.40 °C
2046 36.40 °C
2047 35.85 °C
2048 35.30 °C
2049 35.85 °C
2050 35.85 °C
2051 37.50 °C
2052 35.85 °C
2053 36.40 °C
2054 35.85 °C
2055 36.40 °C
2056 35.85 °C
2057 35.85 °C
2058 35.85 °C
2059 35.85 °C
2060 35.85 °C
2061 34.75 °C
2062 35.85 °C
2063 35.85 °C
2064 35.85 °C
2065 36.40 °C
2066 35.85 °C
2067 36.40 °C
2068 34.75 °C
2069 36.40 °C
2070 36.40 °C
2071 35.85 °C
2072 36.40 °C
2073 36.40 °C
2074 35.85 °C
2075 35.85 °C
2076 35.30 °C
2077 34.75 °C
2078 35.85 °C
2079 37.50 °C
2080 36.40 °C
2081 37.50 °C
2082 35.85 °C
2083 36.95 °C
2084 35.85 °C
2085 35.85 °C
2086 35.85 °C
2087 35.85 °C
2088 36.40 °C
2089 36.40 °C
2090 35.85 °C
2091 36.40 °C
2092 36.40 °C
2093 34.75 °C
2094 34.75 °C
2095 36.40 °C
2097 35.85 °C
2098 36.40 °C
2099 34.75 °C
2100 35.85 °C
2101 35.85 °C
2102 36.40 °C
2103 36.95 °C
2104 35.85 °C
2105 35.85 °C
2106 36.40 °C
2107 35.85 °C
2108 35.85 °C
2109 36.40 °C
2110 35.85 °C
2111 35.85 °C
2112 34.75 °C
2113 35.85 °C
2114 35.85 °C
2115 34.75 °C
2116 35.85 °C
2117 35.85 °C
2118 35.85 °C
2119 35.85 °C
2120 35.30 °C
2121 35.85 °C
2122 36.40 °C
2123 36.40 °C
2124 35.85 °C
2125 35.85 °C
2126 35.85 °C
2127 35.85 °C
2128 36.40 °C
2129 35.85 °C
2130 35.85 °C
2131 35.85 °C
2132 34.75 °C
2133 34.75 °C
2134 35.30 °C
2135 36.40 °C
2136 36.40 °C
2137 35.30 °C
2138 36.40 °C
2139 35.85 °C
2140 36.40 °C
2141 35.85 °C
2142 36.40 °C
2143 36.40 °C
2144 35.85 °C
2145 35.85 °C
2146 34.75 °C
2147 35.85 °C
2148 36.40 °C
2149 35.85 °C
2150 36.40 °C
2151 35.85 °C
2152 34.75 °C
2153 36.40 °C
2154 34.75 °C
2155 34.75 °C
2156 35.85 °C
2157 36.40 °C
2158 36.40 °C
2159 36.95 °C
2160 34.75 °C
2161 35.30 °C
2162 35.85 °C
2163 36.40 °C
2164 35.85 °C
2165 35.85 °C
2166 36.40 °C
2167 36.95 °C
2168 35.85 °C
2169 35.85 °C
2170 35.30 °C
2171 34.75 °C
2172 36.40 °C
2173 36.40 °C
2174 36.40 °C
2175 35.30 °C
2176 35.85 °C
2177 35.85 °C
2178 36.40 °C
2179 35.30 °C
2180 36.40 °C
2181 35.85 °C
2182 36.40 °C
2183 35.30 °C
2184 35.85 °C
2185 35.85 °C
2186 36.40 °C
2187 36.40 °C
2188 36.40 °C
2189 35.85 °C
2190 34.20 °C
2192 35.30 °C
2193 36.40 °C
2194 36.40 °C
2195 36.40 °C
2196 35.30 °C
2197 35.30 °C
2198 35.85 °C
2199 36.40 °C
2200 35.85 °C
2201 34.75 °C
2202 35.30 °C
2203 35.30 °C
2204 35.85 °C
2205 36.95 °C
2206 36.40 °C
2207 35.85 °C
2208 37.50 °C
2209 35.85 °C
2210 35.85 °C
2211 36.40 °C
2212 36.40 °C
2213 34.75 °C
2214 35.85 °C
2215 35.30 °C
2216 36.40 °C
2217 36.40 °C
2218 36.40 °C
2219 35.85 °C
2220 35.85 °C
2221 35.30 °C
2222 37.50 °C
2223 35.85 °C
2224 35.30 °C
2225 35.85 °C
2226 36.40 °C
2227 36.40 °C
2228 35.85 °C
2229 34.75 °C
2230 36.40 °C
2231 36.40 °C
2232 35.30 °C
2233 36.40 °C
2234 36.95 °C
2235 36.95 °C
2236 35.85 °C
2237 35.30 °C
2238 35.85 °C
2239 35.85 °C
2240 35.85 °C
2241 36.40 °C
2242 36.95 °C
2243 36.40 °C
2244 35.85 °C
2245 35.30 °C
2246 36.40 °C
2247 36.40 °C
2248 36.40 °C
2249 35.85 °C
2250 35.85 °C
2251 35.30 °C
2252 36.40 °C
2253 36.40 °C
2254 35.30 °C
2255 34.75 °C
2256 35.30 °C
2257 35.85 °C
2258 36.40 °C
2259 36.40 °C
2260 36.40 °C
2261 34.75 °C
2262 36.40 °C
2263 36.95 °C
2264 35.85 °C
2265 35.85 °C
2266 36.40 °C
2267 35.85 °C
2268 35.85 °C
2269 35.85 °C
2270 36.40 °C
2271 36.40 °C
2272 35.85 °C
2273 36.95 °C
2274 35.30 °C
2275 36.40 °C
2276 35.85 °C
2277 35.85 °C
2278 35.85 °C
2279 36.40 °C
2280 35.30 °C
2281 36.40 °C
2282 35.85 °C
2283 34.75 °C
2284 35.85 °C
2285 36.40 °C
2286 35.85 °C
2288 36.40 °C
2289 35.30 °C
2290 36.40 °C
2291 36.40 °C
2292 37.50 °C
2293 35.85 °C
2294 35.30 °C
2295 35.85 °C
2296 36.40 °C
2297 35.30 °C
2298 35.85 °C
2299 35.85 °C
2300 35.85 °C
2301 35.30 °C
2302 35.85 °C
2303 35.30 °C
2304 35.85 °C
2305 36.40 °C
2306 36.40 °C
2307 36.40 °C
2308 36.40 °C
2309 35.85 °C
2310 34.75 °C
2311 35.85 °C
2312 35.85 °C
2313 36.40 °C
2314 36.40 °C
2315 35.85 °C
2316 35.85 °C
2317 36.40 °C
2318 35.85 °C
2319 36.40 °C
2320 35.85 °C
2321 36.40 °C
2322 36.40 °C
2323 35.30 °C
2324 35.30 °C
2325 36.40 °C
2326 36.40 °C
2327 35.30 °C
2328 35.85 °C
2329 35.85 °C
2330 36.40 °C
2331 36.40 °C
2332 35.30 °C
2333 35.85 °C
2334 35.30 °C
2335 36.95 °C
2336 35.85 °C
2337 36.40 °C
2338 36.40 °C
2339 35.85 °C
2340 36.40 °C
2341 36.40 °C
2342 34.75 °C
2343 35.30 °C
2344 36.40 °C
2345 35.85 °C
2346 35.30 °C
2347 36.40 °C
2348 35.85 °C
2349 35.30 °C
2350 35.85 °C
2351 35.30 °C
2352 35.85 °C
2353 36.40 °C
2354 36.40 °C
2355 36.40 °C
2356 36.40 °C
2357 35.30 °C
2358 35.30 °C
2359 35.30 °C
2360 36.95 °C
2361 36.40 °C
2362 36.40 °C
2363 35.30 °C
2364 35.85 °C
2365 35.30 °C
2366 35.30 °C
2367 36.95 °C
2368 36.95 °C
2369 35.30 °C
2370 35.85 °C
2371 35.85 °C
2372 36.40 °C
2373 35.85 °C
2374 35.85 °C
2375 35.85 °C
2376 36.40 °C
2377 35.85 °C
2378 35.85 °C
2379 34.75 °C
2380 36.40 °C
2381 35.85 °C
2382 35.85 °C
2384 36.40 °C
2385 35.30 °C
2386 36.40 °C
2387 34.75 °C
2388 35.30 °C
2389 35.30 °C
2390 36.40 °C
2391 35.85 °C
2392 35.85 °C
2393 36.40 °C
2394 35.85 °C
2395 35.85 °C
2396 35.85 °C
2397 35.30 °C
2398 35.30 °C
2399 36.40 °C
2400 35.30 °C
2401 36.40 °C
2402 35.85 °C
2403 35.30 °C
2404 36.40 °C
2405 35.85 °C
2406 35.85 °C
2407 36.40 °C
2408 36.40 °C
2409 35.30 °C
2410 36.40 °C
2411 36.40 °C
2412 36.40 °C
2413 35.85 °C
2414 35.30 °C
2415 35.30 °C
2416 35.85 °C
2417 35.30 °C
2418 36.40 °C
2419 35.30 °C
2420 35.85 °C
2421 36.40 °C
2422 35.85 °C
2423 35.85 °C
2424 34.75 °C
2425 36.40 °C
2426 35.30 °C
2427 36.40 °C
2428 35.30 °C
2429 36.95 °C
2430 35.30 °C
2431 35.30 °C
2432 35.85 °C
2433 36.95 °C
2434 35.85 °C
2435 36.40 °C
2436 35.30 °C
2437 35.30 °C
2438 36.40 °C
2439 36.40 °C
2440 35.85 °C
2441 35.85 °C
2442 34.75 °C
2443 35.85 °C
2444 35.85 °C
2445 35.85 °C
2446 35.30 °C
2447 36.40 °C
2448 36.40 °C
2449 35.30 °C
2450 36.40 °C
2451 36.40 °C
2452 35.85 °C
2453 36.40 °C
2454 35.30 °C
2455 36.40 °C
2456 35.85 °C
2457 35.30 °C
2458 35.30 °C
2459 36.95 °C
2460 35.85 °C
2461 36.40 °C
2462 36.40 °C
2463 35.85 °C
2464 35.85 °C
2465 34.75 °C
2466 35.85 °C
2467 35.85 °C
2468 36.95 °C
2469 35.85 °C
2470 36.40 °C
2471 35.30 °C
2472 36.40 °C
2473 35.85 °C
2474 35.85 °C
2475 34.75 °C
2476 36.40 °C
2477 36.40 °C
2478 35.85 °C
2480 36.40 °C
2481 35.85 °C
2482 35.85 °C
2483 35.85 °C
2484 35.85 °C
2485 35.85 °C
2486 34.75 °C
2487 35.30 °C
2488 36.40 °C
2489 34.75 °C
2490 36.40 °C
2491 35.85 °C
2492 34.75 °C
2493 35.85 °C
2494 36.40 °C
2495 36.40 °C
2496 35.85 °C
2497 36.40 °C
2498 35.30 °C
2499 35.85 °C
2500 35.85 °C
2501 35.30 °C
2502 36.40 °C
2503 36.40 °C
2504 36.40 °C
2505 35.85 °C
2506 34.75 °C
2507 36.40 °C
2508 36.40 °C
2509 35.30 °C
2510 36.40 °C
2511 35.30 °C
2512 35.85 °C
2513 35.85 °C
2514 35.85 °C
2515 35.85 °C
2516 35.30 °C
2517 36.40 °C
2518 35.85 °C
2519 36.95 °C
2520 35.85 °C
2521 36.40 °C
2522 36.40 °C
2523 34.75 °C
2524 35.85 °C
2525 35.30 °C
2526 35.85 °C
2527 35.30 °C
2528 35.85 °C
2529 35.85 °C
2530 35.85 °C
2531 35.85 °C
2532 35.85 °C
2533 35.30 °C
2534 35.85 °C
2535 35.85 °C
2536 36.95 °C
2537 35.85 °C
2538 35.85 °C
2539 36.40 °C
2540 36.40 °C
2541 36.40 °C
2542 36.40 °C
2543 35.85 °C
2544 35.30 °C
2545 37.50 °C
2546 38.05 °C
2547 35.30 °C
2548 36.40 °C
2549 34.20 °C
2550 36.40 °C
2551 36.95 °C
2552 36.95 °C
2553 35.85 °C
2554 35.85 °C
2555 35.85 °C
2556 35.85 °C
2557 35.85 °C
2558 35.30 °C
2559 35.85 °C
2560 35.85 °C
2561 34.75 °C
2562 36.95 °C
2563 35.85 °C
2564 35.30 °C
2565 35.30 °C
2566 35.85 °C
2567 36.40 °C
2568 35.85 °C
2569 36.40 °C
2570 35.85 °C
2571 35.85 °C
2572 35.85 °C
2573 36.40 °C
2574 36.40 °C
2575 36.40 °C
2577 35.85 °C
2578 36.95 °C
2579 35.30 °C
2580 35.30 °C
2581 35.85 °C
2582 35.30 °C
2583 36.40 °C
2584 36.95 °C
2585 35.30 °C
2586 36.40 °C
2587 35.85 °C
2588 35.85 °C
2589 35.30 °C
2590 36.40 °C
2591 36.40 °C
2592 35.30 °C
2593 34.75 °C
2594 34.75 °C
2595 35.85 °C
2596 35.85 °C
2597 35.85 °C
2598 35.85 °C
2599 35.85 °C
2600 35.85 °C
2601 35.85 °C
2602 35.85 °C
2603 35.85 °C
2604 36.40 °C
2605 35.30 °C
2606 35.30 °C
2607 36.40 °C
2608 35.85 °C
2609 36.40 °C
2610 36.40 °C
2611 35.85 °C
2612 35.85 °C
2613 36.95 °C
2614 35.85 °C
2615 35.85 °C
2616 35.85 °C
2617 35.85 °C
2618 35.85 °C
2619 36.40 °C
2620 35.30 °C
2621 35.85 °C
2622 35.85 °C
2623 35.85 °C
2624 35.85 °C
2625 36.40 °C
2626 35.85 °C
2627 35.85 °C
2628 36.40 °C
2629 36.40 °C
2630 36.40 °C
2631 35.85 °C
2632 35.85 °C
2633 35.85 °C
2634 36.40 °C
2635 36.40 °C
2636 35.30 °C
2637 35.30 °C
2638 35.85 °C
2639 35.85 °C
2640 36.40 °C
2641 36.40 °C
2642 35.30 °C
2643 36.40 °C
2644 34.75 °C
2645 36.95 °C
2646 36.95 °C
2647 35.85 °C
2648 35.85 °C
2649 36.40 °C
2650 36.40 °C
2651 35.85 °C
2652 35.30 °C
2653 35.30 °C
2654 36.40 °C
2655 35.85 °C
2656 36.40 °C
2657 35.85 °C
2658 35.30 °C
2659 35.30 °C
2660 35.85 °C
2661 36.40 °C
2662 36.95 °C
2663 35.85 °C
2664 35.30 °C
2665 35.85 °C
2666 35.85 °C
2667 36.40 °C
2668 35.85 °C
2669 36.95 °C
2670 35.85 °C
2671 36.40 °C
2673 36.40 °C
2674 35.85 °C
2675 36.40 °C
2676 35.85 °C
2677 35.30 °C
2678 36.40 °C
2679 36.40 °C
2680 35.85 °C
2681 36.40 °C
2682 35.85 °C
2683 35.85 °C
2684 36.40 °C
2685 35.85 °C
2686 35.85 °C
2687 36.40 °C
2688 35.30 °C
2689 36.40 °C
2690 35.85 °C
2691 35.30 °C
2692 36.40 °C
2693 36.40 °C
2694 35.85 °C
2695 36.40 °C
2696 35.30 °C
2697 35.85 °C
2698 35.30 °C
2699 35.30 °C
2700 35.30 °C
2701 35.85 °C
2702 35.30 °C
2703 36.40 °C
2704 36.40 °C
2705 36.40 °C
2706 35.85 °C
2707 36.40 °C
2708 36.40 °C
2709 35.85 °C
2710 36.40 °C
2711 35.85 °C
2712 34.75 °C
2713 34.75 °C
2714 35.30 °C
2715 35.30 °C
2716 35.85 °C
2717 36.40 °C
2718 37.50 °C
2719 36.40 °C
2720 36.40 °C
2721 35.85 °C
2722 35.85 °C
2723 35.30 °C
2724 36.40 °C
2725 35.85 °C
2726 36.40 °C
2727 36.40 °C
2728 35.85 °C
2729 35.30 °C
2730 35.85 °C
2731 35.85 °C
2732 35.30 °C
2733 35.85 °C
2734 36.40 °C
2735 35.30 °C
2736 34.75 °C
2737 35.30 °C
2738 36.40 °C
2739 35.85 °C
2740 36.40 °C
2741 34.75 °C
2742 35.85 °C
2743 36.40 °C
2744 35.85 °C
2745 35.85 °C
2746 35.30 °C
2747 35.30 °C
2748 36.40 °C
2749 36.40 °C
2750 35.30 °C
2751 35.85 °C
2752 37.50 °C
2753 34.75 °C
2754 36.40 °C
2755 35.30 °C
2756 34.75 °C
2757 36.95 °C
2758 35.30 °C
2759 36.40 °C
2760 35.85 °C
2761 37.50 °C
2762 36.95 °C
2763 35.30 °C
2764 36.40 °C
2765 35.30 °C
2766 35.30 °C
2767 35.30 °C
2768 35.85 °C
2770 35.85 °C
2771 36.40 °C
2772 36.40 °C
2773 35.85 °C
2774 35.85 °C
2775 35.85 °C
2776 35.30 °C
2777 36.40 °C
2778 35.85 °C
2779 35.85 °C
2780 36.40 °C
2781 35.85 °C
2782 35.85 °C
2783 35.85 °C
2784 36.95 °C
2785 36.40 °C
2786 35.85 °C
2787 35.85 °C
2788 36.40 °C
2789 35.85 °C
2790 35.85 °C
2791 36.40 °C
2792 36.95 °C
2793 36.40 °C
2794 35.30 °C
2795 35.85 °C
2796 35.30 °C
2797 36.40 °C
2798 35.85 °C
2799 36.40 °C
2800 35.85 °C
2801 35.30 °C
2802 36.40 °C
2803 35.85 °C
2804 36.40 °C
2805 36.40 °C
2806 35.30 °C
2807 35.85 °C
2808 37.50 °C
2809 34.75 °C
2810 35.85 °C
2811 35.30 °C
2812 34.75 °C
2813 35.30 °C
2814 36.40 °C
2815 34.75 °C
2816 36.40 °C
2817 35.30 °C
2818 36.40 °C
2819 35.85 °C
2820 35.85 °C
2821 36.95 °C
2822 36.40 °C
2823 35.85 °C
2824 34.75 °C
2825 36.40 °C
2826 35.85 °C
2827 35.85 °C
2828 35.30 °C
2829 35.30 °C
2830 35.85 °C
2831 35.85 °C
2832 36.40 °C
2833 36.40 °C
2834 36.40 °C
2835 35.85 °C
2836 36.40 °C
2837 35.85 °C
2838 35.85 °C
2839 35.30 °C
2840 35.30 °C
2841 36.40 °C
2842 35.30 °C
2843 36.40 °C
2844 35.85 °C
2845 36.40 °C
2846 36.40 °C
2847 35.85 °C
2848 35.85 °C
2849 36.40 °C
2850 36.40 °C
2851 36.40 °C
2852 35.30 °C
2853 35.85 °C
2854 35.85 °C
2855 35.85 °C
2856 37.50 °C
2857 35.30 °C
2858 36.40 °C
2859 36.40 °C
2860 36.40 °C
2861 36.40 °C
2862 36.40 °C
2863 35.85 °C
2864 35.30 °C
2865 36.95 °C
2867 35.85 °C
2868 37.50 °C
2869 35.30 °C
2870 35.85 °C
2871 36.40 °C
2872 36.40 °C
2873 35.85 °C
2874 35.85 °C
2875 35.30 °C
2876 36.40 °C
2877 35.85 °C
2878 36.40 °C
2879 36.40 °C
2880 36.40 °C
2881 36.40 °C
2882 35.85 °C
2883 35.85 °C
2884 36.40 °C
2885 35.85 °C
2886 36.40 °C
2887 36.40 °C
2888 36.40 °C
2889 35.30 °C
2890 36.40 °C
2891 35.30 °C
2892 36.40 °C
2893 35.85 °C
2894 36.40 °C
2895 35.85 °C
2896 36.40 °C
2897 36.40 °C
2898 35.30 °C
2899 35.30 °C
2900 35.30 °C
2901 35.85 °C
2902 35.85 °C
2903 35.30 °C
2904 35.30 °C
2905 36.40 °C
2906 35.85 °C
2907 36.40 °C
2908 35.85 °C
2909 35.85 °C
2910 35.30 °C
2911 36.40 °C
2912 35.85 °C
2913 36.40 °C
2914 35.85 °C
2915 36.95 °C
2916 36.40 °C
2917 35.85 °C
2918 36.40 °C
2919 36.95 °C
2920 35.85 °C
2921 35.85 °C
2922 35.85 °C
2923 35.85 °C
2924 37.50 °C
2925 35.30 °C
2926 35.85 °C
2927 35.85 °C
2928 35.30 °C
2929 35.30 °C
2930 36.40 °C
2931 34.75 °C
2932 36.40 °C
2933 36.40 °C
2934 36.40 °C
2935 35.85 °C
2936 36.40 °C
2937 36.40 °C
2938 35.85 °C
2939 34.75 °C
2940 35.30 °C
2941 35.85 °C
2942 36.40 °C
2943 35.85 °C
2944 36.40 °C
2945 36.40 °C
2946 35.85 °C
2947 36.40 °C
2948 36.40 °C
2949 35.85 °C
2950 35.85 °C
2951 35.85 °C
2952 35.30 °C
2953 35.85 °C
2954 35.85 °C
2955 36.40 °C
2956 36.40 °C
2957 35.85 °C
2958 36.40 °C
2959 36.40 °C
2960 36.40 °C
2961 36.40 °C
2963 35.30 °C
2964 36.40 °C
2965 34.75 °C
2966 35.30 °C
2967 36.95 °C
2968 36.40 °C
2969 36.40 °C
2970 38.05 °C
2971 35.85 °C
2972 36.40 °C
2973 36.40 °C
2974 36.95 °C
2975 36.40 °C
2976 36.95 °C
2977 35.85 °C
2978 35.85 °C
2979 36.95 °C
2980 36.40 °C
2981 35.85 °C
2982 36.40 °C
2983 36.40 °C
2984 36.40 °C
2985 35.85 °C
2986 35.85 °C
2987 36.95 °C
2988 36.40 °C
2989 35.85 °C
2990 36.95 °C
2991 36.40 °C
2992 36.95 °C
2993 35.30 °C
2994 36.40 °C
2995 36.40 °C
2996 35.85 °C
2997 35.30 °C
2998 36.40 °C
2999 36.95 °C
3000 35.85 °C
3001 36.40 °C
3002 35.30 °C
3003 35.85 °C
3004 35.30 °C
3005 36.95 °C
3006 36.40 °C
3007 36.40 °C
3008 35.85 °C
3009 36.95 °C
3010 36.40 °C
3011 35.30 °C
3012 36.95 °C
3013 35.85 °C
3014 35.85 °C
3015 36.40 °C
3016 35.30 °C
3017 35.85 °C
3018 36.40 °C
3019 36.40 °C
3020 36.40 °C
3021 35.85 °C
3022 38.05 °C
3023 36.95 °C
3024 36.40 °C
3025 36.40 °C
3026 36.40 °C
3027 35.85 °C
3028 36.40 °C
3029 35.30 °C
3030 35.85 °C
3031 36.95 °C
3032 38.05 °C
3033 35.30 °C
3034 35.30 °C
3035 35.85 °C
3036 36.40 °C
3037 36.40 °C
3038 35.85 °C
3039 35.85 °C
3040 36.95 °C
3041 36.40 °C
3042 36.40 °C
3043 36.95 °C
3044 35.85 °C
3045 36.40 °C
3046 35.85 °C
3047 36.95 °C
3048 36.95 °C
3049 36.40 °C
3050 35.30 °C
3051 35.85 °C
3052 36.95 °C
3053 36.40 °C
3054 35.30 °C
3055 36.40 °C
3056 36.40 °C
3057 36.95 °C
3059 36.95 °C
3060 36.95 °C
3061 36.40 °C
3062 35.85 °C
3063 36.95 °C
3064 36.40 °C
3065 36.40 °C
3066 36.95 °C
3067 36.40 °C
3068 36.95 °C
3069 36.40 °C
3070 35.30 °C
3071 35.30 °C
3072 36.95 °C
3073 35.30 °C
3074 36.95 °C
3075 36.95 °C
3076 36.95 °C
3077 35.30 °C
3078 38.05 °C
3079 36.95 °C
3080 36.95 °C
3081 36.95 °C
3082 36.95 °C
3083 35.85 °C
3084 36.95 °C
3085 37.50 °C
3086 36.40 °C
3087 35.85 °C
3088 36.95 °C
3089 35.85 °C
3090 36.40 °C
3091 35.85 °C
3092 36.40 °C
3093 36.40 °C
3094 35.30 °C
3095 35.85 °C
3096 37.50 °C
3097 35.85 °C
3098 36.40 °C
3099 36.40 °C
3100 35.30 °C
3101 37.50 °C
3102 36.95 °C
3103 36.95 °C
3104 36.95 °C
3105 35.85 °C
3106 35.85 °C
3107 35.30 °C
3108 36.40 °C
3109 37.50 °C
3110 36.95 °C
3111 36.95 °C
3112 36.40 °C
3113 36.95 °C
3114 36.40 °C
3115 37.50 °C
3116 35.85 °C
3117 36.40 °C
3118 35.85 °C
3119 36.95 °C
3120 37.50 °C
3121 36.40 °C
3122 35.85 °C
3123 37.50 °C
3124 36.95 °C
3125 35.30 °C
3126 36.40 °C
3127 36.95 °C
3128 36.40 °C
3129 35.85 °C
3130 36.40 °C
3131 36.95 °C
3132 35.85 °C
3133 36.40 °C
3134 35.85 °C
3135 38.05 °C
3136 35.30 °C
3137 36.40 °C
3138 35.85 °C
3139 36.95 °C
3140 36.95 °C
3141 36.40 °C
3142 36.40 °C
3143 36.95 °C
3144 35.85 °C
3145 35.30 °C
3146 36.40 °C
3147 38.05 °C
3148 36.40 °C
3149 35.30 °C
3150 36.40 °C
3151 36.40 °C
3152 35.85 °C
3153 35.85 °C
3155 36.95 °C
3156 36.40 °C
3157 35.85 °C
3158 36.95 °C
3159 36.95 °C
3160 35.85 °C
3161 36.40 °C
3162 36.95 °C
3163 35.85 °C
3164 35.85 °C
3165 36.40 °C
3166 35.85 °C
3167 35.30 °C
3168 36.40 °C
3169 36.40 °C
3170 38.05 °C
3171 36.40 °C
3172 36.95 °C
3173 36.95 °C
3174 36.40 °C
3175 36.95 °C
3176 36.40 °C
3177 36.40 °C
3178 36.95 °C
3179 36.95 °C
3180 35.85 °C
3181 35.85 °C
3182 36.95 °C
3183 36.95 °C
3184 36.95 °C
3185 35.85 °C
3186 34.75 °C
3187 36.40 °C
3188 37.50 °C
3189 36.40 °C
3190 36.40 °C
3191 35.85 °C
3192 37.50 °C
3193 36.95 °C
3194 36.40 °C
3195 36.40 °C
3196 36.40 °C
3197 35.85 °C
3198 36.95 °C
3199 35.85 °C
3200 35.30 °C
3201 37.50 °C
3202 36.95 °C
3203 35.85 °C
3204 36.40 °C
3205 36.40 °C
3206 36.40 °C
3207 36.95 °C
3208 35.30 °C
3209 36.95 °C
3210 36.40 °C
3211 36.95 °C
3212 35.85 °C
3213 36.95 °C
3214 36.40 °C
3215 36.95 °C
3216 36.95 °C
3217 35.85 °C
3218 36.95 °C
3219 36.40 °C
3220 36.40 °C
3221 38.60 °C
3222 37.50 °C
3223 37.50 °C
3224 36.95 °C
3225 35.85 °C
3226 36.95 °C
3227 35.85 °C
3228 35.85 °C
3229 36.95 °C
3230 36.95 °C
3231 36.95 °C
3232 36.95 °C
3233 36.40 °C
3234 35.85 °C
3235 36.40 °C
3236 36.40 °C
3237 38.05 °C
3238 35.85 °C
3239 36.95 °C
3240 36.40 °C
3241 35.85 °C
3242 35.85 °C
3243 36.95 °C
3244 35.85 °C
3245 36.40 °C
3246 36.95 °C
3247 36.95 °C
3248 38.05 °C
3249 36.95 °C
3251 35.85 °C
3252 37.50 °C
3253 36.95 °C
3254 35.85 °C
3255 36.95 °C
3256 36.95 °C
3257 35.85 °C
3258 36.95 °C
3259 37.50 °C
3260 36.95 °C
3261 38.05 °C
3262 36.40 °C
3263 36.95 °C
3264 36.95 °C
3265 36.40 °C
3266 35.30 °C
3267 36.95 °C
3268 36.95 °C
3269 35.85 °C
3270 36.95 °C
3271 36.40 °C
3272 37.50 °C
3273 35.85 °C
3274 37.50 °C
3275 35.85 °C
3276 36.95 °C
3277 35.85 °C
3278 36.95 °C
3279 36.40 °C
3280 37.50 °C
3281 36.95 °C
3282 38.05 °C
3283 36.95 °C
3284 36.95 °C
3285 35.85 °C
3286 36.95 °C
3287 36.95 °C
3288 36.40 °C
3289 36.95 °C
3290 36.95 °C
3291 36.95 °C
3292 36.95 °C
3293 35.85 °C
3294 36.95 °C
3295 38.05 °C
3296 36.95 °C
3297 36.95 °C
3298 36.40 °C
3299 36.95 °C
3300 36.40 °C
3301 37.50 °C
3302 36.40 °C
3303 36.95 °C
3304 36.40 °C
3305 36.95 °C
3306 37.50 °C
3307 36.40 °C
3308 36.95 °C
3309 35.85 °C
3310 36.95 °C
3311 37.50 °C
3312 36.40 °C
3313 36.40 °C
3314 36.95 °C
3315 36.95 °C
3316 37.50 °C
3317 36.95 °C
3318 36.95 °C
3319 36.40 °C
3320 38.05 °C
3321 38.05 °C
3322 36.95 °C
3323 37.50 °C
3324 37.50 °C
3325 36.40 °C
3326 36.40 °C
3327 36.95 °C
3328 36.95 °C
3329 37.50 °C
3330 37.50 °C
3331 37.50 °C
3332 37.50 °C
3333 37.50 °C
3334 35.85 °C
3335 36.95 °C
3336 37.50 °C
3337 36.40 °C
3338 38.05 °C
3339 36.95 °C
3340 37.50 °C
3341 35.85 °C
3342 37.50 °C
3343 36.95 °C
3344 36.95 °C
3345 37.50 °C
3347 36.95 °C
3348 36.40 °C
3349 36.95 °C
3350 35.85 °C
3351 36.95 °C
3352 38.60 °C
3353 36.95 °C
3354 36.95 °C
3355 37.50 °C
3356 37.50 °C
3357 36.95 °C
3358 38.05 °C
3359 36.95 °C
3360 35.85 °C
3361 37.50 °C
3362 36.40 °C
3363 37.50 °C
3364 37.50 °C
3365 36.95 °C
3366 36.95 °C
3367 37.50 °C
3368 37.50 °C
3369 36.95 °C
3370 37.50 °C
3371 37.50 °C
3372 36.95 °C
3373 36.95 °C
3374 37.50 °C
3375 37.50 °C
3376 38.05 °C
3377 36.95 °C
3378 37.50 °C
3379 37.50 °C
3380 36.95 °C
3381 36.40 °C
3382 36.95 °C
3383 37.50 °C
3384 38.60 °C
3385 35.85 °C
3386 38.05 °C
3387 38.05 °C
3388 37.50 °C
3389 38.05 °C
3390 36.40 °C
3391 36.40 °C
3392 36.95 °C
3393 37.50 °C
3394 36.95 °C
3395 37.50 °C
3396 37.50 °C
3397 36.95 °C
3398 37.50 °C
3399 36.40 °C
3400 35.85 °C
3401 37.50 °C
3402 36.95 °C
3403 38.60 °C
3404 38.05 °C
3405 37.50 °C
3406 37.50 °C
3407 37.50 °C
3408 36.95 °C
3409 37.50 °C
3410 36.40 °C
3411 37.50 °C
3412 37.50 °C
3413 36.40 °C
3414 35.85 °C
3415 36.40 °C
3416 36.40 °C
3417 37.50 °C
3418 37.50 °C
3419 36.40 °C
3420 37.50 °C
3421 38.60 °C
3422 36.40 °C
3423 37.50 °C
3424 36.40 °C
3425 38.05 °C
3426 37.50 °C
3427 36.95 °C
3428 37.50 °C
3429 36.40 °C
3430 36.95 °C
3431 37.50 °C
3432 38.05 °C
3433 37.50 °C
3434 37.50 °C
3435 36.95 °C
3436 37.50 °C
3437 37.50 °C
3438 36.95 °C
3439 38.05 °C
3440 38.05 °C
3441 38.05 °C
3443 39.15 °C
3444 37.50 °C
3445 36.40 °C
3446 38.05 °C
3447 37.50 °C
3448 35.85 °C
3449 39.15 °C
3450 37.50 °C
3451 37.50 °C
3452 37.50 °C
3453 38.05 °C
3454 37.50 °C
3455 37.50 °C
3456 36.40 °C
3457 37.50 °C
3458 36.95 °C
3459 36.95 °C
3460 36.40 °C
3461 37.50 °C
3462 37.50 °C
3463 36.95 °C
3464 37.50 °C
3465 37.50 °C
3466 38.05 °C
3467 36.40 °C
3468 37.50 °C
3469 37.50 °C
3470 37.50 °C
3471 36.95 °C
3472 36.40 °C
3473 36.40 °C
3474 37.50 °C
3475 37.50 °C
3476 36.40 °C
3477 37.50 °C
3478 37.50 °C
3479 38.05 °C
3480 37.50 °C
3481 37.50 °C
3482 38.05 °C
3483 39.15 °C
3484 38.05 °C
3485 36.40 °C
3486 36.40 °C
3487 38.60 °C
3488 37.50 °C
3489 38.05 °C
3490 36.95 °C
3491 37.50 °C
3492 37.50 °C
3493 36.95 °C
3494 38.60 °C
3495 36.95 °C
3496 38.05 °C
3497 38.60 °C
3498 37.50 °C
3499 36.40 °C
3500 37.50 °C
3501 36.95 °C
3502 38.60 °C
3503 39.70 °C
3504 38.60 °C
3505 38.05 °C
3506 38.05 °C
3507 37.50 °C
3508 38.05 °C
3509 38.05 °C
3510 36.95 °C
3511 37.50 °C
3512 37.50 °C
3513 38.60 °C
3514 38.05 °C
3515 37.50 °C
3516 37.50 °C
3517 36.95 °C
3518 37.50 °C
3519 37.50 °C
3520 37.50 °C
3521 38.60 °C
3522 37.50 °C
3523 38.05 °C
3524 37.50 °C
3525 38.05 °C
3526 38.05 °C
3527 36.95 °C
3528 36.95 °C
3529 38.05 °C
3530 36.95 °C
3531 37.50 °C
3532 38.05 °C
3533 36.40 °C
3534 39.15 °C
3535 36.40 °C
3536 37.50 °C
3537 37.50 °C
3539 37.50 °C
3540 37.50 °C
3541 37.50 °C
3542 37.50 °C
3543 37.50 °C
3544 37.50 °C
3545 36.40 °C
3546 38.05 °C
3547 38.05 °C
3548 38.05 °C
3549 37.50 °C
3550 36.95 °C
3551 37.50 °C
3552 37.50 °C
3553 38.05 °C
3554 37.50 °C
3555 37.50 °C
3556 37.50 °C
3557 37.50 °C
3558 38.05 °C
3559 36.40 °C
3560 37.50 °C
3561 37.50 °C
3562 36.95 °C
3563 37.50 °C
3564 38.05 °C
3565 36.95 °C
3566 37.50 °C
3567 37.50 °C
3568 36.95 °C
3569 38.05 °C
3570 38.05 °C
3571 36.95 °C
3572 37.50 °C
3573 37.50 °C
3574 36.95 °C
3575 37.50 °C
3576 36.95 °C
3577 37.50 °C
3578 37.50 °C
3579 38.05 °C
3580 37.50 °C
3581 38.60 °C
3582 35.85 °C
3583 36.95 °C
3584 36.95 °C
3585 37.50 °C
3586 38.05 °C
3587 36.95 °C
3588 36.95 °C
3589 38.05 °C
3590 37.50 °C
3591 37.50 °C
3592 37.50 °C
3593 36.40 °C
3594 37.50 °C
3595 37.50 °C
3596 37.50 °C
3597 37.50 °C
3598 36.95 °C
3599 37.50 °C
3600 38.05 °C
3601 36.40 °C
3602 37.50 °C
3603 38.05 °C
3604 37.50 °C
3605 36.95 °C
3606 37.50 °C
3607 37.50 °C
3608 36.40 °C
3609 37.50 °C
3610 36.95 °C
3611 36.95 °C
3612 37.50 °C
3613 37.50 °C
3614 37.50 °C
3615 37.50 °C
3616 37.50 °C
3617 37.50 °C
3618 36.95 °C
3619 37.50 °C
3620 37.50 °C
3621 38.05 °C
3622 38.05 °C
3623 36.95 °C
3624 38.60 °C
3625 36.95 °C
3626 36.40 °C
3627 36.40 °C
3628 38.60 °C
3629 38.05 °C
3630 36.95 °C
3631 38.60 °C
3632 36.40 °C
3633 38.05 °C
3635 37.50 °C
3636 37.50 °C
3637 36.95 °C
3638 36.95 °C
3639 37.50 °C
3640 37.50 °C
3641 37.50 °C
3642 36.40 °C
3643 36.40 °C
3644 36.95 °C
3645 36.40 °C
3646 37.50 °C
3647 37.50 °C
3648 36.40 °C
3649 37.50 °C
3650 36.40 °C
3651 36.95 °C
3652 37.50 °C
3653 36.95 °C
3654 38.05 °C
3655 38.05 °C
3656 36.95 °C
3657 37.50 °C
3658 37.50 °C
3659 36.95 °C
3660 36.95 °C
3661 36.95 °C
3662 36.95 °C
3663 37.50 °C
3664 37.50 °C
3665 37.50 °C
3666 36.95 °C
3667 37.50 °C
3668 37.50 °C
3669 37.50 °C
3670 36.95 °C
3671 36.95 °C
3672 36.95 °C
3673 37.50 °C
3674 37.50 °C
3675 37.50 °C
3676 37.50 °C
3677 37.50 °C
3678 37.50 °C
3679 38.60 °C
3680 37.50 °C
3681 36.95 °C
3682 35.85 °C
3683 37.50 °C
3684 36.95 °C
3685 36.95 °C
3686 38.05 °C
3687 36.40 °C
3688 37.50 °C
3689 36.95 °C
3690 36.40 °C
3691 36.95 °C
3692 36.40 °C
3693 37.50 °C
3694 37.50 °C
3695 37.50 °C
3696 37.50 °C
3697 37.50 °C
3698 36.40 °C
3699 36.40 °C
3700 36.95 °C
3701 37.50 °C
3702 36.40 °C
3703 35.85 °C
3704 36.95 °C
3705 37.50 °C
3706 37.50 °C
3707 36.95 °C
3708 35.85 °C
3709 36.95 °C
3710 37.50 °C
3711 37.50 °C
3712 37.50 °C
3713 35.85 °C
3714 36.40 °C
3715 37.50 °C
3716 37.50 °C
3717 36.40 °C
3718 36.40 °C
3719 36.95 °C
3720 36.95 °C
3721 36.95 °C
3722 36.40 °C
3723 38.05 °C
3724 38.05 °C
3725 36.95 °C
3726 36.40 °C
3727 37.50 °C
3728 37.50 °C
3729 36.95 °C
3730 36.95 °C
3732 37.50 °C
3733 36.95 °C
3734 36.40 °C
3735 36.40 °C
3736 36.95 °C
3737 37.50 °C
3738 35.85 °C
3739 37.50 °C
3740 36.40 °C
3741 36.40 °C
3742 37.50 °C
3743 37.50 °C
3744 36.40 °C
3745 38.05 °C
3746 36.95 °C
3747 36.40 °C
3748 37.50 °C
3749 36.95 °C
3750 37.50 °C
3751 37.50 °C
3752 37.50 °C
3753 36.95 °C
3754 36.95 °C
3755 36.95 °C
3756 37.50 °C
3757 38.05 °C
3758 36.40 °C
3759 35.85 °C
3760 37.50 °C
3761 37.50 °C
3762 38.05 °C
3763 36.95 °C
3764 37.50 °C
3765 36.40 °C
3766 35.85 °C
3767 36.95 °C
3768 36.95 °C
3769 38.05 °C
3770 36.95 °C
3771 36.95 °C
3772 35.85 °C
3773 37.50 °C
3774 36.95 °C
3775 37.50 °C
3776 36.40 °C
3777 36.40 °C
3778 37.50 °C
3779 36.40 °C
3780 36.95 °C
3781 35.30 °C
3782 37.50 °C
3783 37.50 °C
3784 37.50 °C
3785 37.50 °C
3786 37.50 °C
3787 36.40 °C
3788 37.50 °C
3789 37.50 °C
3790 36.95 °C
3791 36.95 °C
3792 36.40 °C
3793 37.50 °C
3794 36.95 °C
3795 37.50 °C
3796 36.95 °C
3797 36.40 °C
3798 36.95 °C
3799 36.95 °C
3800 36.95 °C
3801 36.95 °C
3802 37.50 °C
3803 36.95 °C
3804 36.40 °C
3805 38.05 °C
3806 36.40 °C
3807 38.05 °C
3808 36.95 °C
3809 37.50 °C
3810 36.95 °C
3811 37.50 °C
3812 35.85 °C
3813 39.15 °C
3814 36.40 °C
3815 37.50 °C
3816 35.85 °C
3817 37.50 °C
3818 37.50 °C
3819 37.50 °C
3820 37.50 °C
3821 36.95 °C
3822 37.50 °C
3823 35.85 °C
3824 36.40 °C
3825 36.95 °C
3826 36.95 °C
3828 36.40 °C
3829 37.50 °C
3830 39.15 °C
3831 36.95 °C
3832 36.95 °C
3833 37.50 °C
3834 36.95 °C
3835 37.50 °C
3836 36.95 °C
3837 37.50 °C
3838 36.95 °C
3839 35.85 °C
3840 37.50 °C
3841 35.85 °C
3842 38.05 °C
3843 36.95 °C
3844 36.40 °C
3845 37.50 °C
3846 36.95 °C
3847 36.40 °C
3848 38.05 °C
3849 36.95 °C
3850 36.95 °C
3851 37.50 °C
3852 37.50 °C
3853 37.50 °C
3854 36.95 °C
3855 36.95 °C
3856 37.50 °C
3857 36.40 °C
3858 36.40 °C
3859 36.40 °C
3860 37.50 °C
3861 35.85 °C
3862 36.95 °C
3863 36.95 °C
3864 37.50 °C
3865 37.50 °C
3866 36.40 °C
3867 36.95 °C
3868 37.50 °C
3869 36.40 °C
3870 37.50 °C
3871 37.50 °C
3872 36.95 °C
3873 36.95 °C
3874 37.50 °C
3875 37.50 °C
3876 37.50 °C
3877 37.50 °C
3878 37.50 °C
3879 37.50 °C
3880 36.40 °C
3881 37.50 °C
3882 36.40 °C
3883 36.40 °C
3884 35.85 °C
3885 37.50 °C
3886 37.50 °C
3887 37.50 °C
3888 37.50 °C
3889 36.40 °C
3890 37.50 °C
3891 36.40 °C
3892 37.50 °C
3893 35.85 °C
3894 37.50 °C
3895 36.40 °C
3896 36.95 °C
3897 37.50 °C
3898 35.85 °C
3899 37.50 °C
3900 37.50 °C
3901 36.95 °C
3902 38.05 °C
3903 37.50 °C
3904 37.50 °C
3905 37.50 °C
3906 36.40 °C
3907 37.50 °C
3908 36.95 °C
3909 36.95 °C
3910 37.50 °C
3911 36.95 °C
3912 36.40 °C
3913 37.50 °C
3914 38.60 °C
3915 36.95 °C
3916 36.40 °C
3917 37.50 °C
3918 38.60 °C
3919 36.95 °C
3920 37.50 °C
3921 36.40 °C
3922 36.95 °C
3923 35.85 °C
3925 36.95 °C
3926 37.50 °C
3927 37.50 °C
3928 37.50 °C
3929 37.50 °C
3930 39.15 °C
3931 37.50 °C
3932 37.50 °C
3933 36.40 °C
3934 36.95 °C
3935 37.50 °C
3936 36.95 °C
3937 37.50 °C
3938 37.50 °C
3939 37.50 °C
3940 38.05 °C
3941 37.50 °C
3942 37.50 °C
3943 37.50 °C
3944 37.50 °C
3945 37.50 °C
3946 37.50 °C
3947 37.50 °C
3948 37.50 °C
3949 37.50 °C
3950 37.50 °C
3951 36.40 °C
3952 38.05 °C
3953 38.60 °C
3954 37.50 °C
3955 37.50 °C
3956 37.50 °C
3957 37.50 °C
3958 36.40 °C
3959 36.40 °C
3960 37.50 °C
3961 36.40 °C
3962 37.50 °C
3963 36.95 °C
3964 37.50 °C
3965 36.40 °C
3966 37.50 °C
3967 37.50 °C
3968 36.95 °C
3969 38.05 °C
3970 37.50 °C
3971 37.50 °C
3972 37.50 °C
3973 37.50 °C
3974 37.50 °C
3975 36.95 °C
3976 36.95 °C
3977 37.50 °C
3978 38.05 °C
3979 37.50 °C
3980 37.50 °C
3981 36.95 °C
3982 37.50 °C
3983 36.95 °C
3984 37.50 °C
3985 37.50 °C
3986 37.50 °C
3987 37.50 °C
3988 37.50 °C
3989 36.95 °C
3990 37.50 °C
3991 36.40 °C
3992 36.95 °C
3993 35.85 °C
3994 36.40 °C
3995 36.95 °C
3996 36.95 °C
3997 37.50 °C
3998 36.95 °C
3999 36.95 °C
4000 36.40 °C
4001 37.50 °C
4002 37.50 °C
4003 38.60 °C
4004 38.60 °C
4005 36.40 °C
4006 37.50 °C
4007 38.05 °C
4008 36.95 °C
4009 36.40 °C
4010 35.85 °C
4011 37.50 °C
4012 37.50 °C
4013 36.95 °C
4014 38.05 °C
4015 36.40 °C
4016 37.50 °C
4017 37.50 °C
4018 38.05 °C
4019 37.50 °C
4021 37.50 °C
4022 37.50 °C
4023 37.50 °C
4024 36.95 °C
4025 36.95 °C
4026 36.40 °C
4027 36.95 °C
4028 36.40 °C
4029 37.50 °C
4030 36.95 °C
4031 36.40 °C
4032 36.95 °C
4033 36.40 °C
4034 36.95 °C
4035 36.95 °C
4036 37.50 °C
4037 37.50 °C
4038 38.05 °C
4039 36.95 °C
4040 36.40 °C
4041 37.50 °C
4042 38.60 °C
4043 36.95 °C
4044 37.50 °C
4045 37.50 °C
4046 35.85 °C
4047 36.95 °C
4048 36.95 °C
4049 36.95 °C
4050 36.40 °C
4051 35.85 °C
4052 36.95 °C
4053 36.95 °C
4054 37.50 °C
4055 36.95 °C
4056 37.50 °C
4057 35.85 °C
4058 36.95 °C
4059 38.60 °C
4060 38.05 °C
4061 37.50 °C
4062 37.50 °C
4063 37.50 °C
4064 36.40 °C
4065 37.50 °C
4066 37.50 °C
4067 36.95 °C
4068 36.95 °C
4069 35.85 °C
4070 36.40 °C
4071 37.50 °C
4072 37.50 °C
4073 36.95 °C
4074 35.85 °C
4075 37.50 °C
4076 36.40 °C
4077 36.95 °C
4078 36.40 °C
4079 36.40 °C
4080 36.40 °C
4081 37.50 °C
4082 36.95 °C
4083 37.50 °C
4084 37.50 °C
4085 35.85 °C
4086 36.95 °C
4087 36.95 °C
4088 37.50 °C
4089 37.50 °C
4090 36.95 °C
4091 36.40 °C
4092 36.40 °C
4093 37.50 °C
4094 35.85 °C
4095 36.95 °C
4096 37.50 °C
4097 35.85 °C
4098 36.95 °C
4099 37.50 °C
4100 36.95 °C
4101 36.95 °C
4102 37.50 °C
4103 37.50 °C
4104 35.85 °C
4105 37.50 °C
4106 36.95 °C
4107 36.40 °C
4108 37.50 °C
4109 36.95 °C
4110 37.50 °C
4111 36.40 °C
4112 36.95 °C
4113 36.40 °C
4114 36.40 °C
4115 36.95 °C
4117 36.40 °C
4118 37.50 °C
4119 35.85 °C
4120 36.40 °C
4121 36.95 °C
4122 35.85 °C
4123 37.50 °C
4124 38.05 °C
4125 36.95 °C
4126 36.95 °C
4127 36.95 °C
4128 37.50 °C
4129 36.95 °C
4130 37.50 °C
4131 36.95 °C
4132 36.95 °C
4133 36.40 °C
4134 36.40 °C
4135 36.95 °C
4136 37.50 °C
4137 36.95 °C
4138 36.95 °C
4139 37.50 °C
4140 37.50 °C
4141 36.40 °C
4142 36.95 °C
4143 36.95 °C
4144 37.50 °C
4145 38.60 °C
4146 36.40 °C
4147 36.95 °C
4148 36.40 °C
4149 36.95 °C
4150 36.95 °C
4151 36.40 °C
4152 38.60 °C
4153 35.85 °C
4154 35.85 °C
4155 36.95 °C
4156 36.95 °C
4157 36.40 °C
4158 36.95 °C
4159 36.95 °C
4160 37.50 °C
4161 38.60 °C
4162 38.05 °C
4163 36.95 °C
4164 36.40 °C
4165 36.95 °C
4166 36.95 °C
4167 38.60 °C
4168 38.05 °C
4169 38.05 °C
4170 36.95 °C
4171 36.95 °C
4172 36.95 °C
4173 36.95 °C
4174 35.85 °C
4175 35.85 °C
4176 36.40 °C
4177 35.30 °C
4178 37.50 °C
4179 36.40 °C
4180 36.40 °C
4181 36.40 °C
4182 36.40 °C
4183 36.40 °C
4184 36.95 °C
4185 37.50 °C
4186 36.95 °C
4187 36.40 °C
4188 37.50 °C
4189 36.95 °C
4190 36.95 °C
4191 36.40 °C
4192 37.50 °C
4193 36.95 °C
4194 36.40 °C
4195 36.95 °C
4196 36.40 °C
4197 38.05 °C
4198 37.50 °C
4199 37.50 °C
4200 37.50 °C
4201 36.40 °C
4202 36.40 °C
4203 35.85 °C
4204 36.95 °C
4205 36.40 °C
4206 36.95 °C
4207 36.95 °C
4208 36.95 °C
4209 36.95 °C
4210 36.40 °C
4211 36.95 °C
4212 36.40 °C
4214 36.40 °C
4215 36.40 °C
4216 35.85 °C
4217 35.30 °C
4218 36.95 °C
4219 38.60 °C
4220 35.85 °C
4221 36.95 °C
4222 36.95 °C
4223 36.40 °C
4224 36.95 °C
4225 36.95 °C
4226 36.95 °C
4227 35.85 °C
4228 35.85 °C
4229 36.40 °C
4230 36.40 °C
4231 35.85 °C
4232 36.95 °C
4233 36.40 °C
4234 35.85 °C
4235 36.40 °C
4236 36.95 °C
4237 35.85 °C
4238 36.40 °C
4239 36.95 °C
4240 36.40 °C
4241 37.50 °C
4242 36.95 °C
4243 35.85 °C
4244 36.95 °C
4245 35.85 °C
4246 36.40 °C
4247 36.40 °C
4248 35.30 °C
4249 35.85 °C
4250 36.95 °C
4251 36.95 °C
4252 37.50 °C
4253 36.95 °C
4254 36.95 °C
4255 36.95 °C
4256 35.85 °C
4257 36.40 °C
4258 36.95 °C
4259 36.40 °C
4260 36.95 °C
4261 36.95 °C
4262 35.85 °C
4263 37.50 °C
4264 36.40 °C
4265 36.95 °C
4266 36.95 °C
4267 36.95 °C
4268 35.85 °C
4269 35.85 °C
4270 35.85 °C
4271 36.40 °C
4272 36.40 °C
4273 36.40 °C
4274 36.40 °C
4275 36.95 °C
4276 36.40 °C
4277 36.95 °C
4278 36.95 °C
4279 35.85 °C
4280 35.85 °C
4281 36.40 °C
4282 36.40 °C
4283 36.95 °C
4284 35.85 °C
4285 35.85 °C
4286 36.95 °C
4287 36.40 °C
4288 36.95 °C
4289 36.95 °C
4290 38.05 °C
4291 35.85 °C
4292 36.40 °C
4293 36.40 °C
4294 36.95 °C
4295 36.95 °C
4296 36.40 °C
4297 35.85 °C
4298 36.95 °C
4299 35.85 °C
4300 36.40 °C
4301 35.85 °C
4302 36.95 °C
4303 35.85 °C
4304 35.85 °C
4305 36.95 °C
4306 36.40 °C
4307 36.95 °C
4308 36.40 °C
4310 36.95 °C
4311 36.40 °C
4312 36.40 °C
4313 35.30 °C
4314 36.40 °C
4315 36.95 °C
4316 36.95 °C
4317 35.85 °C
4318 35.85 °C
4319 36.95 °C
4320 35.30 °C
4321 35.85 °C
4322 36.40 °C
4323 36.95 °C
4324 36.40 °C
4325 36.95 °C
4326 35.85 °C
4327 35.85 °C
4328 35.30 °C
4329 35.30 °C
4330 35.30 °C
4331 35.85 °C
4332 36.95 °C
4333 36.40 °C
4334 36.40 °C
4335 36.40 °C
4336 35.30 °C
4337 36.40 °C
4338 35.85 °C
4339 38.05 °C
4340 35.85 °C
4341 36.95 °C
4342 35.85 °C
4343 35.85 °C
4344 36.95 °C
4345 35.85 °C
4346 36.40 °C
4347 35.30 °C
4348 35.30 °C
4349 36.95 °C
4350 36.40 °C
4351 35.30 °C
4352 36.95 °C
4353 35.85 °C
4354 36.40 °C
4355 36.40 °C
4356 35.30 °C
4357 36.40 °C
4358 34.75 °C
4359 35.30 °C
4360 36.95 °C
4361 36.40 °C
4362 35.85 °C
4363 36.40 °C
4364 35.85 °C
4365 35.30 °C
4366 37.50 °C
4367 36.40 °C
4368 36.40 °C
4369 35.30 °C
4370 35.85 °C
4371 36.40 °C
4372 35.30 °C
4373 36.95 °C
4374 35.85 °C
4375 36.40 °C
4376 35.30 °C
4377 36.40 °C
4378 36.95 °C
4379 35.85 °C
4380 35.85 °C
4381 36.40 °C
4382 36.40 °C
4383 36.40 °C
4384 35.30 °C
4385 34.20 °C
4386 36.40 °C
4387 35.85 °C
4388 35.85 °C
4389 35.30 °C
4390 35.85 °C
4391 35.85 °C
4392 35.30 °C
4393 36.40 °C
4394 36.40 °C
4395 35.30 °C
4396 35.85 °C
4397 36.40 °C
4398 35.30 °C
4399 36.40 °C
4400 36.40 °C
4401 36.40 °C
4402 35.85 °C
4403 35.85 °C
4404 34.75 °C
4405 35.85 °C
4407 35.85 °C
4408 34.75 °C
4409 35.30 °C
4410 36.95 °C
4411 35.85 °C
4412 36.40 °C
4413 35.85 °C
4414 35.30 °C
4415 36.40 °C
4416 35.30 °C
4417 36.40 °C
4418 36.40 °C
4419 35.85 °C
4420 36.40 °C
4421 36.40 °C
4422 36.40 °C
4423 36.40 °C
4424 35.85 °C
4425 36.40 °C
4426 36.95 °C
4427 35.30 °C
4428 35.30 °C
4429 35.85 °C
4430 35.30 °C
4431 35.85 °C
4432 35.85 °C
4433 36.40 °C
4434 35.30 °C
4435 36.40 °C
4436 35.85 °C
4437 36.40 °C
4438 36.40 °C
4439 34.75 °C
4440 35.85 °C
4441 36.40 °C
4442 36.40 °C
4443 35.85 °C
4444 36.40 °C
4445 36.95 °C
4446 35.85 °C
4447 36.40 °C
4448 34.75 °C
4449 35.85 °C
4450 34.75 °C
4451 36.40 °C
4452 35.85 °C
4453 36.40 °C
4454 35.85 °C
4455 35.85 °C
4456 37.50 °C
4457 35.85 °C
4458 36.40 °C
4459 36.40 °C
4460 35.30 °C
4461 35.85 °C
4462 36.40 °C
4463 36.40 °C
4464 35.85 °C
4465 36.40 °C
4466 35.30 °C
4467 35.30 °C
4468 35.85 °C
4469 35.85 °C
4470 35.85 °C
4471 36.40 °C
4472 36.40 °C
4473 36.40 °C
4474 35.85 °C
4475 34.75 °C
4476 35.30 °C
4477 35.30 °C
4478 34.75 °C
4479 34.75 °C
4480 35.85 °C
4481 36.40 °C
4482 35.30 °C
4483 36.95 °C
4484 36.40 °C
4485 36.40 °C
4486 34.75 °C
4487 35.30 °C
4488 36.40 °C
4489 35.85 °C
4490 35.30 °C
4491 36.40 °C
4492 36.40 °C
4493 35.30 °C
4494 36.40 °C
4495 35.30 °C
4496 34.75 °C
4497 35.85 °C
4498 36.40 °C
4499 36.40 °C
4500 35.85 °C
4501 35.30 °C
4503 34.75 °C
4504 34.75 °C
4505 35.30 °C
4506 35.85 °C
4507 35.85 °C
4508 36.95 °C
4509 35.30 °C
4510 36.40 °C
4511 35.85 °C
4512 35.30 °C
4513 34.20 °C
4514 35.30 °C
4515 35.85 °C
4516 34.75 °C
4517 36.40 °C
4518 35.30 °C
4519 35.30 °C
4520 35.85 °C
4521 34.75 °C
4522 35.85 °C
4523 34.75 °C
4524 35.30 °C
4525 36.40 °C
4526 34.75 °C
4527 36.40 °C
4528 35.85 °C
4529 35.30 °C
4530 36.40 °C
4531 35.30 °C
4532 34.20 °C
4533 35.85 °C
4534 35.30 °C
4535 36.40 °C
4536 36.40 °C
4537 34.75 °C
4538 36.95 °C
4539 35.85 °C
4540 34.75 °C
4541 34.75 °C
4542 35.30 °C
4543 35.30 °C
4544 35.85 °C
4545 35.85 °C
4546 35.30 °C
4547 34.75 °C
4548 35.30 °C
4549 35.30 °C
4550 35.85 °C
4551 34.75 °C
4552 35.85 °C
4553 35.30 °C
4554 35.85 °C
4555 34.20 °C
4556 35.85 °C
4557 35.30 °C
4558 35.30 °C
4559 35.85 °C
4560 35.30 °C
4561 35.30 °C
4562 34.75 °C
4563 35.30 °C
4564 34.75 °C
4565 35.30 °C
4566 35.30 °C
4567 34.20 °C
4568 35.85 °C
4569 35.85 °C
4570 35.30 °C
4571 35.85 °C
4572 35.30 °C
4573 34.75 °C
4574 35.30 °C
4575 35.30 °C
4576 35.30 °C
4577 35.30 °C
4578 34.75 °C
4579 36.40 °C
4580 34.75 °C
4581 35.30 °C
4582 35.85 °C
4583 35.85 °C
4584 34.75 °C
4585 35.85 °C
4586 35.30 °C
4587 36.40 °C
4588 36.40 °C
4589 35.30 °C
4590 34.75 °C
4591 34.75 °C
4592 35.85 °C
4593 35.30 °C
4594 35.30 °C
4595 34.20 °C
4596 35.85 °C
4597 35.85 °C
4599 35.30 °C
4600 34.75 °C
4601 35.85 °C
4602 35.85 °C
4603 34.75 °C
4604 35.85 °C
4605 34.75 °C
4606 35.85 °C
4607 35.85 °C
4608 35.85 °C
4609 34.75 °C
4610 36.40 °C
4611 35.85 °C
4612 35.85 °C
4613 36.40 °C
4614 35.30 °C
4615 36.40 °C
4616 35.85 °C
4617 35.30 °C
4618 35.30 °C
4619 35.30 °C
4620 34.75 °C
4621 34.75 °C
4622 35.30 °C
4623 35.30 °C
4624 34.75 °C
4625 35.85 °C
4626 34.75 °C
4627 34.20 °C
4628 35.85 °C
4629 35.30 °C
4630 35.30 °C
4631 35.85 °C
4632 34.75 °C
4633 34.75 °C
4634 35.30 °C
4635 35.30 °C
4636 35.30 °C
4637 35.30 °C
4638 34.20 °C
4639 36.40 °C
4640 35.30 °C
4641 34.75 °C
4642 35.85 °C
4643 36.40 °C
4644 35.30 °C
4645 36.40 °C
4646 34.20 °C
4647 35.85 °C
4648 34.75 °C
4649 34.20 °C
4650 34.20 °C
4651 35.85 °C
4652 35.30 °C
4653 34.75 °C
4654 35.30 °C
4655 35.30 °C
4656 34.20 °C
4657 35.30 °C
4658 35.30 °C
4659 34.20 °C
4660 34.20 °C
4661 35.30 °C
4662 34.20 °C
4663 34.75 °C
4664 35.30 °C
4665 35.30 °C
4666 35.30 °C
4667 35.85 °C
4668 35.30 °C
4669 35.85 °C
4670 34.75 °C
4671 36.40 °C
4672 35.30 °C
4673 34.75 °C
4674 34.20 °C
4675 34.20 °C
4676 34.75 °C
4677 34.20 °C
4678 34.20 °C
4679 34.75 °C
4680 34.75 °C
4681 34.20 °C
4682 35.30 °C
4683 35.30 °C
4684 35.30 °C
4685 34.75 °C
4686 35.30 °C
4687 34.20 °C
4688 35.85 °C
4689 35.85 °C
4690 34.75 °C
4691 34.75 °C
4692 34.75 °C
4693 35.30 °C
4695 34.75 °C
4696 34.20 °C
4697 35.30 °C
4698 35.85 °C
4699 35.30 °C
4700 34.20 °C
4701 33.65 °C
4702 34.75 °C
4703 34.75 °C
4704 35.30 °C
4705 35.30 °C
4706 34.75 °C
4707 33.65 °C
4708 35.30 °C
4709 34.75 °C
4710 34.20 °C
4711 35.30 °C
4712 34.20 °C
4713 34.20 °C
4714 35.30 °C
4715 35.30 °C
4716 35.85 °C
4717 34.20 °C
4718 35.30 °C
4719 35.30 °C
4720 35.85 °C
4721 34.75 °C
4722 33.65 °C
4723 35.30 °C
4724 34.20 °C
4725 33.65 °C
4726 35.30 °C
4727 34.75 °C
4728 34.75 °C
4729 34.75 °C
4730 36.40 °C
4731 34.20 °C
4732 35.30 °C
4733 35.30 °C
4734 33.65 °C
4735 35.30 °C
4736 34.75 °C
4737 34.75 °C
4738 34.20 °C
4739 35.30 °C
4740 35.30 °C
4741 33.65 °C
4742 34.20 °C
4743 35.30 °C
4744 33.65 °C
4745 34.75 °C
4746 34.75 °C
4747 34.20 °C
4748 34.75 °C
4749 34.75 °C
4750 34.75 °C
4751 33.65 °C
4752 34.20 °C
4753 35.30 °C
4754 34.75 °C
4755 33.10 °C
4756 34.75 °C
4757 34.75 °C
4758 34.20 °C
4759 34.75 °C
4760 34.75 °C
4761 34.75 °C
4762 33.65 °C
4763 34.75 °C
4764 34.75 °C
4765 34.75 °C
4766 36.40 °C
4767 34.75 °C
4768 35.30 °C
4769 34.20 °C
4770 34.75 °C
4771 34.75 °C
4772 34.75 °C
4773 34.75 °C
4774 34.75 °C
4775 34.75 °C
4776 33.65 °C
4777 33.10 °C
4778 34.75 °C
4779 35.30 °C
4780 34.75 °C
4781 35.30 °C
4782 34.20 °C
4783 36.40 °C
4784 34.75 °C
4785 34.75 °C
4786 34.75 °C
4787 34.20 °C
4788 34.20 °C
4790 34.20 °C
4791 35.30 °C
4792 34.75 °C
4793 33.65 °C
4794 34.75 °C
4795 34.75 °C
4796 34.20 °C
4797 34.75 °C
4798 34.75 °C
4799 34.75 °C
4800 34.20 °C
4801 33.65 °C
4802 34.75 °C
4803 35.30 °C
4804 34.75 °C
4805 34.75 °C
4806 34.75 °C
4807 33.10 °C
4808 34.75 °C
4809 34.75 °C
4810 33.65 °C
4811 34.20 °C
4812 34.75 °C
4813 34.75 °C
4814 34.75 °C
4815 34.20 °C
4816 34.20 °C
4817 34.75 °C
4818 34.20 °C
4819 34.75 °C
4820 35.85 °C
4821 33.65 °C
4822 34.75 °C
4823 33.65 °C
4824 34.20 °C
4825 33.10 °C
4826 34.75 °C
4827 34.20 °C
4828 34.75 °C
4829 34.75 °C
4830 35.30 °C
4831 34.20 °C
4832 35.30 °C
4833 34.20 °C
4834 33.65 °C
4835 34.75 °C
4836 34.75 °C
4837 34.20 °C
4838 34.75 °C
4839 34.75 °C
4840 33.65 °C
4841 34.75 °C
4842 34.75 °C
4843 35.30 °C
4844 34.75 °C
4845 35.30 °C
4846 34.75 °C
4847 34.20 °C
4848 34.75 °C
4849 33.65 °C
4850 34.20 °C
4851 33.65 °C
4852 34.20 °C
4853 34.75 °C
4854 34.20 °C
4855 33.10 °C
4856 34.20 °C
4857 33.65 °C
4858 33.65 °C
4859 33.65 °C
4860 33.65 °C
4861 34.20 °C
4862 34.75 °C
4863 34.20 °C
4864 34.20 °C
4865 34.75 °C
4866 33.10 °C
4867 36.40 °C
4868 35.30 °C
4869 33.65 °C
4870 34.75 °C
4871 34.20 °C
4872 34.75 °C
4873 34.75 °C
4874 34.75 °C
4875 33.65 °C
4876 34.75 °C
4877 33.65 °C
4878 34.75 °C
4879 34.75 °C
4880 34.20 °C
4881 33.65 °C
4882 34.75 °C
4883 33.65 °C
4884 34.75 °C
4885 34.75 °C
4887 34.75 °C
4888 34.20 °C
