0 57.30 °C
1 56.75 °C
2 57.30 °C
3 56.20 °C
4 55.65 °C
5 56.75 °C
6 56.20 °C
7 57.30 °C
8 56.20 °C
9 56.20 °C
10 55.65 °C
11 56.75 °C
13 57.30 °C
14 56.20 °C
15 56.20 °C
16 56.75 °C
17 56.75 °C
18 56.75 °C
19 57.30 °C
20 56.75 °C
21 57.30 °C
22 57.30 °C
23 55.65 °C
24 56.75 °C
25 56.20 °C
26 55.65 °C
27 57.30 °C
28 57.30 °C
29 57.30 °C
30 56.20 °C
31 55.65 °C
32 56.75 °C
33 56.75 °C
34 57.30 °C
35 56.75 °C
36 56.75 °C
37 57.30 °C
38 57.85 °C
39 57.30 °C
40 56.75 °C
41 57.30 °C
42 57.30 °C
43 56.75 °C
44 56.20 °C
45 57.30 °C
46 56.75 °C
47 57.85 °C
48 56.75 °C
49 56.20 °C
50 56.20 °C
51 56.75 °C
52 56.20 °C
53 56.75 °C
54 55.10 °C
55 56.75 °C
56 56.20 °C
57 57.30 °C
58 56.75 °C
59 56.75 °C
60 57.30 °C
61 57.30 °C
62 56.20 °C
63 56.75 °C
64 57.30 °C
65 57.85 °C
66 56.20 °C
67 57.30 °C
68 56.75 °C
69 56.75 °C
70 57.30 °C
71 56.20 °C
72 57.30 °C
73 57.30 °C
74 56.75 °C
75 55.65 °C
76 56.20 °C
77 57.30 °C
78 56.75 °C
79 57.30 °C
80 57.30 °C
81 57.30 °C
82 57.30 °C
83 57.85 °C
84 57.85 °C
85 57.30 °C
86 56.20 °C
87 57.30 °C
88 56.75 °C
89 57.30 °C
90 56.75 °C
91 56.20 °C
92 57.30 °C
93 57.30 °C
94 56.75 °C
95 57.30 °C
96 57.30 °C
97 57.30 °C
98 57.85 °C
99 56.20 °C
100 57.30 °C
101 56.75 °C
102 57.30 °C
103 56.75 °C
104 57.85 °C
105 57.85 °C
107 57.30 °C
108 57.85 °C
109 56.20 °C
110 56.20 °C
111 57.30 °C
112 56.20 °C
113 57.30 °C
114 57.30 °C
115 56.75 °C
116 56.20 °C
117 56.75 °C
118 57.85 °C
119 56.20 °C
120 57.30 °C
121 58.40 °C
122 56.75 °C
123 55.65 °C
124 57.85 °C
125 56.20 °C
126 57.30 °C
127 57.30 °C
128 56.75 °C
129 56.75 °C
130 57.30 °C
131 57.85 °C
132 57.30 °C
133 56.20 °C
134 57.30 °C
135 56.75 °C
136 57.30 °C
137 57.30 °C
138 57.30 °C
139 56.75 °C
140 56.75 °C
141 57.30 °C
142 55.65 °C
143 55.65 °C
144 56.75 °C
145 57.30 °C
146 56.75 °C
147 55.65 °C
148 56.75 °C
149 57.30 °C
150 56.20 °C
151 57.30 °C
152 56.20 °C
153 56.20 °C
154 56.75 °C
155 57.30 °C
156 56.75 °C
157 57.30 °C
158 57.85 °C
159 56.20 °C
160 57.30 °C
161 57.30 °C
162 56.75 °C
163 57.85 °C
164 57.30 °C
165 56.20 °C
166 57.30 °C
167 57.30 °C
168 57.30 °C
169 57.30 °C
170 57.30 °C
171 56.20 °C
172 56.20 °C
173 56.20 °C
174 57.30 °C
175 56.75 °C
176 56.20 °C
177 56.75 °C
178 56.75 °C
179 57.30 °C
180 57.30 °C
181 57.30 °C
182 57.30 °C
183 57.30 °C
184 56.75 °C
185 57.30 °C
186 57.30 °C
187 56.20 °C
188 56.20 °C
189 57.30 °C
190 56.20 °C
191 56.75 °C
192 57.30 °C
193 56.75 °C
194 55.65 °C
195 57.30 °C
196 56.75 °C
197 57.30 °C
198 57.30 °C
199 56.75 °C
200 56.75 °C
202 56.75 °C
203 56.20 °C
204 57.30 °C
205 57.85 °C
206 56.20 °C
207 57.30 °C
208 56.20 °C
209 57.30 °C
210 57.30 °C
211 56.75 °C
212 56.20 °C
213 57.30 °C
214 57.30 °C
215 57.85 °C
216 56.20 °C
217 57.30 °C
218 57.85 °C
219 56.75 °C
220 57.30 °C
221 57.85 °C
222 56.75 °C
223 56.75 °C
224 56.75 °C
225 57.85 °C
226 56.75 °C
227 57.30 °C
228 56.75 °C
229 56.75 °C
230 57.30 °C
231 57.30 °C
232 56.75 °C
233 57.30 °C
234 57.30 °C
235 57.30 °C
236 57.30 °C
237 56.20 °C
238 57.85 °C
239 57.30 °C
240 57.30 °C
241 56.75 °C
242 56.75 °C
243 56.20 °C
244 57.30 °C
245 58.40 °C
246 55.65 °C
247 57.85 °C
248 57.30 °C
249 56.75 °C
250 56.20 °C
251 57.85 °C
252 57.30 °C
253 57.85 °C
254 57.30 °C
255 56.75 °C
256 56.20 °C
257 56.20 °C
258 57.85 °C
259 57.30 °C
260 56.20 °C
261 57.30 °C
262 57.85 °C
263 56.75 °C
264 56.75 °C
265 57.85 °C
266 58.40 °C
267 57.30 °C
268 57.85 °C
269 57.30 °C
270 57.85 °C
271 57.85 °C
272 58.40 °C
273 57.85 °C
274 57.85 °C
275 57.85 °C
276 57.30 °C
277 56.75 °C
278 57.30 °C
279 57.85 °C
280 57.85 °C
281 56.75 °C
282 56.20 °C
283 57.85 °C
284 56.75 °C
285 57.30 °C
286 57.30 °C
287 57.30 °C
288 57.85 °C
289 56.75 °C
290 57.85 °C
291 56.75 °C
292 57.30 °C
293 57.30 °C
294 56.75 °C
295 57.85 °C
297 56.75 °C
298 57.30 °C
299 58.40 °C
300 58.40 °C
301 56.75 °C
302 57.30 °C
303 57.85 °C
304 58.40 °C
305 57.30 °C
306 58.40 °C
307 57.85 °C
308 58.40 °C
309 57.85 °C
310 58.40 °C
311 57.85 °C
312 57.85 °C
313 58.40 °C
314 57.85 °C
315 57.30 °C
316 58.40 °C
317 57.30 °C
318 57.85 °C
319 58.40 °C
320 57.30 °C
321 58.95 °C
322 58.40 °C
323 57.30 °C
324 57.85 °C
325 58.40 °C
326 58.95 °C
327 57.85 °C
328 57.30 °C
329 57.85 °C
330 56.75 °C
331 58.95 °C
332 58.95 °C
333 57.85 °C
334 57.85 °C
335 57.85 °C
336 57.30 °C
337 58.95 °C
338 57.85 °C
339 58.95 °C
340 58.40 °C
341 58.95 °C
342 58.95 °C
343 59.50 °C
344 57.85 °C
345 58.40 °C
346 59.50 °C
347 58.95 °C
348 57.30 °C
349 58.40 °C
350 58.40 °C
351 59.50 °C
352 58.40 °C
353 58.95 °C
354 58.95 °C
355 58.40 °C
356 57.85 °C
357 58.95 °C
358 59.50 °C
359 58.95 °C
360 58.40 °C
361 59.50 °C
362 59.50 °C
363 59.50 °C
364 58.95 °C
365 59.50 °C
366 59.50 °C
367 58.40 °C
368 58.95 °C
369 59.50 °C
370 59.50 °C
371 59.50 °C
372 57.30 °C
373 58.95 °C
374 59.50 °C
375 58.95 °C
376 59.50 °C
377 58.40 °C
378 59.50 °C
379 58.40 °C
380 58.95 °C
381 59.50 °C
382 59.50 °C
383 59.50 °C
384 58.95 °C
385 57.85 °C
386 60.05 °C
387 59.50 °C
388 59.50 °C
389 58.95 °C
390 59.50 °C
391 58.95 °C
393 59.50 °C
394 59.50 °C
395 59.50 °C
396 59.50 °C
397 58.95 °C
398 59.50 °C
399 59.50 °C
400 58.95 °C
401 59.50 °C
402 58.40 °C
403 58.95 °C
404 58.95 °C
405 58.40 °C
406 58.95 °C
407 58.95 °C
408 57.85 °C
409 58.40 °C
410 57.30 °C
411 59.50 °C
412 58.95 °C
413 58.40 °C
414 58.40 °C
415 58.40 °C
416 58.95 °C
417 58.40 °C
418 57.85 °C
419 57.85 °C
420 57.30 °C
421 57.85 °C
422 57.30 °C
423 57.85 °C
424 57.85 °C
425 56.75 °C
426 56.75 °C
427 57.30 °C
428 56.75 °C
429 57.85 °C
430 56.75 °C
431 56.75 °C
432 57.30 °C
433 58.40 °C
434 57.30 °C
435 57.85 °C
436 57.85 °C
437 57.85 °C
438 56.20 °C
439 56.75 °C
440 57.30 °C
441 57.30 °C
442 57.85 °C
443 56.75 °C
444 56.75 °C
445 57.85 °C
446 57.30 °C
447 56.75 °C
448 56.20 °C
449 57.30 °C
450 57.30 °C
451 56.75 °C
452 56.75 °C
453 57.30 °C
454 56.75 °C
455 56.75 °C
456 57.30 °C
457 57.30 °C
458 56.75 °C
459 57.30 °C
460 56.75 °C
461 55.65 °C
462 56.75 °C
463 57.30 °C
464 56.75 °C
465 56.75 °C
466 57.30 °C
467 57.30 °C
468 57.30 °C
469 56.75 °C
470 57.30 °C
471 57.30 °C
472 57.30 °C
473 56.75 °C
474 57.30 °C
475 56.75 °C
476 57.30 °C
477 55.65 °C
478 57.30 °C
479 56.75 °C
480 56.75 °C
481 55.65 °C
482 56.75 °C
483 56.75 °C
484 57.30 °C
485 57.30 °C
486 56.20 °C
488 56.75 °C
489 56.75 °C
490 55.10 °C
491 56.75 °C
492 56.20 °C
493 55.65 °C
494 56.75 °C
495 56.75 °C
496 55.65 °C
497 56.20 °C
498 55.65 °C
499 56.20 °C
500 55.65 °C
501 55.65 °C
502 56.75 °C
503 56.20 °C
504 56.75 °C
505 56.75 °C
506 56.75 °C
507 56.20 °C
508 56.75 °C
509 56.20 °C
510 57.30 °C
511 56.75 °C
512 55.65 °C
513 56.20 °C
514 55.10 °C
515 55.65 °C
516 55.10 °C
517 56.75 °C
518 56.75 °C
519 56.20 °C
520 56.75 °C
521 56.75 °C
522 56.75 °C
523 56.75 °C
524 56.20 °C
525 57.30 °C
526 56.75 °C
527 56.20 °C
528 56.75 °C
529 56.75 °C
530 56.20 °C
531 56.20 °C
532 55.65 °C
533 56.75 °C
534 57.30 °C
535 55.65 °C
536 56.20 °C
537 57.30 °C
538 56.20 °C
539 55.10 °C
540 56.75 °C
541 55.65 °C
542 56.75 °C
543 56.20 °C
544 56.20 °C
545 55.65 °C
546 56.20 °C
547 55.65 °C
548 56.75 °C
549 56.75 °C
550 56.75 °C
551 56.75 °C
552 56.20 °C
553 56.20 °C
554 54.55 °C
555 56.75 °C
556 56.20 °C
557 56.75 °C
558 55.10 °C
559 56.20 °C
560 56.75 °C
561 56.75 °C
562 56.75 °C
563 56.75 °C
564 56.75 °C
565 56.20 °C
566 56.75 °C
567 56.75 °C
568 56.20 °C
569 56.20 °C
570 55.65 °C
571 56.20 °C
572 56.20 °C
573 56.20 °C
574 56.75 °C
575 56.75 °C
576 56.75 °C
577 56.20 °C
578 55.65 °C
579 55.65 °C
580 55.10 °C
581 56.20 °C
583 57.30 °C
584 55.65 °C
585 56.75 °C
586 56.20 °C
587 57.30 °C
588 55.65 °C
589 55.65 °C
590 56.75 °C
591 55.65 °C
592 56.20 °C
593 57.30 °C
594 55.65 °C
595 55.65 °C
596 55.65 °C
597 56.20 °C
598 55.65 °C
599 56.20 °C
600 56.75 °C
601 55.65 °C
602 57.30 °C
603 55.65 °C
604 56.75 °C
605 56.75 °C
606 56.20 °C
607 56.75 °C
608 55.65 °C
609 57.30 °C
610 56.75 °C
611 55.65 °C
612 57.30 °C
613 57.30 °C
614 56.75 °C
615 56.75 °C
616 55.65 °C
617 56.75 °C
618 56.75 °C
619 55.65 °C
620 55.65 °C
621 56.75 °C
622 56.75 °C
623 55.65 °C
624 55.65 °C
625 55.10 °C
626 56.75 °C
627 55.65 °C
628 56.75 °C
629 56.75 °C
630 56.75 °C
631 55.65 °C
632 55.65 °C
633 57.30 °C
634 57.30 °C
635 57.30 °C
636 56.75 °C
637 56.75 °C
638 56.20 °C
639 57.30 °C
640 57.30 °C
641 56.75 °C
642 57.30 °C
643 56.20 °C
644 57.30 °C
645 57.30 °C
646 56.20 °C
647 57.30 °C
648 56.75 °C
649 57.85 °C
650 57.30 °C
651 56.20 °C
652 56.20 °C
653 56.20 °C
654 56.75 °C
655 57.85 °C
656 56.20 °C
657 56.20 °C
658 57.30 °C
659 57.85 °C
660 57.85 °C
661 56.75 °C
662 56.20 °C
663 57.85 °C
664 56.75 °C
665 56.75 °C
666 56.75 °C
667 57.85 °C
668 57.30 °C
669 57.30 °C
670 56.20 °C
671 57.85 °C
672 57.30 °C
673 57.30 °C
674 57.30 °C
675 57.30 °C
676 57.30 °C
678 57.30 °C
679 57.30 °C
680 56.75 °C
681 56.75 °C
682 56.20 °C
683 57.85 °C
684 57.85 °C
685 58.40 °C
686 57.85 °C
687 57.85 °C
688 56.75 °C
689 56.75 °C
690 57.85 °C
691 56.20 °C
692 58.40 °C
693 57.85 °C
694 57.85 °C
695 57.85 °C
696 58.40 °C
697 58.40 °C
698 57.85 °C
699 57.30 °C
700 58.40 °C
701 57.85 °C
702 56.75 °C
703 58.40 °C
704 57.85 °C
705 58.40 °C
706 57.30 °C
707 57.85 °C
708 57.30 °C
709 58.40 °C
710 57.30 °C
711 57.85 °C
712 57.85 °C
713 56.75 °C
714 57.30 °C
715 58.40 °C
716 57.85 °C
717 57.85 °C
718 57.30 °C
719 56.20 °C
720 56.75 °C
721 57.30 °C
722 57.30 °C
723 57.30 °C
724 57.30 °C
725 56.20 °C
726 57.30 °C
727 57.30 °C
728 56.20 °C
729 55.65 °C
730 56.75 °C
731 56.20 °C
732 55.65 °C
733 56.75 °C
734 56.20 °C
735 55.65 °C
736 55.65 °C
737 56.75 °C
738 56.75 °C
739 55.65 °C
740 57.30 °C
741 56.20 °C
742 56.20 °C
743 55.65 °C
744 56.75 °C
745 56.20 °C
746 56.20 °C
747 56.20 °C
748 56.20 °C
749 56.75 °C
750 56.75 °C
751 54.55 °C
752 56.20 °C
753 56.75 °C
754 55.65 °C
755 55.65 °C
756 55.65 °C
757 55.65 °C
758 56.20 °C
759 56.75 °C
760 55.65 °C
761 56.20 °C
762 56.20 °C
763 56.20 °C
764 56.20 °C
765 56.75 °C
766 56.20 °C
767 56.20 °C
768 56.20 °C
769 56.75 °C
770 56.75 °C
772 56.75 °C
773 55.10 °C
774 56.75 °C
775 56.75 °C
776 56.75 °C
777 56.75 °C
778 55.10 °C
779 56.20 °C
780 55.65 °C
781 56.75 °C
782 56.75 °C
783 55.65 °C
784 56.20 °C
785 56.75 °C
786 57.30 °C
787 56.20 °C
788 57.30 °C
789 55.65 °C
790 56.75 °C
791 57.30 °C
792 56.20 °C
793 55.65 °C
794 57.30 °C
795 57.30 °C
796 57.30 °C
797 56.75 °C
798 57.30 °C
799 56.75 °C
800 56.20 °C
801 57.85 °C
802 57.30 °C
803 57.85 °C
804 56.20 °C
805 57.30 °C
806 56.75 °C
807 56.75 °C
808 57.85 °C
809 55.65 °C
810 57.30 °C
811 57.85 °C
812 57.30 °C
813 56.75 °C
814 57.85 °C
815 57.30 °C
816 57.30 °C
817 56.75 °C
818 57.85 °C
819 57.85 °C
820 57.85 °C
821 57.30 °C
822 57.85 °C
823 58.40 °C
824 58.40 °C
825 57.30 °C
826 56.75 °C
827 56.75 °C
828 58.40 °C
829 56.75 °C
830 58.40 °C
831 57.85 °C
832 56.75 °C
833 57.85 °C
834 57.85 °C
835 58.40 °C
836 58.40 °C
837 57.85 °C
838 58.40 °C
839 56.75 °C
840 58.40 °C
841 57.30 °C
842 57.85 °C
843 58.40 °C
844 58.40 °C
845 57.85 °C
846 58.40 °C
847 58.40 °C
848 57.85 °C
849 57.30 °C
850 57.85 °C
851 57.30 °C
852 57.85 °C
853 58.95 °C
854 56.75 °C
855 58.40 °C
856 58.95 °C
857 58.95 °C
858 58.40 °C
859 57.30 °C
861 57.30 °C
862 58.95 °C
863 58.40 °C
864 57.85 °C
865 57.85 °C
866 59.50 °C
867 58.95 °C
868 57.85 °C
869 59.50 °C
870 58.95 °C
871 58.40 °C
872 58.95 °C
873 59.50 °C
874 58.95 °C
875 58.40 °C
876 59.50 °C
877 58.95 °C
878 58.95 °C
879 58.40 °C
880 58.40 °C
881 58.95 °C
882 58.95 °C
883 58.40 °C
884 59.50 °C
885 58.95 °C
886 59.50 °C
887 58.95 °C
888 58.95 °C
889 58.40 °C
890 58.40 °C
891 59.50 °C
892 59.50 °C
893 59.50 °C
894 58.95 °C
895 59.50 °C
896 58.95 °C
897 58.40 °C
898 59.50 °C
899 59.50 °C
900 58.95 °C
901 59.50 °C
902 58.95 °C
903 59.50 °C
904 58.95 °C
905 60.05 °C
906 58.95 °C
907 59.50 °C
908 58.95 °C
909 59.50 °C
910 60.60 °C
911 59.50 °C
912 59.50 °C
913 59.50 °C
914 60.05 °C
915 59.50 °C
916 58.95 °C
917 60.05 °C
918 59.50 °C
919 58.40 °C
920 59.50 °C
921 58.95 °C
922 59.50 °C
923 58.95 °C
924 59.50 °C
925 59.50 °C
926 60.05 °C
927 59.50 °C
928 60.05 °C
929 60.05 °C
930 60.05 °C
931 60.05 °C
932 58.40 °C
933 59.50 °C
934 59.50 °C
935 58.95 °C
936 58.40 °C
937 58.40 °C
938 58.95 °C
939 58.40 °C
940 59.50 °C
941 58.95 °C
942 59.50 °C
943 57.85 °C
944 58.40 °C
945 58.95 °C
946 58.95 °C
947 58.95 °C
948 58.95 °C
949 58.95 °C
950 58.40 °C
951 59.50 °C
952 58.95 °C
953 58.95 °C
954 58.95 °C
956 58.95 °C
957 57.85 °C
958 57.85 °C
959 58.95 °C
960 57.85 °C
961 58.40 °C
962 58.40 °C
963 57.85 °C
964 58.40 °C
965 57.30 °C
966 58.40 °C
967 57.30 °C
968 57.30 °C
969 58.40 °C
970 57.85 °C
971 58.40 °C
972 58.40 °C
973 58.40 °C
974 58.95 °C
975 58.40 °C
976 58.40 °C
977 58.40 °C
978 58.40 °C
979 58.40 °C
980 57.85 °C
981 57.85 °C
982 58.40 °C
983 57.30 °C
984 56.75 °C
985 58.40 °C
986 58.40 °C
987 58.40 °C
988 57.85 °C
989 58.40 °C
990 57.85 °C
991 57.85 °C
992 58.40 °C
993 57.85 °C
994 58.95 °C
995 58.40 °C
996 58.40 °C
997 57.85 °C
998 58.40 °C
999 58.40 °C
1000 58.95 °C
1001 57.85 °C
1002 57.85 °C
1003 58.40 °C
1004 58.40 °C
1005 57.85 °C
1006 57.30 °C
1007 57.85 °C
1008 57.85 °C
1009 57.30 °C
1010 58.40 °C
1011 57.30 °C
1012 56.75 °C
1013 58.40 °C
1014 58.40 °C
1015 58.40 °C
1016 57.30 °C
1017 57.85 °C
1018 56.20 °C
1019 57.85 °C
1020 57.30 °C
1021 58.40 °C
1022 56.75 °C
1023 57.85 °C
1024 58.40 °C
1025 57.85 °C
1026 57.85 °C
1027 56.75 °C
1028 56.75 °C
1029 57.85 °C
1030 57.85 °C
1031 57.30 °C
1032 57.85 °C
1033 58.40 °C
1034 56.75 °C
1035 57.85 °C
1036 58.40 °C
1037 58.40 °C
1038 56.75 °C
1039 57.30 °C
1040 57.30 °C
1041 57.30 °C
1042 58.40 °C
1043 57.85 °C
1044 57.85 °C
1045 58.40 °C
1046 58.95 °C
1047 56.75 °C
1048 58.40 °C
1049 57.30 °C
1051 58.40 °C
1052 57.85 °C
1053 57.85 °C
1054 57.85 °C
1055 57.85 °C
1056 58.40 °C
1057 57.30 °C
1058 58.40 °C
1059 57.85 °C
1060 57.30 °C
1061 58.40 °C
1062 56.75 °C
1063 57.30 °C
1064 58.40 °C
1065 58.40 °C
1066 57.85 °C
1067 58.40 °C
1068 57.30 °C
1069 57.85 °C
1070 57.30 °C
1071 58.40 °C
1072 58.40 °C
1073 57.85 °C
1074 58.40 °C
1075 57.85 °C
1076 56.75 °C
1077 57.30 °C
1078 58.40 °C
1079 58.40 °C
1080 57.30 °C
1081 58.40 °C
1082 57.85 °C
1083 58.40 °C
1084 58.40 °C
1085 57.85 °C
1086 58.40 °C
1087 57.85 °C
1088 56.75 °C
1089 57.30 °C
1090 58.40 °C
1091 56.75 °C
1092 58.40 °C
1093 58.95 °C
1094 57.30 °C
1095 58.40 °C
1096 57.85 °C
1097 58.40 °C
1098 58.40 °C
1099 57.30 °C
1100 57.85 °C
1101 57.30 °C
1102 57.30 °C
1103 57.30 °C
1104 57.85 °C
1105 57.85 °C
1106 57.30 °C
1107 57.85 °C
1108 58.95 °C
1109 57.85 °C
1110 57.85 °C
1111 58.40 °C
1112 57.85 °C
1113 57.85 °C
1114 58.40 °C
1115 56.75 °C
1116 58.40 °C
1117 58.95 °C
1118 57.85 °C
1119 58.40 °C
1120 58.95 °C
1121 58.95 °C
1122 58.95 °C
1123 59.50 °C
1124 57.85 °C
1125 58.40 °C
1126 58.95 °C
1127 58.95 °C
1128 57.85 °C
1129 56.75 °C
1130 58.40 °C
1131 57.85 °C
1132 58.95 °C
1133 58.95 °C
1134 58.40 °C
1135 57.85 °C
1136 58.40 °C
1137 59.50 °C
1138 58.95 °C
1139 57.85 °C
1140 58.95 °C
1141 57.30 °C
1142 58.95 °C
1143 57.85 °C
1144 58.95 °C
1146 58.95 °C
1147 58.95 °C
1148 57.30 °C
1149 58.95 °C
1150 57.85 °C
1151 58.40 °C
1152 57.85 °C
1153 58.95 °C
1154 58.40 °C
1155 58.95 °C
1156 58.40 °C
1157 58.95 °C
1158 58.95 °C
1159 58.95 °C
1160 58.40 °C
1161 58.95 °C
1162 58.95 °C
1163 59.50 °C
1164 58.40 °C
1165 58.40 °C
1166 57.85 °C
1167 58.95 °C
1168 59.50 °C
1169 57.85 °C
1170 57.85 °C
1171 57.85 °C
1172 57.85 °C
1173 58.95 °C
1174 58.40 °C
1175 58.40 °C
1176 58.40 °C
1177 59.50 °C
1178 58.95 °C
1179 59.50 °C
1180 59.50 °C
1181 59.50 °C
1182 58.95 °C
1183 58.40 °C
1184 59.50 °C
1185 58.40 °C
1186 58.40 °C
1187 58.95 °C
1188 59.50 °C
1189 58.95 °C
1190 58.95 °C
1191 59.50 °C
1192 59.50 °C
1193 58.95 °C
1194 59.50 °C
1195 59.50 °C
1196 58.95 °C
1197 58.95 °C
1198 58.40 °C
1199 59.50 °C
1200 58.95 °C
1201 59.50 °C
1202 59.50 °C
1203 59.50 °C
1204 60.05 °C
1205 58.95 °C
1206 59.50 °C
1207 59.50 °C
1208 60.05 °C
1209 59.50 °C
1210 58.95 °C
1211 58.95 °C
1212 58.95 °C
1213 59.50 °C
1214 58.40 °C
1215 59.50 °C
1216 57.85 °C
1217 58.40 °C
1218 58.95 °C
1219 60.05 °C
1220 59.50 °C
1221 59.50 °C
1222 58.40 °C
1223 58.95 °C
1224 59.50 °C
1225 59.50 °C
1226 59.50 °C
1227 59.50 °C
1228 58.95 °C
1229 58.40 °C
1230 58.95 °C
1231 58.40 °C
1232 59.50 °C
1233 57.85 °C
1234 59.50 °C
1235 58.40 °C
1236 59.50 °C
1237 58.95 °C
1238 59.50 °C
1239 58.95 °C
1240 59.50 °C
1242 59.50 °C
1243 58.95 °C
1244 58.40 °C
1245 59.50 °C
1246 59.50 °C
1247 58.95 °C
1248 60.05 °C
1249 58.95 °C
1250 58.95 °C
1251 59.50 °C
1252 58.95 °C
1253 58.95 °C
1254 59.50 °C
1255 58.40 °C
1256 58.95 °C
1257 58.95 °C
1258 60.05 °C
1259 59.50 °C
1260 58.95 °C
1261 58.95 °C
1262 59.50 °C
1263 60.05 °C
1264 59.50 °C
1265 59.50 °C
1266 60.05 °C
1267 59.50 °C
1268 58.95 °C
1269 60.05 °C
1270 60.05 °C
1271 59.50 °C
1272 58.40 °C
1273 58.95 °C
1274 60.05 °C
1275 58.40 °C
1276 60.60 °C
1277 60.05 °C
1278 58.40 °C
1279 60.05 °C
1280 58.95 °C
1281 60.60 °C
1282 58.95 °C
1283 60.05 °C
1284 59.50 °C
1285 59.50 °C
1286 59.50 °C
1287 60.05 °C
1288 59.50 °C
1289 58.95 °C
1290 59.50 °C
1291 58.95 °C
1292 60.05 °C
1293 58.95 °C
1294 59.50 °C
1295 60.05 °C
1296 60.05 °C
1297 60.05 °C
1298 58.95 °C
1299 58.95 °C
1300 60.05 °C
1301 59.50 °C
1302 59.50 °C
1303 58.95 °C
1304 60.05 °C
1305 60.05 °C
1306 58.95 °C
1307 60.60 °C
1308 58.95 °C
1309 58.95 °C
1310 60.05 °C
1311 60.05 °C
1312 59.50 °C
1313 60.05 °C
1314 60.05 °C
1315 60.05 °C
1316 60.05 °C
1317 58.95 °C
1318 60.05 °C
1319 60.05 °C
1320 58.95 °C
1321 58.95 °C
1322 59.50 °C
1323 60.05 °C
1324 60.60 °C
1325 60.05 °C
1326 59.50 °C
1327 60.60 °C
1328 58.95 °C
1329 58.95 °C
1330 60.60 °C
1331 60.05 °C
1332 60.60 °C
1333 60.05 °C
1334 61.15 °C
1336 60.05 °C
1337 60.60 °C
1338 58.40 °C
1339 60.05 °C
1340 60.05 °C
1341 59.50 °C
1342 58.95 °C
1343 60.05 °C
1344 60.05 °C
1345 60.60 °C
1346 59.50 °C
1347 60.05 °C
1348 60.05 °C
1349 60.60 °C
1350 59.50 °C
1351 60.60 °C
1352 60.60 °C
1353 60.05 °C
1354 60.60 °C
1355 60.05 °C
1356 60.05 °C
1357 60.05 °C
1358 60.05 °C
1359 59.50 °C
1360 60.05 °C
1361 61.15 °C
1362 60.05 °C
1363 60.60 °C
1364 60.60 °C
1365 59.50 °C
1366 60.60 °C
1367 60.05 °C
1368 58.95 °C
1369 61.15 °C
1370 60.05 °C
1371 60.05 °C
1372 60.60 °C
1373 59.50 °C
1374 60.60 °C
1375 60.60 °C
1376 60.60 °C
1377 60.05 °C
1378 60.05 °C
1379 60.60 °C
1380 59.50 °C
1381 59.50 °C
1382 60.05 °C
1383 60.60 °C
1384 60.05 °C
1385 60.60 °C
1386 59.50 °C
1387 60.05 °C
1388 60.60 °C
1389 60.05 °C
1390 59.50 °C
1391 60.05 °C
1392 59.50 °C
1393 60.60 °C
1394 60.05 °C
1395 60.60 °C
1396 59.50 °C
1397 61.15 °C
1398 60.60 °C
1399 60.60 °C
1400 61.15 °C
1401 60.05 °C
1402 60.60 °C
1403 58.95 °C
1404 60.60 °C
1405 60.05 °C
1406 61.15 °C
1407 60.60 °C
1408 61.15 °C
1409 61.15 °C
1410 60.05 °C
1411 58.95 °C
1412 61.15 °C
1413 61.15 °C
1414 60.60 °C
1415 60.60 °C
1416 60.05 °C
1417 61.15 °C
1418 61.70 °C
1419 60.05 °C
1420 61.15 °C
1421 59.50 °C
1422 60.60 °C
1423 61.15 °C
1424 61.15 °C
1425 59.50 °C
1426 61.15 °C
1427 60.60 °C
1428 61.15 °C
1429 60.05 °C
1431 60.05 °C
1432 60.05 °C
1433 61.15 °C
1434 61.15 °C
1435 61.15 °C
1436 60.60 °C
1437 60.60 °C
1438 60.60 °C
1439 61.15 °C
1440 60.60 °C
1441 60.60 °C
1442 61.15 °C
1443 61.15 °C
1444 61.15 °C
1445 61.15 °C
1446 60.60 °C
1447 61.70 °C
1448 60.60 °C
1449 61.70 °C
1450 60.60 °C
1451 61.15 °C
1452 61.15 °C
1453 60.60 °C
1454 61.70 °C
1455 61.15 °C
1456 61.15 °C
1457 61.15 °C
1458 61.15 °C
1459 61.15 °C
1460 61.15 °C
1461 61.70 °C
1462 61.70 °C
1463 60.05 °C
1464 61.15 °C
1465 60.05 °C
1466 61.15 °C
1467 61.70 °C
1468 61.70 °C
1469 60.60 °C
1470 60.60 °C
1471 60.60 °C
1472 61.15 °C
1473 61.70 °C
1474 60.60 °C
1475 61.15 °C
1476 61.70 °C
1477 60.60 °C
1478 61.70 °C
1479 60.05 °C
1480 61.15 °C
1481 61.70 °C
1482 60.60 °C
1483 61.15 °C
1484 60.60 °C
1485 60.60 °C
1486 61.70 °C
1487 61.70 °C
1488 61.70 °C
1489 61.15 °C
1490 60.05 °C
1491 61.70 °C
1492 62.25 °C
1493 61.70 °C
1494 62.25 °C
1495 60.60 °C
1496 61.70 °C
1497 61.70 °C
1498 61.70 °C
1499 60.60 °C
1500 61.15 °C
1501 61.15 °C
1502 60.60 °C
1503 61.70 °C
1504 61.15 °C
1505 60.60 °C
1506 61.70 °C
1507 61.70 °C
1508 61.70 °C
1509 60.60 °C
1510 60.60 °C
1511 62.25 °C
1512 61.15 °C
1513 60.05 °C
1514 61.15 °C
1515 61.15 °C
1516 62.80 °C
1517 61.15 °C
1518 61.70 °C
1519 61.70 °C
1520 60.60 °C
1521 62.25 °C
1522 62.80 °C
1523 61.70 °C
1524 61.70 °C
1525 62.80 °C
1527 61.15 °C
1528 61.70 °C
1529 62.80 °C
1530 61.70 °C
1531 61.70 °C
1532 61.70 °C
1533 62.25 °C
1534 61.70 °C
1535 62.25 °C
1536 61.15 °C
1537 61.70 °C
1538 62.80 °C
1539 61.15 °C
1540 61.15 °C
1541 60.60 °C
1542 61.70 °C
1543 61.70 °C
1544 60.60 °C
1545 62.25 °C
1546 61.70 °C
1547 62.25 °C
1548 61.15 °C
1549 61.70 °C
1550 61.70 °C
1551 61.70 °C
1552 61.15 °C
1553 62.25 °C
1554 62.25 °C
1555 61.15 °C
1556 62.25 °C
1557 62.25 °C
1558 61.70 °C
1559 61.70 °C
1560 62.25 °C
1561 61.70 °C
1562 60.60 °C
1563 61.70 °C
1564 61.70 °C
1565 60.60 °C
1566 60.60 °C
1567 62.80 °C
1568 62.80 °C
1569 62.25 °C
1570 60.60 °C
1571 62.80 °C
1572 62.25 °C
1573 62.80 °C
1574 61.15 °C
1575 62.25 °C
1576 61.15 °C
1577 62.80 °C
1578 62.25 °C
1579 61.70 °C
1580 61.70 °C
1581 61.15 °C
1582 62.80 °C
1583 62.80 °C
1584 61.15 °C
1585 61.70 °C
1586 61.70 °C
1587 61.70 °C
1588 61.15 °C
1589 62.80 °C
1590 62.80 °C
1591 61.70 °C
1592 61.15 °C
1593 62.25 °C
1594 62.80 °C
1595 62.25 °C
1596 61.70 °C
1597 61.70 °C
1598 62.25 °C
1599 62.25 °C
1600 62.25 °C
1601 62.25 °C
1602 62.80 °C
1603 62.80 °C
1604 61.15 °C
1605 60.60 °C
1606 61.70 °C
1607 62.25 °C
1608 62.25 °C
1609 62.80 °C
1610 62.25 °C
1611 61.70 °C
1612 61.70 °C
1613 62.80 °C
1614 62.25 °C
1615 62.25 °C
1616 62.80 °C
1617 62.80 °C
1618 62.25 °C
1619 61.70 °C
1620 61.15 °C
1621 62.80 °C
1623 62.80 °C
1624 61.70 °C
1625 61.70 °C
1626 63.35 °C
1627 62.25 °C
1628 61.70 °C
1629 62.80 °C
1630 61.15 °C
1631 62.25 °C
1632 62.25 °C
1633 62.80 °C
1634 62.25 °C
1635 62.25 °C
1636 61.70 °C
1637 61.15 °C
1638 62.80 °C
1639 61.70 °C
1640 62.80 °C
1641 62.25 °C
1642 62.80 °C
1643 61.70 °C
1644 62.80 °C
1645 61.70 °C
1646 62.80 °C
1647 63.35 °C
1648 61.70 °C
1649 62.25 °C
1650 61.70 °C
1651 61.70 °C
1652 62.80 °C
1653 62.80 °C
1654 61.70 °C
1655 62.25 °C
1656 62.80 °C
1657 61.70 °C
1658 62.80 °C
1659 61.70 °C
1660 62.25 °C
1661 62.80 °C
1662 62.80 °C
1663 63.35 °C
1664 63.35 °C
1665 62.80 °C
1666 61.70 °C
1667 62.25 °C
1668 62.80 °C
1669 63.35 °C
1670 61.15 °C
1671 62.80 °C
1672 62.80 °C
1673 63.35 °C
1674 63.35 °C
1675 61.70 °C
1676 62.25 °C
1677 62.80 °C
1678 62.80 °C
1679 62.80 °C
1680 62.25 °C
1681 61.70 °C
1682 61.70 °C
1683 61.70 °C
1684 63.35 °C
1685 62.80 °C
1686 63.35 °C
1687 62.80 °C
1688 62.80 °C
1689 62.80 °C
1690 63.90 °C
1691 62.80 °C
1692 61.70 °C
1693 62.80 °C
1694 61.70 °C
1695 63.90 °C
1696 63.35 °C
1697 62.25 °C
1698 63.35 °C
1699 62.80 °C
1700 63.35 °C
1701 62.80 °C
1702 62.25 °C
1703 62.80 °C
1704 62.80 °C
1705 62.80 °C
1706 62.80 °C
1707 61.70 °C
1708 61.70 °C
1709 62.80 °C
1710 62.25 °C
1711 62.25 °C
1712 62.80 °C
1713 62.25 °C
1714 62.80 °C
1715 63.35 °C
1716 62.25 °C
1718 62.25 °C
1719 63.35 °C
1720 62.25 °C
1721 63.35 °C
1722 61.70 °C
1723 62.25 °C
1724 63.35 °C
1725 63.90 °C
1726 63.35 °C
1727 63.90 °C
1728 62.80 °C
1729 63.35 °C
1730 63.90 °C
1731 63.35 °C
1732 63.35 °C
1733 62.25 °C
1734 63.35 °C
1735 63.35 °C
1736 62.80 °C
1737 63.35 °C
1738 63.35 °C
1739 62.80 °C
1740 63.35 °C
1741 63.90 °C
1742 62.25 °C
1743 63.35 °C
1744 62.80 °C
1745 61.70 °C
1746 62.80 °C
1747 62.80 °C
1748 62.25 °C
1749 63.35 °C
1750 63.90 °C
1751 62.25 °C
1752 63.35 °C
1753 63.35 °C
1754 62.80 °C
1755 62.80 °C
1756 63.35 °C
1757 62.80 °C
1758 63.35 °C
1759 63.35 °C
1760 63.35 °C
1761 62.80 °C
1762 62.80 °C
1763 62.80 °C
1764 63.35 °C
1765 63.35 °C
1766 63.90 °C
1767 63.90 °C
1768 62.25 °C
1769 63.35 °C
1770 63.90 °C
1771 63.35 °C
1772 63.35 °C
1773 63.90 °C
1774 62.80 °C
1775 63.35 °C
1776 62.80 °C
1777 62.80 °C
1778 63.35 °C
1779 63.35 °C
1780 62.80 °C
1781 62.80 °C
1782 62.80 °C
1783 62.80 °C
1784 63.90 °C
1785 63.35 °C
1786 62.80 °C
1787 62.80 °C
1788 62.25 °C
1789 63.35 °C
1790 62.80 °C
1791 63.35 °C
1792 63.35 °C
1793 62.80 °C
1794 63.90 °C
1795 62.25 °C
1796 63.90 °C
1797 63.35 °C
1798 62.25 °C
1799 63.90 °C
1800 63.35 °C
1801 62.80 °C
1802 63.35 °C
1803 62.25 °C
1804 63.35 °C
1805 62.25 °C
1806 63.35 °C
1807 62.80 °C
1808 62.25 °C
1809 63.35 °C
1810 63.35 °C
1812 62.80 °C
1813 63.35 °C
1814 63.35 °C
1815 62.80 °C
1816 63.35 °C
1817 63.90 °C
1818 62.25 °C
1819 61.70 °C
1820 62.80 °C
1821 62.80 °C
1822 63.35 °C
1823 62.80 °C
1824 63.35 °C
1825 63.35 °C
1826 62.25 °C
1827 63.90 °C
1828 63.90 °C
1829 63.35 °C
1830 62.25 °C
1831 63.35 °C
1832 62.80 °C
1833 63.35 °C
1834 62.25 °C
1835 63.90 °C
1836 62.25 °C
1837 61.70 °C
1838 63.35 °C
1839 63.35 °C
1840 62.25 °C
1841 63.90 °C
1842 62.80 °C
1843 63.90 °C
1844 61.70 °C
1845 63.90 °C
1846 62.80 °C
1847 62.80 °C
1848 62.80 °C
1849 63.90 °C
1850 63.35 °C
1851 63.35 °C
1852 63.35 °C
1853 63.90 °C
1854 62.25 °C
1855 63.35 °C
1856 63.90 °C
1857 63.90 °C
1858 63.35 °C
1859 63.35 °C
1860 63.35 °C
1861 63.35 °C
1862 62.25 °C
1863 63.90 °C
1864 62.80 °C
1865 62.80 °C
1866 63.35 °C
1867 63.35 °C
1868 63.35 °C
1869 62.80 °C
1870 63.90 °C
1871 63.90 °C
1872 63.90 °C
1873 63.35 °C
1874 63.35 °C
1875 62.80 °C
1876 63.90 °C
1877 62.80 °C
1878 63.90 °C
1879 62.80 °C
1880 63.35 °C
1881 63.90 °C
1882 63.35 °C
1883 62.80 °C
1884 62.80 °C
1885 63.90 °C
1886 63.35 °C
1887 62.25 °C
1888 62.80 °C
1889 63.35 °C
1890 63.90 °C
1891 63.35 °C
1892 63.90 °C
1893 63.35 °C
1894 63.35 °C
1895 62.25 °C
1896 62.80 °C
1897 63.90 °C
1898 62.80 °C
1899 62.80 °C
1900 63.90 °C
1901 63.90 °C
1902 62.25 °C
1903 63.35 °C
1905 63.90 °C
1906 63.35 °C
1907 62.25 °C
1908 63.35 °C
1909 62.80 °C
1910 63.90 °C
1911 63.90 °C
1912 63.35 °C
1913 63.35 °C
1914 62.80 °C
1915 63.35 °C
1916 63.90 °C
1917 63.35 °C
1918 63.35 °C
1919 64.45 °C
1920 63.90 °C
1921 62.80 °C
1922 63.90 °C
1923 63.35 °C
1924 63.90 °C
1925 63.90 °C
1926 63.35 °C
1927 62.80 °C
1928 63.35 °C
1929 63.90 °C
1930 63.90 °C
1931 63.90 °C
1932 63.90 °C
1933 63.90 °C
1934 62.80 °C
1935 62.80 °C
1936 63.35 °C
1937 62.80 °C
1938 63.90 °C
1939 63.90 °C
1940 62.80 °C
1941 63.90 °C
1942 63.90 °C
1943 63.90 °C
1944 63.90 °C
1945 63.35 °C
1946 63.90 °C
1947 63.90 °C
1948 62.80 °C
1949 63.90 °C
1950 63.90 °C
1951 62.80 °C
1952 62.80 °C
1953 63.35 °C
1954 63.35 °C
1955 63.35 °C
1956 63.90 °C
1957 63.90 °C
1958 63.35 °C
1959 63.90 °C
1960 63.90 °C
1961 63.35 °C
1962 63.35 °C
1963 62.80 °C
1964 63.90 °C
1965 63.90 °C
1966 62.80 °C
1967 63.90 °C
1968 63.90 °C
1969 63.90 °C
1970 63.90 °C
1971 63.90 °C
1972 64.45 °C
1973 63.90 °C
1974 64.45 °C
1975 63.90 °C
1976 63.90 °C
1977 63.90 °C
1978 64.45 °C
1979 63.90 °C
1980 63.90 °C
1981 62.80 °C
1982 63.90 °C
1983 63.35 °C
1984 63.35 °C
1985 63.90 °C
1986 62.80 °C
1987 63.35 °C
1988 63.90 °C
1989 62.80 °C
1990 64.45 °C
1991 63.90 °C
1992 62.80 °C
1993 63.35 °C
1994 62.25 °C
1995 63.35 °C
1996 64.45 °C
1998 63.90 °C
1999 62.80 °C
2000 63.90 °C
2001 63.90 °C
2002 63.90 °C
2003 63.90 °C
2004 63.90 °C
2005 63.90 °C
2006 63.90 °C
2007 63.35 °C
2008 63.90 °C
2009 63.90 °C
2010 63.90 °C
2011 63.90 °C
2012 63.90 °C
2013 63.35 °C
2014 63.90 °C
2015 64.45 °C
2016 63.90 °C
2017 63.90 °C
2018 63.35 °C
2019 62.80 °C
2020 63.90 °C
2021 63.35 °C
2022 63.35 °C
2023 63.35 °C
2024 63.35 °C
2025 64.45 °C
2026 64.45 °C
2027 63.90 °C
2028 63.90 °C
2029 63.90 °C
2030 63.90 °C
2031 64.45 °C
2032 63.90 °C
2033 65.00 °C
2034 62.80 °C
2035 63.90 °C
2036 62.80 °C
2037 63.35 °C
2038 63.90 °C
2039 64.45 °C
2040 63.90 °C
2041 63.90 °C
2042 63.90 °C
2043 63.35 °C
2044 64.45 °C
2045 63.35 °C
2046 64.45 °C
2047 63.90 °C
2048 63.90 °C
2049 64.45 °C
2050 62.80 °C
2051 63.90 °C
2052 63.35 °C
2053 62.80 °C
2054 63.90 °C
2055 63.35 °C
2056 63.90 °C
2057 62.80 °C
2058 62.25 °C
2059 64.45 °C
2060 63.90 °C
2061 64.45 °C
2062 63.90 °C
2063 62.80 °C
2064 63.90 °C
2065 63.35 °C
2066 63.90 °C
2067 64.45 °C
2068 62.80 °C
2069 63.35 °C
2070 63.90 °C
2071 63.35 °C
2072 63.90 °C
2073 63.90 °C
2074 63.90 °C
2075 64.45 °C
2076 63.35 °C
2077 63.90 °C
2078 63.90 °C
2079 63.35 °C
2080 64.45 °C
2081 64.45 °C
2082 63.35 °C
2083 63.90 °C
2084 63.90 °C
2085 63.35 °C
2086 63.90 °C
2087 63.90 °C
2088 63.35 °C
2089 63.90 °C
2091 63.90 °C
2092 64.45 °C
2093 63.90 °C
2094 63.90 °C
2095 64.45 °C
2096 64.45 °C
2097 63.35 °C
2098 64.45 °C
2099 64.45 °C
2100 63.90 °C
2101 64.45 °C
2102 62.80 °C
2103 63.35 °C
2104 63.35 °C
2105 63.35 °C
2106 63.35 °C
2107 62.25 °C
2108 65.00 °C
2109 64.45 °C
2110 63.90 °C
2111 62.80 °C
2112 63.90 °C
2113 64.45 °C
2114 63.90 °C
2115 64.45 °C
2116 65.00 °C
2117 64.45 °C
2118 63.90 °C
2119 64.45 °C
2120 64.45 °C
2121 62.80 °C
2122 64.45 °C
2123 63.90 °C
2124 63.35 °C
2125 64.45 °C
2126 63.35 °C
2127 63.35 °C
2128 63.35 °C
2129 65.00 °C
2130 63.35 °C
2131 63.90 °C
2132 63.90 °C
2133 63.90 °C
2134 64.45 °C
2135 63.35 °C
2136 63.90 °C
2137 64.45 °C
2138 63.90 °C
2139 64.45 °C
2140 63.35 °C
2141 64.45 °C
2142 64.45 °C
2143 63.35 °C
2144 64.45 °C
2145 64.45 °C
2146 64.45 °C
2147 64.45 °C
2148 64.45 °C
2149 63.90 °C
2150 62.80 °C
2151 63.90 °C
2152 63.90 °C
2153 64.45 °C
2154 63.90 °C
2155 62.80 °C
2156 63.90 °C
2157 63.90 °C
2158 62.80 °C
2159 64.45 °C
2160 64.45 °C
2161 63.90 °C
2162 63.90 °C
2163 63.35 °C
2164 63.90 °C
2165 64.45 °C
2166 63.90 °C
2167 62.80 °C
2168 63.90 °C
2169 64.45 °C
2170 64.45 °C
2171 63.90 °C
2172 62.80 °C
2173 63.90 °C
2174 65.00 °C
2175 63.90 °C
2176 63.90 °C
2177 63.90 °C
2178 63.90 °C
2179 63.90 °C
2180 63.35 °C
2181 63.35 °C
2182 64.45 °C
2183 64.45 °C
2185 63.90 °C
2186 64.45 °C
2187 64.45 °C
2188 63.35 °C
2189 63.90 °C
2190 63.35 °C
2191 63.90 °C
2192 63.35 °C
2193 64.45 °C
2194 65.00 °C
2195 65.00 °C
2196 65.00 °C
2197 64.45 °C
2198 65.00 °C
2199 63.35 °C
2200 64.45 °C
2201 63.90 °C
2202 64.45 °C
2203 63.90 °C
2204 63.90 °C
2205 63.35 °C
2206 64.45 °C
2207 63.90 °C
2208 62.80 °C
2209 64.45 °C
2210 63.35 °C
2211 63.90 °C
2212 63.35 °C
2213 65.00 °C
2214 64.45 °C
2215 63.35 °C
2216 63.90 °C
2217 63.90 °C
2218 63.90 °C
2219 65.00 °C
2220 64.45 °C
2221 63.90 °C
2222 64.45 °C
2223 65.00 °C
2224 63.35 °C
2225 64.45 °C
2226 64.45 °C
2227 63.35 °C
2228 63.90 °C
2229 64.45 °C
2230 63.35 °C
2231 64.45 °C
2232 65.00 °C
2233 64.45 °C
2234 63.90 °C
2235 64.45 °C
2236 63.90 °C
2237 64.45 °C
2238 63.35 °C
2239 64.45 °C
2240 64.45 °C
2241 65.00 °C
2242 63.35 °C
2243 63.90 °C
2244 63.35 °C
2245 63.35 °C
2246 64.45 °C
2247 64.45 °C
2248 64.45 °C
2249 64.45 °C
2250 65.00 °C
2251 65.00 °C
2252 64.45 °C
2253 63.90 °C
2254 63.35 °C
2255 63.90 °C
2256 64.45 °C
2257 63.90 °C
2258 63.90 °C
2259 64.45 °C
2260 65.00 °C
2261 64.45 °C
2262 63.90 °C
2263 64.45 °C
2264 64.45 °C
2265 62.80 °C
2266 63.35 °C
2267 64.45 °C
2268 63.90 °C
2269 64.45 °C
2270 64.45 °C
2271 64.45 °C
2272 64.45 °C
2273 62.80 °C
2274 62.80 °C
2275 64.45 °C
2276 65.00 °C
2277 64.45 °C
2279 64.45 °C
2280 63.90 °C
2281 62.80 °C
2282 64.45 °C
2283 65.00 °C
2284 64.45 °C
2285 64.45 °C
2286 65.00 °C
2287 64.45 °C
2288 64.45 °C
2289 65.00 °C
2290 64.45 °C
2291 63.90 °C
2292 65.00 °C
2293 64.45 °C
2294 65.00 °C
2295 64.45 °C
2296 63.90 °C
2297 63.90 °C
2298 63.90 °C
2299 62.80 °C
2300 65.00 °C
2301 63.35 °C
2302 63.35 °C
2303 64.45 °C
2304 63.35 °C
2305 63.35 °C
2306 63.35 °C
2307 63.35 °C
2308 63.35 °C
2309 63.90 °C
2310 63.35 °C
2311 63.90 °C
2312 64.45 °C
2313 63.90 °C
2314 62.80 °C
2315 64.45 °C
2316 63.35 °C
2317 64.45 °C
2318 63.90 °C
2319 65.00 °C
2320 63.35 °C
2321 64.45 °C
2322 64.45 °C
2323 63.35 °C
2324 64.45 °C
2325 64.45 °C
2326 63.90 °C
2327 64.45 °C
2328 64.45 °C
2329 65.00 °C
2330 65.00 °C
2331 64.45 °C
2332 65.00 °C
2333 64.45 °C
2334 64.45 °C
2335 65.55 °C
2336 65.55 °C
2337 64.45 °C
2338 63.90 °C
2339 64.45 °C
2340 62.80 °C
2341 63.90 °C
2342 65.00 °C
2343 65.00 °C
2344 63.90 °C
2345 63.90 °C
2346 63.90 °C
2347 64.45 °C
2348 65.00 °C
2349 63.35 °C
2350 65.00 °C
2351 64.45 °C
2352 64.45 °C
2353 62.80 °C
2354 63.35 °C
2355 64.45 °C
2356 64.45 °C
2357 63.90 °C
2358 63.90 °C
2359 64.45 °C
2360 63.90 °C
2361 63.90 °C
2362 64.45 °C
2363 64.45 °C
2364 63.35 °C
2365 64.45 °C
2366 63.90 °C
2367 63.35 °C
2368 65.00 °C
2369 63.35 °C
2370 65.00 °C
2371 64.45 °C
2372 63.35 °C
2374 64.45 °C
2375 64.45 °C
2376 64.45 °C
2377 63.35 °C
2378 64.45 °C
2379 62.80 °C
2380 64.45 °C
2381 65.00 °C
2382 63.90 °C
2383 63.90 °C
2384 62.80 °C
2385 63.35 °C
2386 64.45 °C
2387 64.45 °C
2388 64.45 °C
2389 64.45 °C
2390 64.45 °C
2391 64.45 °C
2392 65.00 °C
2393 65.00 °C
2394 64.45 °C
2395 63.35 °C
2396 65.00 °C
2397 63.90 °C
2398 64.45 °C
2399 64.45 °C
2400 63.90 °C
2401 65.00 °C
2402 64.45 °C
2403 64.45 °C
2404 65.00 °C
2405 63.35 °C
2406 63.35 °C
2407 63.90 °C
2408 63.90 °C
2409 65.55 °C
2410 65.00 °C
2411 65.00 °C
2412 64.45 °C
2413 64.45 °C
2414 63.35 °C
2415 65.00 °C
2416 65.00 °C
2417 65.00 °C
2418 64.45 °C
2419 64.45 °C
2420 64.45 °C
2421 63.90 °C
2422 64.45 °C
2423 64.45 °C
2424 65.00 °C
2425 64.45 °C
2426 63.90 °C
2427 64.45 °C
2428 65.00 °C
2429 63.90 °C
2430 65.00 °C
2431 63.35 °C
2432 63.35 °C
2433 64.45 °C
2434 65.00 °C
2435 65.00 °C
2436 63.90 °C
2437 65.00 °C
2438 64.45 °C
2439 64.45 °C
2440 64.45 °C
2441 64.45 °C
2442 64.45 °C
2443 64.45 °C
2444 63.90 °C
2445 63.35 °C
2446 64.45 °C
2447 64.45 °C
2448 64.45 °C
2449 63.35 °C
2450 64.45 °C
2451 64.45 °C
2452 65.00 °C
2453 63.90 °C
2454 63.35 °C
2455 65.00 °C
2456 63.90 °C
2457 64.45 °C
2458 63.90 °C
2459 63.90 °C
2460 63.90 °C
2461 63.90 °C
2462 65.00 °C
2463 63.90 °C
2464 65.00 °C
2465 65.00 °C
2466 63.35 °C
2467 64.45 °C
2469 65.00 °C
2470 65.00 °C
2471 64.45 °C
2472 62.80 °C
2473 63.90 °C
2474 63.90 °C
2475 65.00 °C
2476 64.45 °C
2477 64.45 °C
2478 63.35 °C
2479 64.45 °C
2480 64.45 °C
2481 63.35 °C
2482 63.90 °C
2483 64.45 °C
2484 64.45 °C
2485 64.45 °C
2486 65.00 °C
2487 64.45 °C
2488 63.90 °C
2489 64.45 °C
2490 63.90 °C
2491 64.45 °C
2492 63.90 °C
2493 64.45 °C
2494 64.45 °C
2495 64.45 °C
2496 64.45 °C
2497 64.45 °C
2498 63.90 °C
2499 64.45 °C
2500 65.00 °C
2501 64.45 °C
2502 64.45 °C
2503 64.45 °C
2504 63.90 °C
2505 63.90 °C
2506 63.35 °C
2507 64.45 °C
2508 63.35 °C
2509 65.00 °C
2510 64.45 °C
2511 64.45 °C
2512 63.90 °C
2513 63.35 °C
2514 65.00 °C
2515 63.90 °C
2516 64.45 °C
2517 64.45 °C
2518 62.80 °C
2519 65.00 °C
2520 63.35 °C
2521 65.00 °C
2522 64.45 °C
2523 63.35 °C
2524 63.90 °C
2525 63.90 °C
2526 62.80 °C
2527 64.45 °C
2528 64.45 °C
2529 65.00 °C
2530 65.00 °C
2531 64.45 °C
2532 64.45 °C
2533 65.00 °C
2534 64.45 °C
2535 63.90 °C
2536 64.45 °C
2537 65.00 °C
2538 65.00 °C
2539 65.00 °C
2540 65.00 °C
2541 64.45 °C
2542 63.35 °C
2543 64.45 °C
2544 65.00 °C
2545 63.35 °C
2546 65.00 °C
2547 64.45 °C
2548 65.00 °C
2549 63.35 °C
2550 65.00 °C
2551 63.35 °C
2552 65.00 °C
2553 65.00 °C
2554 63.90 °C
2555 63.90 °C
2556 64.45 °C
2557 64.45 °C
2558 63.90 °C
2559 64.45 °C
2560 63.90 °C
2561 65.00 °C
2562 64.45 °C
2563 65.00 °C
2565 63.90 °C
2566 65.00 °C
2567 64.45 °C
2568 64.45 °C
2569 65.00 °C
2570 63.90 °C
2571 63.90 °C
2572 63.35 °C
2573 65.00 °C
2574 63.90 °C
2575 62.80 °C
2576 63.35 °C
2577 64.45 °C
2578 63.90 °C
2579 65.00 °C
2580 63.90 °C
2581 65.00 °C
2582 64.45 °C
2583 64.45 °C
2584 64.45 °C
2585 63.90 °C
2586 64.45 °C
2587 65.00 °C
2588 64.45 °C
2589 64.45 °C
2590 64.45 °C
2591 64.45 °C
2592 64.45 °C
2593 64.45 °C
2594 63.90 °C
2595 63.90 °C
2596 64.45 °C
2597 63.35 °C
2598 64.45 °C
2599 64.45 °C
2600 62.80 °C
2601 64.45 °C
2602 65.00 °C
2603 64.45 °C
2604 64.45 °C
2605 63.90 °C
2606 63.90 °C
2607 64.45 °C
2608 63.90 °C
2609 63.90 °C
2610 63.35 °C
2611 64.45 °C
2612 65.00 °C
2613 64.45 °C
2614 63.35 °C
2615 64.45 °C
2616 65.00 °C
2617 63.90 °C
2618 63.90 °C
2619 64.45 °C
2620 64.45 °C
2621 63.90 °C
2622 63.35 °C
2623 65.00 °C
2624 63.90 °C
2625 63.90 °C
2626 65.00 °C
2627 63.35 °C
2628 63.90 °C
2629 63.90 °C
2630 62.80 °C
2631 64.45 °C
2632 63.35 °C
2633 64.45 °C
2634 63.90 °C
2635 64.45 °C
2636 64.45 °C
2637 63.35 °C
2638 62.25 °C
2639 64.45 °C
2640 63.35 °C
2641 63.90 °C
2642 63.90 °C
2643 63.35 °C
2644 64.45 °C
2645 63.90 °C
2646 63.90 °C
2647 65.00 °C
2648 64.45 °C
2649 65.00 °C
2650 63.90 °C
2651 64.45 °C
2652 63.90 °C
2653 63.35 °C
2654 63.90 °C
2655 64.45 °C
2656 64.45 °C
2657 62.80 °C
2658 63.90 °C
2660 63.90 °C
2661 63.35 °C
2662 64.45 °C
2663 63.35 °C
2664 63.90 °C
2665 63.90 °C
2666 62.80 °C
2667 63.90 °C
2668 64.45 °C
2669 63.90 °C
2670 63.90 °C
2671 63.90 °C
2672 63.90 °C
2673 64.45 °C
2674 63.35 °C
2675 63.90 °C
2676 64.45 °C
2677 63.35 °C
2678 63.90 °C
2679 63.90 °C
2680 63.90 °C
2681 64.45 °C
2682 63.90 °C
2683 63.35 °C
2684 64.45 °C
2685 64.45 °C
2686 64.45 °C
2687 63.35 °C
2688 63.90 °C
2689 63.90 °C
2690 62.80 °C
2691 63.35 °C
2692 63.90 °C
2693 63.90 °C
2694 63.35 °C
2695 63.90 °C
2696 64.45 °C
2697 64.45 °C
2698 64.45 °C
2699 63.35 °C
2700 63.90 °C
2701 63.35 °C
2702 63.35 °C
2703 63.90 °C
2704 62.25 °C
2705 63.35 °C
2706 63.35 °C
2707 63.90 °C
2708 62.25 °C
2709 63.90 °C
2710 63.35 °C
2711 63.90 °C
2712 63.90 °C
2713 63.90 °C
2714 63.35 °C
2715 63.35 °C
2716 63.90 °C
2717 63.90 °C
2718 62.80 °C
2719 63.90 °C
2720 63.35 °C
2721 63.90 °C
2722 63.90 °C
2723 62.80 °C
2724 63.35 °C
2725 63.35 °C
2726 63.90 °C
2727 62.25 °C
2728 63.35 °C
2729 62.80 °C
2730 62.25 °C
2731 63.35 °C
2732 62.25 °C
2733 62.80 °C
2734 62.80 °C
2735 62.80 °C
2736 62.25 °C
2737 62.80 °C
2738 62.80 °C
2739 62.80 °C
2740 63.35 °C
2741 61.15 °C
2742 63.90 °C
2743 62.25 °C
2744 63.35 °C
2745 62.80 °C
2746 62.25 °C
2747 62.80 °C
2748 63.90 °C
2749 63.35 °C
2750 62.25 °C
2751 62.25 °C
2752 63.35 °C
2753 62.80 °C
2755 62.80 °C
2756 61.70 °C
2757 62.80 °C
2758 62.80 °C
2759 61.70 °C
2760 61.70 °C
2761 61.70 °C
2762 62.80 °C
2763 61.70 °C
2764 62.25 °C
2765 62.25 °C
2766 62.25 °C
2767 61.15 °C
2768 62.80 °C
2769 61.70 °C
2770 61.15 °C
2771 60.60 °C
2772 61.70 °C
2773 61.15 °C
2774 61.15 °C
2775 62.80 °C
2776 61.70 °C
2777 62.80 °C
2778 61.15 °C
2779 61.15 °C
2780 61.70 °C
2781 62.25 °C
2782 61.15 °C
2783 62.25 °C
2784 61.15 °C
2785 61.70 °C
2786 62.25 °C
2787 62.25 °C
2788 61.15 °C
2789 62.25 °C
2790 62.25 °C
2791 60.60 °C
2792 61.70 °C
2793 61.70 °C
2794 60.60 °C
2795 61.15 °C
2796 61.70 °C
2797 61.15 °C
2798 61.70 °C
2799 60.60 °C
2800 62.25 °C
2801 61.15 °C
2802 61.70 °C
2803 60.60 °C
2804 60.60 °C
2805 60.60 °C
2806 61.70 °C
2807 61.15 °C
2808 61.15 °C
2809 61.70 °C
2810 60.60 °C
2811 61.70 °C
2812 60.05 °C
2813 61.15 °C
2814 60.60 °C
2815 61.70 °C
2816 61.15 °C
2817 61.70 °C
2818 60.60 °C
2819 60.05 °C
2820 61.70 °C
2821 61.15 °C
2822 60.60 °C
2823 61.70 °C
2824 60.60 °C
2825 60.60 °C
2826 61.70 °C
2827 61.15 °C
2828 61.15 °C
2829 60.60 °C
2830 60.05 °C
2831 60.05 °C
2832 61.15 °C
2833 61.15 °C
2834 61.15 °C
2835 60.60 °C
2836 60.60 °C
2837 60.05 °C
2838 61.15 °C
2839 60.60 °C
2840 60.60 °C
2841 60.60 °C
2842 61.15 °C
2843 61.15 °C
2844 61.70 °C
2845 61.15 °C
2846 60.05 °C
2847 60.60 °C
2848 61.15 °C
2849 59.50 °C
2851 60.60 °C
2852 60.05 °C
2853 59.50 °C
2854 60.60 °C
2855 61.15 °C
2856 60.60 °C
2857 61.15 °C
2858 60.60 °C
2859 60.05 °C
2860 61.15 °C
2861 60.60 °C
2862 59.50 °C
2863 60.60 °C
2864 60.60 °C
2865 58.95 °C
2866 60.60 °C
2867 60.05 °C
2868 58.95 °C
2869 60.60 °C
2870 60.05 °C
2871 60.60 °C
2872 60.60 °C
2873 60.05 °C
2874 61.15 °C
2875 59.50 °C
2876 60.60 °C
2877 59.50 °C
2878 60.05 °C
2879 60.05 °C
2880 59.50 °C
2881 60.05 °C
2882 60.05 °C
2883 58.95 °C
2884 58.95 °C
2885 58.40 °C
2886 60.05 °C
2887 60.05 °C
2888 59.50 °C
2889 59.50 °C
2890 59.50 °C
2891 58.40 °C
2892 59.50 °C
2893 58.40 °C
2894 59.50 °C
2895 60.05 °C
2896 59.50 °C
2897 59.50 °C
2898 57.85 °C
2899 59.50 °C
2900 59.50 °C
2901 59.50 °C
2902 58.95 °C
2903 58.95 °C
2904 59.50 °C
2905 58.95 °C
2906 58.40 °C
2907 59.50 °C
2908 59.50 °C
2909 59.50 °C
2910 59.50 °C
2911 59.50 °C
2912 58.95 °C
2913 58.95 °C
2914 58.95 °C
2915 58.40 °C
2916 59.50 °C
2917 59.50 °C
2918 58.40 °C
2919 58.40 °C
2920 57.85 °C
2921 58.95 °C
2922 59.50 °C
2923 58.95 °C
2924 58.95 °C
2925 59.50 °C
2926 59.50 °C
2927 58.95 °C
2928 58.40 °C
2929 58.95 °C
2930 58.95 °C
2931 58.95 °C
2932 57.85 °C
2933 58.95 °C
2934 58.40 °C
2935 58.95 °C
2936 58.40 °C
2937 58.40 °C
2938 58.95 °C
2939 57.85 °C
2940 58.40 °C
2941 57.85 °C
2942 58.95 °C
2944 58.40 °C
2945 58.40 °C
2946 58.40 °C
2947 57.30 °C
2948 58.40 °C
2949 58.40 °C
2950 58.40 °C
2951 57.85 °C
2952 57.85 °C
2953 57.85 °C
2954 57.85 °C
2955 56.75 °C
2956 58.40 °C
2957 57.30 °C
2958 57.85 °C
2959 57.30 °C
2960 57.85 °C
2961 58.40 °C
2962 57.85 °C
2963 57.85 °C
2964 57.85 °C
2965 57.85 °C
2966 56.75 °C
2967 56.75 °C
2968 57.85 °C
2969 57.85 °C
2970 57.85 °C
2971 57.85 °C
2972 57.30 °C
2973 57.30 °C
2974 58.40 °C
2975 57.85 °C
2976 57.85 °C
2977 57.85 °C
2978 56.75 °C
2979 57.85 °C
2980 57.30 °C
2981 56.75 °C
2982 57.85 °C
2983 57.85 °C
2984 56.75 °C
2985 58.40 °C
2986 57.30 °C
2987 57.30 °C
2988 57.85 °C
2989 57.30 °C
2990 56.20 °C
2991 57.85 °C
2992 57.30 °C
2993 57.85 °C
2994 56.75 °C
2995 57.85 °C
2996 58.40 °C
2997 57.30 °C
2998 57.30 °C
2999 56.75 °C
3000 57.30 °C
3001 57.30 °C
3002 57.85 °C
3003 57.30 °C
3004 57.85 °C
3005 57.85 °C
3006 56.75 °C
3007 57.85 °C
3008 57.30 °C
3009 57.30 °C
3010 57.30 °C
3011 56.75 °C
3012 57.30 °C
3013 56.75 °C
3014 56.75 °C
3015 56.75 °C
3016 57.30 °C
3017 57.30 °C
3018 56.75 °C
3019 56.75 °C
3020 56.75 °C
3021 55.65 °C
3022 57.30 °C
3023 57.30 °C
3024 56.75 °C
3025 56.75 °C
3026 57.30 °C
3027 56.75 °C
3028 57.30 °C
3029 57.30 °C
3030 57.85 °C
3031 57.30 °C
3032 57.30 °C
3033 57.30 °C
3034 56.20 °C
3035 57.30 °C
3036 56.75 °C
3037 56.75 °C
3039 57.30 °C
3040 55.65 °C
3041 56.75 °C
3042 56.20 °C
3043 56.75 °C
3044 55.65 °C
3045 56.75 °C
3046 56.75 °C
3047 55.10 °C
3048 57.30 °C
3049 57.30 °C
3050 56.75 °C
3051 56.75 °C
3052 56.75 °C
3053 56.75 °C
3054 57.30 °C
3055 56.75 °C
3056 57.30 °C
3057 56.75 °C
3058 56.20 °C
3059 57.30 °C
3060 57.30 °C
3061 56.75 °C
3062 57.30 °C
3063 56.75 °C
3064 55.65 °C
3065 55.65 °C
3066 56.20 °C
3067 56.75 °C
3068 56.75 °C
3069 56.20 °C
3070 56.75 °C
3071 57.30 °C
3072 57.30 °C
3073 56.75 °C
3074 57.30 °C
3075 57.30 °C
3076 55.65 °C
3077 55.65 °C
3078 57.30 °C
3079 56.75 °C
3080 56.75 °C
3081 57.30 °C
3082 56.75 °C
3083 57.85 °C
3084 57.30 °C
3085 56.20 °C
3086 56.75 °C
3087 56.75 °C
3088 57.30 °C
3089 56.75 °C
3090 57.30 °C
3091 56.75 °C
3092 56.20 °C
3093 57.30 °C
3094 56.75 °C
3095 56.75 °C
3096 56.75 °C
3097 57.30 °C
3098 57.30 °C
3099 56.75 °C
3100 56.20 °C
3101 56.75 °C
3102 57.30 °C
3103 56.20 °C
3104 56.75 °C
3105 56.20 °C
3106 56.75 °C
3107 57.30 °C
3108 57.30 °C
3109 57.30 °C
3110 56.20 °C
3111 56.75 °C
3112 56.75 °C
3113 57.30 °C
3114 56.75 °C
3115 56.75 °C
3116 57.30 °C
3117 57.30 °C
3118 56.20 °C
3119 57.30 °C
3120 57.85 °C
3121 56.20 °C
3122 56.20 °C
3123 56.75 °C
3124 56.20 °C
3125 57.30 °C
3126 57.30 °C
3127 56.75 °C
3128 56.20 °C
3129 56.75 °C
3130 55.65 °C
3131 57.30 °C
3132 56.20 °C
3134 56.75 °C
3135 56.20 °C
3136 56.75 °C
3137 57.30 °C
3138 56.20 °C
3139 57.30 °C
3140 57.30 °C
3141 56.75 °C
3142 56.75 °C
3143 55.65 °C
3144 57.30 °C
3145 57.30 °C
3146 56.75 °C
3147 57.30 °C
3148 57.30 °C
3149 57.85 °C
3150 57.30 °C
3151 57.30 °C
3152 56.20 °C
3153 57.30 °C
3154 57.30 °C
3155 56.75 °C
3156 55.65 °C
3157 57.30 °C
3158 57.30 °C
3159 57.30 °C
3160 57.30 °C
3161 57.30 °C
3162 57.30 °C
3163 55.65 °C
3164 57.30 °C
3165 57.30 °C
3166 56.20 °C
3167 56.75 °C
3168 56.75 °C
3169 57.30 °C
3170 56.75 °C
3171 56.20 °C
3172 56.75 °C
3173 57.30 °C
3174 56.20 °C
3175 55.65 °C
3176 56.75 °C
3177 56.75 °C
3178 56.20 °C
3179 57.30 °C
3180 56.75 °C
3181 56.20 °C
3182 56.75 °C
3183 56.75 °C
3184 56.75 °C
3185 56.75 °C
3186 57.30 °C
3187 56.75 °C
3188 56.20 °C
3189 57.30 °C
3190 56.75 °C
3191 57.30 °C
3192 56.75 °C
3193 56.20 °C
3194 56.75 °C
3195 57.30 °C
3196 56.75 °C
3197 56.75 °C
3198 56.75 °C
3199 56.20 °C
3200 57.30 °C
3201 56.75 °C
3202 55.10 °C
3203 57.30 °C
3204 56.75 °C
3205 56.20 °C
3206 55.65 °C
3207 55.65 °C
3208 56.75 °C
3209 56.75 °C
3210 56.75 °C
3211 57.30 °C
3212 56.75 °C
3213 55.65 °C
3214 56.75 °C
3215 55.65 °C
3216 56.75 °C
3217 55.65 °C
3218 56.20 °C
3219 56.75 °C
3220 56.75 °C
3221 56.20 °C
3222 55.65 °C
3223 56.20 °C
3224 56.75 °C
3225 56.20 °C
3226 56.75 °C
3227 56.75 °C
3228 56.75 °C
3230 56.75 °C
3231 56.20 °C
3232 57.30 °C
3233 56.20 °C
3234 56.75 °C
3235 56.20 °C
3236 56.75 °C
3237 56.75 °C
3238 56.75 °C
3239 56.20 °C
3240 56.75 °C
3241 56.75 °C
3242 56.20 °C
3243 56.75 °C
3244 55.65 °C
3245 55.65 °C
3246 56.20 °C
3247 56.75 °C
3248 56.75 °C
3249 56.20 °C
3250 56.75 °C
3251 56.75 °C
3252 56.75 °C
3253 55.65 °C
3254 56.75 °C
3255 56.20 °C
3256 56.20 °C
3257 56.75 °C
3258 56.75 °C
3259 56.75 °C
3260 55.10 °C
3261 56.75 °C
3262 55.65 °C
3263 56.75 °C
3264 55.10 °C
3265 56.75 °C
3266 56.75 °C
3267 56.20 °C
3268 56.20 °C
3269 56.75 °C
3270 55.65 °C
3271 55.10 °C
3272 56.75 °C
3273 55.65 °C
3274 55.10 °C
3275 56.75 °C
3276 56.75 °C
3277 56.75 °C
3278 55.65 °C
3279 56.20 °C
3280 56.20 °C
3281 56.75 °C
3282 56.20 °C
3283 56.20 °C
3284 56.20 °C
3285 56.20 °C
3286 56.75 °C
3287 56.20 °C
3288 56.20 °C
3289 54.55 °C
3290 55.10 °C
3291 56.20 °C
3292 55.10 °C
3293 54.55 °C
3294 55.65 °C
3295 56.20 °C
3296 54.55 °C
3297 55.65 °C
3298 55.10 °C
3299 55.65 °C
3300 55.65 °C
3301 56.20 °C
3302 55.65 °C
3303 56.20 °C
3304 56.20 °C
3305 56.20 °C
3306 56.20 °C
3307 55.65 °C
3308 56.20 °C
3309 56.20 °C
3310 56.20 °C
3311 55.65 °C
3312 55.10 °C
3313 56.75 °C
3314 56.20 °C
3315 56.20 °C
3316 55.10 °C
3317 56.20 °C
3318 55.10 °C
3319 56.20 °C
3320 56.20 °C
3321 56.20 °C
3322 55.65 °C
3323 56.20 °C
3325 55.65 °C
3326 56.75 °C
3327 54.55 °C
3328 55.10 °C
3329 56.75 °C
3330 56.20 °C
3331 55.65 °C
3332 56.20 °C
3333 55.65 °C
3334 57.30 °C
3335 55.65 °C
3336 56.20 °C
3337 55.65 °C
3338 56.20 °C
3339 56.75 °C
3340 56.75 °C
3341 56.20 °C
3342 56.20 °C
3343 57.30 °C
3344 56.75 °C
3345 56.20 °C
3346 55.65 °C
3347 57.30 °C
3348 57.30 °C
3349 57.30 °C
3350 55.65 °C
3351 56.75 °C
3352 57.30 °C
3353 56.75 °C
3354 56.75 °C
3355 56.75 °C
3356 55.65 °C
3357 57.30 °C
3358 55.65 °C
3359 56.20 °C
3360 57.30 °C
3361 56.75 °C
3362 56.75 °C
3363 56.75 °C
3364 56.75 °C
3365 56.75 °C
3366 57.30 °C
3367 55.65 °C
3368 56.20 °C
3369 56.20 °C
3370 56.75 °C
3371 55.65 °C
3372 56.20 °C
3373 57.30 °C
3374 56.20 °C
3375 56.75 °C
3376 57.30 °C
3377 57.30 °C
3378 56.75 °C
3379 56.75 °C
3380 56.75 °C
3381 56.20 °C
3382 56.75 °C
3383 56.20 °C
3384 55.10 °C
3385 56.75 °C
3386 55.65 °C
3387 55.65 °C
3388 57.30 °C
3389 56.75 °C
3390 56.75 °C
3391 56.20 °C
3392 56.75 °C
3393 56.20 °C
3394 56.75 °C
3395 56.20 °C
3396 56.75 °C
3397 55.65 °C
3398 56.75 °C
3399 56.20 °C
3400 56.75 °C
3401 55.65 °C
3402 56.75 °C
3403 56.20 °C
3404 56.75 °C
3405 55.65 °C
3406 56.20 °C
3407 56.20 °C
3408 56.75 °C
3409 55.10 °C
3410 55.10 °C
3411 57.30 °C
3412 55.65 °C
3413 55.65 °C
3414 55.65 °C
3415 55.10 °C
3416 56.20 °C
3417 56.20 °C
3418 56.20 °C
3419 56.20 °C
3420 56.20 °C
3421 55.65 °C
3423 56.20 °C
3424 55.65 °C
3425 54.55 °C
3426 56.20 °C
3427 55.65 °C
3428 55.10 °C
3429 56.20 °C
3430 56.20 °C
3431 55.10 °C
3432 56.20 °C
3433 55.65 °C
3434 56.20 °C
3435 55.65 °C
3436 56.20 °C
3437 55.65 °C
3438 56.20 °C
3439 56.20 °C
3440 55.65 °C
3441 55.65 °C
3442 56.20 °C
3443 56.20 °C
3444 56.20 °C
3445 56.20 °C
3446 56.20 °C
3447 56.75 °C
3448 55.65 °C
3449 55.10 °C
3450 56.20 °C
3451 55.10 °C
3452 56.75 °C
3453 56.20 °C
3454 56.20 °C
3455 54.55 °C
3456 56.20 °C
3457 56.20 °C
3458 56.20 °C
3459 55.65 °C
3460 55.65 °C
3461 55.10 °C
3462 55.65 °C
3463 55.65 °C
3464 55.65 °C
3465 54.55 °C
3466 55.10 °C
3467 55.10 °C
3468 55.10 °C
3469 56.20 °C
3470 56.20 °C
3471 55.65 °C
3472 55.65 °C
3473 55.65 °C
3474 55.65 °C
3475 55.65 °C
3476 54.00 °C
3477 55.10 °C
3478 55.65 °C
3479 55.10 °C
3480 55.65 °C
3481 56.20 °C
3482 55.65 °C
3483 56.20 °C
3484 55.10 °C
3485 55.10 °C
3486 56.75 °C
3487 56.20 °C
3488 55.10 °C
3489 54.55 °C
3490 54.55 °C
3491 55.65 °C
3492 54.55 °C
3493 56.20 °C
3494 56.20 °C
3495 55.10 °C
3496 55.65 °C
3497 55.65 °C
3498 55.10 °C
3499 55.65 °C
3500 54.55 °C
3501 56.20 °C
3502 55.10 °C
3503 54.55 °C
3504 54.55 °C
3505 55.65 °C
3506 55.65 °C
3507 56.20 °C
3508 56.20 °C
3509 55.10 °C
3510 55.65 °C
3511 55.10 °C
3512 55.65 °C
3513 56.20 °C
3514 55.65 °C
3515 55.10 °C
3516 55.10 °C
3517 54.55 °C
3519 55.65 °C
3520 56.20 °C
3521 55.10 °C
3522 55.65 °C
3523 56.20 °C
3524 56.20 °C
3525 55.65 °C
3526 56.20 °C
3527 56.20 °C
3528 55.10 °C
3529 56.20 °C
3530 55.65 °C
3531 55.65 °C
3532 55.65 °C
3533 56.20 °C
3534 55.65 °C
3535 55.10 °C
3536 55.10 °C
3537 55.65 °C
3538 54.55 °C
3539 55.10 °C
3540 55.65 °C
3541 54.00 °C
3542 56.20 °C
3543 54.55 °C
3544 55.65 °C
3545 55.65 °C
3546 54.55 °C
3547 56.20 °C
3548 55.65 °C
3549 55.10 °C
3550 55.65 °C
3551 54.55 °C
3552 55.65 °C
3553 54.55 °C
3554 56.20 °C
3555 54.55 °C
3556 56.20 °C
3557 56.20 °C
3558 55.65 °C
3559 55.65 °C
3560 55.65 °C
3561 55.10 °C
3562 54.55 °C
3563 55.65 °C
3564 56.20 °C
3565 55.65 °C
3566 54.55 °C
3567 56.20 °C
3568 54.55 °C
3569 56.20 °C
3570 54.00 °C
3571 56.20 °C
3572 54.55 °C
3573 55.10 °C
3574 55.10 °C
3575 55.65 °C
3576 56.20 °C
3577 56.20 °C
3578 55.65 °C
3579 55.65 °C
3580 56.20 °C
3581 55.65 °C
3582 56.20 °C
3583 55.10 °C
3584 55.65 °C
3585 56.20 °C
3586 56.20 °C
3587 56.75 °C
3588 56.75 °C
3589 55.65 °C
3590 56.75 °C
3591 56.20 °C
3592 57.30 °C
3593 56.75 °C
3594 56.20 °C
3595 56.75 °C
3596 56.20 °C
3597 55.65 °C
3598 56.75 °C
3599 55.10 °C
3600 56.20 °C
3601 56.20 °C
3602 56.20 °C
3603 56.75 °C
3604 56.20 °C
3605 55.65 °C
3606 57.30 °C
3607 56.75 °C
3608 56.20 °C
3609 56.75 °C
3610 56.20 °C
3612 56.75 °C
3613 56.75 °C
3614 57.30 °C
3615 56.75 °C
3616 56.75 °C
3617 55.65 °C
3618 57.30 °C
3619 57.30 °C
3620 56.75 °C
3621 56.20 °C
3622 56.20 °C
3623 56.75 °C
3624 56.75 °C
3625 56.20 °C
3626 56.20 °C
3627 57.30 °C
3628 56.75 °C
3629 56.20 °C
3630 55.65 °C
3631 56.75 °C
3632 57.85 °C
3633 56.20 °C
3634 56.75 °C
3635 57.30 °C
3636 56.75 °C
3637 56.20 °C
3638 56.20 °C
3639 57.30 °C
3640 55.65 °C
3641 56.75 °C
3642 55.65 °C
3643 56.20 °C
3644 57.30 °C
3645 57.30 °C
3646 56.75 °C
3647 57.30 °C
3648 56.75 °C
3649 56.20 °C
3650 57.30 °C
3651 56.75 °C
3652 56.20 °C
3653 56.75 °C
3654 56.20 °C
3655 57.30 °C
3656 57.30 °C
3657 57.30 °C
3658 56.75 °C
3659 57.85 °C
3660 56.75 °C
3661 57.85 °C
3662 57.85 °C
3663 57.30 °C
3664 57.85 °C
3665 57.30 °C
3666 55.65 °C
3667 57.30 °C
3668 57.30 °C
3669 56.75 °C
3670 57.30 °C
3671 57.85 °C
3672 57.30 °C
3673 57.30 °C
3674 57.30 °C
3675 57.30 °C
3676 57.30 °C
3677 57.30 °C
3678 57.30 °C
3679 57.85 °C
3680 57.30 °C
3681 57.30 °C
3682 57.30 °C
3683 57.30 °C
3684 56.75 °C
3685 57.85 °C
3686 56.75 °C
3687 57.30 °C
3688 57.85 °C
3689 57.85 °C
3690 57.30 °C
3691 56.20 °C
3692 57.30 °C
3693 56.75 °C
3694 57.85 °C
3695 56.75 °C
3696 57.30 °C
3697 56.75 °C
3698 57.30 °C
3699 56.75 °C
3700 56.75 °C
3701 56.75 °C
3703 57.30 °C
3704 57.30 °C
3705 56.20 °C
3706 57.30 °C
3707 56.20 °C
3708 56.75 °C
3709 57.85 °C
3710 56.75 °C
3711 56.75 °C
3712 56.75 °C
3713 57.85 °C
3714 56.75 °C
3715 56.75 °C
3716 56.75 °C
3717 56.75 °C
3718 55.65 °C
3719 56.75 °C
3720 56.75 °C
3721 56.75 °C
3722 55.65 °C
3723 56.75 °C
3724 55.65 °C
3725 56.20 °C
3726 56.75 °C
3727 56.75 °C
3728 56.20 °C
3729 56.20 °C
3730 55.10 °C
3731 56.20 °C
3732 55.10 °C
3733 55.10 °C
3734 56.75 °C
3735 55.10 °C
3736 56.20 °C
3737 55.65 °C
3738 56.20 °C
3739 56.20 °C
3740 55.10 °C
3741 55.10 °C
3742 55.10 °C
3743 55.65 °C
3744 55.10 °C
3745 55.10 °C
3746 55.65 °C
3747 55.10 °C
3748 55.65 °C
3749 55.65 °C
3750 55.10 °C
3751 55.65 °C
3752 55.10 °C
3753 55.65 °C
3754 56.20 °C
3755 55.10 °C
3756 55.10 °C
3757 55.10 °C
3758 55.10 °C
3759 55.65 °C
3760 55.10 °C
3761 54.55 °C
3762 55.10 °C
3763 55.10 °C
3764 54.55 °C
3765 55.65 °C
3766 54.00 °C
3767 54.55 °C
3768 55.10 °C
3769 55.10 °C
3770 54.00 °C
3771 55.65 °C
3772 54.55 °C
3773 55.10 °C
3774 54.55 °C
3775 55.10 °C
3776 54.55 °C
3777 54.55 °C
3778 55.10 °C
3779 55.10 °C
3780 54.55 °C
3781 54.00 °C
3782 54.55 °C
3783 54.55 °C
3784 54.00 °C
3785 54.55 °C
3786 53.45 °C
3787 54.55 °C
3788 54.00 °C
3789 53.45 °C
3790 54.55 °C
3791 54.55 °C
3792 53.45 °C
3793 53.45 °C
3794 54.00 °C
3795 54.55 °C
3797 52.90 °C
3798 52.90 °C
3799 52.90 °C
3800 54.55 °C
3801 54.55 °C
3802 52.90 °C
3803 54.00 °C
3804 54.00 °C
3805 52.90 °C
3806 54.55 °C
3807 54.00 °C
3808 54.00 °C
3809 53.45 °C
3810 52.90 °C
3811 53.45 °C
3812 54.55 °C
3813 54.00 °C
3814 54.00 °C
3815 54.00 °C
3816 53.45 °C
3817 52.90 °C
3818 54.00 °C
3819 53.45 °C
3820 52.35 °C
3821 54.00 °C
3822 54.00 °C
3823 53.45 °C
3824 54.00 °C
3825 54.00 °C
3826 52.35 °C
3827 52.90 °C
3828 54.00 °C
3829 52.35 °C
3830 52.90 °C
3831 53.45 °C
3832 53.45 °C
3833 52.35 °C
3834 52.90 °C
3835 52.35 °C
3836 54.00 °C
3837 52.35 °C
3838 52.90 °C
3839 53.45 °C
3840 52.90 °C
3841 52.90 °C
3842 52.90 °C
3843 52.35 °C
3844 52.35 °C
3845 52.35 °C
3846 52.90 °C
3847 52.90 °C
3848 52.35 °C
3849 51.80 °C
3850 52.35 °C
3851 52.35 °C
3852 51.80 °C
3853 52.35 °C
3854 52.35 °C
3855 51.80 °C
3856 52.90 °C
3857 52.35 °C
3858 51.25 °C
3859 51.25 °C
3860 51.80 °C
3861 51.80 °C
3862 51.25 °C
3863 51.25 °C
3864 51.25 °C
3865 51.80 °C
3866 51.80 °C
3867 51.80 °C
3868 51.25 °C
3869 51.80 °C
3870 51.25 °C
3871 51.80 °C
3872 50.70 °C
3873 51.25 °C
3874 51.80 °C
3875 51.25 °C
3876 50.70 °C
3877 52.35 °C
3878 51.25 °C
3879 52.35 °C
3880 50.70 °C
3881 51.25 °C
3882 51.25 °C
3883 50.70 °C
3884 51.80 °C
3885 51.80 °C
3886 51.25 °C
3887 51.25 °C
3888 51.25 °C
3889 51.80 °C
3890 50.70 °C
3892 51.80 °C
3893 51.25 °C
3894 51.80 °C
3895 51.25 °C
3896 50.15 °C
3897 51.25 °C
3898 50.70 °C
3899 51.25 °C
3900 50.15 °C
3901 51.80 °C
3902 50.15 °C
3903 51.25 °C
3904 50.70 °C
3905 50.70 °C
3906 51.25 °C
3907 50.15 °C
3908 51.25 °C
3909 51.80 °C
3910 50.15 °C
3911 51.80 °C
3912 50.15 °C
3913 50.70 °C
3914 50.70 °C
3915 50.15 °C
3916 49.60 °C
3917 50.15 °C
3918 51.25 °C
3919 51.25 °C
3920 50.70 °C
3921 50.15 °C
3922 51.25 °C
3923 51.25 °C
3924 50.70 °C
3925 50.15 °C
3926 50.70 °C
3927 51.25 °C
3928 49.60 °C
3929 50.70 °C
3930 50.15 °C
3931 50.15 °C
3932 50.70 °C
3933 50.70 °C
3934 49.60 °C
3935 49.60 °C
3936 51.25 °C
3937 51.25 °C
3938 51.25 °C
3939 49.60 °C
3940 49.60 °C
3941 50.70 °C
3942 50.70 °C
3943 50.70 °C
3944 51.25 °C
3945 50.70 °C
3946 50.15 °C
3947 50.15 °C
3948 51.25 °C
3949 50.70 °C
3950 49.60 °C
3951 50.70 °C
3952 49.60 °C
3953 50.70 °C
3954 50.70 °C
3955 50.15 °C
3956 51.25 °C
3957 49.60 °C
3958 50.70 °C
3959 50.70 °C
3960 49.60 °C
3961 50.70 °C
3962 51.25 °C
3963 49.60 °C
3964 50.15 °C
3965 51.25 °C
3966 50.70 °C
3967 50.70 °C
3968 49.60 °C
3969 50.70 °C
3970 50.70 °C
3971 50.70 °C
3972 49.60 °C
3973 50.70 °C
3974 49.60 °C
3975 49.60 °C
3976 50.15 °C
3977 50.70 °C
3978 50.15 °C
3979 49.05 °C
3980 50.70 °C
3981 50.15 °C
3982 49.60 °C
3983 50.70 °C
3984 50.15 °C
3985 49.60 °C
3987 50.70 °C
3988 51.25 °C
3989 50.15 °C
3990 50.15 °C
3991 50.70 °C
3992 50.15 °C
3993 50.15 °C
3994 51.25 °C
3995 50.15 °C
3996 49.60 °C
3997 49.60 °C
3998 49.60 °C
3999 49.60 °C
4000 51.25 °C
4001 49.60 °C
4002 50.15 °C
4003 50.70 °C
4004 49.60 °C
4005 50.15 °C
4006 50.70 °C
4007 50.70 °C
4008 50.70 °C
4009 50.15 °C
4010 49.60 °C
4011 49.05 °C
4012 50.70 °C
4013 50.70 °C
4014 49.60 °C
4015 50.15 °C
4016 50.15 °C
4017 49.60 °C
4018 49.60 °C
4019 49.05 °C
4020 49.60 °C
4021 50.15 °C
4022 50.15 °C
4023 50.15 °C
4024 50.15 °C
4025 49.60 °C
4026 49.60 °C
4027 50.70 °C
4028 50.15 °C
4029 49.60 °C
4030 49.05 °C
4031 50.15 °C
4032 50.15 °C
4033 50.15 °C
4034 50.15 °C
4035 49.05 °C
4036 48.50 °C
4037 50.15 °C
4038 49.60 °C
4039 49.60 °C
4040 50.15 °C
4041 50.15 °C
4042 48.50 °C
4043 49.60 °C
4044 49.05 °C
4045 50.15 °C
4046 50.15 °C
4047 50.70 °C
4048 49.60 °C
4049 50.15 °C
4050 49.60 °C
4051 50.15 °C
4052 50.15 °C
4053 49.05 °C
4054 49.60 °C
4055 50.15 °C
4056 49.60 °C
4057 49.60 °C
4058 50.15 °C
4059 50.15 °C
4060 49.60 °C
4061 50.70 °C
4062 49.60 °C
4063 50.15 °C
4064 50.15 °C
4065 48.50 °C
4066 50.15 °C
4067 49.05 °C
4068 49.60 °C
4069 50.70 °C
4070 49.60 °C
4071 49.05 °C
4072 50.15 °C
4073 48.50 °C
4074 50.15 °C
4075 50.15 °C
4076 49.05 °C
4077 49.05 °C
4078 49.60 °C
4079 48.50 °C
4080 49.60 °C
4082 50.15 °C
4083 49.60 °C
4084 49.60 °C
4085 49.60 °C
4086 50.15 °C
4087 49.60 °C
4088 48.50 °C
4089 49.05 °C
4090 49.60 °C
4091 49.60 °C
4092 48.50 °C
4093 49.60 °C
4094 49.60 °C
4095 49.05 °C
4096 49.05 °C
4097 48.50 °C
4098 49.60 °C
4099 50.15 °C
4100 50.15 °C
4101 49.05 °C
4102 49.05 °C
4103 49.05 °C
4104 49.60 °C
4105 48.50 °C
4106 47.95 °C
4107 50.15 °C
4108 49.60 °C
4109 48.50 °C
4110 49.60 °C
4111 49.60 °C
4112 49.60 °C
4113 49.60 °C
4114 48.50 °C
4115 49.60 °C
4116 49.60 °C
4117 48.50 °C
4118 49.05 °C
4119 49.60 °C
4120 49.05 °C
4121 49.05 °C
4122 48.50 °C
4123 47.95 °C
4124 49.05 °C
4125 49.60 °C
4126 48.50 °C
4127 50.15 °C
4128 49.60 °C
4129 49.05 °C
4130 49.60 °C
4131 49.05 °C
4132 49.05 °C
4133 50.15 °C
4134 49.60 °C
4135 49.60 °C
4136 49.60 °C
4137 48.50 °C
4138 49.60 °C
4139 49.05 °C
4140 48.50 °C
4141 50.15 °C
4142 47.95 °C
4143 49.05 °C
4144 49.05 °C
4145 50.15 °C
4146 49.60 °C
4147 49.60 °C
4148 47.95 °C
4149 49.05 °C
4150 49.05 °C
4151 49.60 °C
4152 49.60 °C
4153 49.60 °C
4154 48.50 °C
4155 48.50 °C
4156 48.50 °C
4157 50.15 °C
4158 49.05 °C
4159 48.50 °C
4160 50.15 °C
4161 49.05 °C
4162 48.50 °C
4163 49.05 °C
4164 47.95 °C
4165 49.60 °C
4166 49.05 °C
4167 49.60 °C
4168 49.05 °C
4169 49.05 °C
4170 48.50 °C
4171 48.50 °C
4172 49.05 °C
4173 49.05 °C
4174 49.05 °C
4175 49.60 °C
4176 49.60 °C
4178 49.60 °C
4179 49.60 °C
4180 49.05 °C
4181 49.60 °C
4182 49.05 °C
4183 49.05 °C
4184 48.50 °C
4185 49.60 °C
4186 47.95 °C
4187 49.05 °C
4188 49.60 °C
4189 47.95 °C
4190 49.60 °C
4191 50.15 °C
4192 49.60 °C
4193 49.05 °C
4194 49.05 °C
4195 49.05 °C
4196 49.05 °C
4197 49.60 °C
4198 49.60 °C
4199 47.95 °C
4200 48.50 °C
4201 49.60 °C
4202 49.60 °C
4203 48.50 °C
4204 49.05 °C
4205 48.50 °C
4206 49.05 °C
4207 49.05 °C
4208 48.50 °C
4209 49.05 °C
4210 49.60 °C
4211 49.60 °C
4212 49.60 °C
4213 49.05 °C
4214 49.60 °C
4215 49.05 °C
4216 48.50 °C
4217 49.05 °C
4218 49.60 °C
4219 49.05 °C
4220 49.05 °C
4221 49.60 °C
4222 49.60 °C
4223 49.60 °C
4224 50.15 °C
4225 49.60 °C
4226 49.60 °C
4227 48.50 °C
4228 49.60 °C
4229 49.05 °C
4230 49.05 °C
4231 49.60 °C
4232 49.60 °C
4233 48.50 °C
4234 47.95 °C
4235 49.05 °C
4236 47.95 °C
4237 49.05 °C
4238 49.05 °C
4239 49.60 °C
4240 49.60 °C
4241 49.60 °C
4242 48.50 °C
4243 49.60 °C
4244 48.50 °C
4245 50.15 °C
4246 49.60 °C
4247 49.60 °C
4248 49.60 °C
4249 47.95 °C
4250 49.05 °C
4251 48.50 °C
4252 49.60 °C
4253 48.50 °C
4254 48.50 °C
4255 49.05 °C
4256 50.15 °C
4257 49.05 °C
4258 50.15 °C
4259 50.15 °C
4260 50.15 °C
4261 49.05 °C
4262 50.15 °C
4263 50.15 °C
4264 49.05 °C
4265 49.60 °C
4266 50.15 °C
4267 50.15 °C
4268 48.50 °C
4269 49.05 °C
4270 48.50 °C
4271 49.05 °C
4273 49.60 °C
4274 50.70 °C
4275 50.70 °C
4276 49.60 °C
4277 50.70 °C
4278 50.15 °C
4279 49.60 °C
4280 49.60 °C
4281 50.15 °C
4282 49.60 °C
4283 50.15 °C
4284 49.60 °C
4285 49.60 °C
4286 50.15 °C
4287 50.15 °C
4288 50.15 °C
4289 50.15 °C
4290 50.70 °C
4291 50.70 °C
4292 49.60 °C
4293 50.15 °C
4294 50.15 °C
4295 49.60 °C
4296 50.70 °C
4297 50.70 °C
4298 49.60 °C
4299 50.70 °C
4300 50.15 °C
4301 50.15 °C
4302 50.70 °C
4303 49.60 °C
4304 50.70 °C
4305 50.70 °C
4306 49.60 °C
4307 50.15 °C
4308 50.70 °C
4309 50.70 °C
4310 50.15 °C
4311 49.60 °C
4312 50.15 °C
4313 50.15 °C
4314 51.25 °C
4315 51.25 °C
4316 51.25 °C
4317 51.25 °C
4318 50.70 °C
4319 50.70 °C
4320 50.70 °C
4321 50.70 °C
4322 50.15 °C
4323 51.25 °C
4324 50.15 °C
4325 50.70 °C
4326 50.15 °C
4327 50.15 °C
4328 50.70 °C
4329 49.60 °C
4330 50.15 °C
4331 51.25 °C
4332 50.70 °C
4333 50.15 °C
4334 50.15 °C
4335 51.25 °C
4336 50.15 °C
4337 50.70 °C
4338 51.25 °C
4339 51.25 °C
4340 50.15 °C
4341 50.70 °C
4342 50.15 °C
4343 50.70 °C
4344 50.15 °C
4345 51.25 °C
4346 49.60 °C
4347 51.80 °C
4348 50.70 °C
4349 50.70 °C
4350 50.15 °C
4351 50.70 °C
4352 50.70 °C
4353 50.70 °C
4354 51.25 °C
4355 50.15 °C
4356 51.25 °C
4357 50.15 °C
4358 50.15 °C
4359 51.25 °C
4360 50.70 °C
4361 50.70 °C
4362 51.25 °C
4363 49.60 °C
4364 50.70 °C
4365 50.15 °C
4366 50.70 °C
4368 51.25 °C
4369 50.70 °C
4370 50.15 °C
4371 50.15 °C
4372 50.70 °C
4373 50.70 °C
4374 50.70 °C
4375 51.25 °C
4376 51.25 °C
4377 51.25 °C
4378 50.15 °C
4379 50.70 °C
4380 50.15 °C
4381 50.70 °C
4382 51.25 °C
4383 50.15 °C
4384 51.25 °C
4385 51.25 °C
4386 50.70 °C
4387 51.25 °C
4388 49.60 °C
4389 51.25 °C
4390 51.80 °C
4391 50.70 °C
4392 51.25 °C
4393 51.25 °C
4394 51.80 °C
4395 51.25 °C
4396 50.70 °C
4397 51.25 °C
4398 50.70 °C
4399 51.25 °C
4400 50.70 °C
4401 50.15 °C
4402 50.70 °C
4403 50.70 °C
4404 50.70 °C
4405 51.25 °C
4406 51.25 °C
4407 50.15 °C
4408 51.25 °C
4409 51.80 °C
4410 51.25 °C
4411 50.70 °C
4412 51.25 °C
4413 51.25 °C
4414 51.80 °C
4415 51.25 °C
4416 51.80 °C
4417 50.15 °C
4418 51.25 °C
4419 51.80 °C
4420 52.35 °C
4421 51.80 °C
4422 51.80 °C
4423 51.80 °C
4424 51.25 °C
4425 51.25 °C
4426 50.70 °C
4427 51.25 °C
4428 51.25 °C
4429 51.25 °C
4430 50.70 °C
4431 51.25 °C
4432 50.70 °C
4433 51.25 °C
4434 51.25 °C
4435 51.25 °C
4436 51.80 °C
4437 50.70 °C
4438 51.25 °C
4439 49.60 °C
4440 50.15 °C
4441 50.70 °C
4442 49.60 °C
4443 50.15 °C
4444 50.70 °C
4445 50.70 °C
4446 50.15 °C
4447 50.70 °C
4448 50.15 °C
4449 50.70 °C
4450 50.70 °C
4451 50.15 °C
4452 50.15 °C
4453 50.15 °C
4454 50.70 °C
4455 50.70 °C
4456 50.70 °C
4457 49.60 °C
4458 49.60 °C
4459 50.70 °C
4460 50.70 °C
4461 50.70 °C
4463 49.60 °C
4464 50.15 °C
4465 50.15 °C
4466 50.15 °C
4467 50.15 °C
4468 50.70 °C
4469 50.15 °C
4470 48.50 °C
4471 49.05 °C
4472 49.60 °C
4473 49.60 °C
4474 49.05 °C
4475 49.60 °C
4476 50.15 °C
4477 49.60 °C
4478 49.05 °C
4479 48.50 °C
4480 49.60 °C
4481 49.05 °C
4482 48.50 °C
4483 49.05 °C
4484 49.60 °C
4485 49.60 °C
4486 50.15 °C
4487 49.05 °C
4488 49.60 °C
4489 49.05 °C
4490 48.50 °C
4491 49.05 °C
4492 49.05 °C
4493 47.95 °C
4494 49.60 °C
4495 49.60 °C
4496 49.05 °C
4497 48.50 °C
4498 49.60 °C
4499 49.05 °C
4500 49.60 °C
4501 49.05 °C
4502 49.05 °C
4503 49.60 °C
4504 47.95 °C
4505 47.95 °C
4506 49.05 °C
4507 49.05 °C
4508 49.05 °C
4509 49.05 °C
4510 48.50 °C
4511 49.60 °C
4512 47.95 °C
4513 49.05 °C
4514 48.50 °C
4515 48.50 °C
4516 47.40 °C
4517 49.05 °C
4518 48.50 °C
4519 48.50 °C
4520 48.50 °C
4521 47.40 °C
4522 47.95 °C
4523 48.50 °C
4524 47.40 °C
4525 48.50 °C
4526 48.50 °C
4527 49.05 °C
4528 47.40 °C
4529 48.50 °C
4530 48.50 °C
4531 48.50 °C
4532 47.40 °C
4533 49.05 °C
4534 47.95 °C
4535 47.95 °C
4536 47.40 °C
4537 48.50 °C
4538 48.50 °C
4539 47.40 °C
4540 48.50 °C
4541 48.50 °C
4542 47.40 °C
4543 47.95 °C
4544 47.95 °C
4545 48.50 °C
4546 48.50 °C
4547 48.50 °C
4548 47.40 °C
4549 47.40 °C
4550 48.50 °C
4551 46.85 °C
4552 47.95 °C
4553 47.95 °C
4554 47.95 °C
4555 47.95 °C
4557 47.40 °C
4558 48.50 °C
4559 47.95 °C
4560 46.85 °C
4561 48.50 °C
4562 46.85 °C
4563 47.40 °C
4564 48.50 °C
4565 47.95 °C
4566 48.50 °C
4567 47.40 °C
4568 46.85 °C
4569 48.50 °C
4570 47.40 °C
4571 47.40 °C
4572 46.85 °C
4573 47.95 °C
4574 47.95 °C
4575 48.50 °C
4576 48.50 °C
4577 47.40 °C
4578 48.50 °C
4579 47.95 °C
4580 47.40 °C
4581 48.50 °C
4582 48.50 °C
4583 47.40 °C
4584 47.95 °C
4585 48.50 °C
4586 47.40 °C
4587 47.40 °C
4588 47.95 °C
4589 49.05 °C
4590 46.85 °C
4591 46.85 °C
4592 47.95 °C
4593 48.50 °C
4594 46.85 °C
4595 48.50 °C
4596 47.95 °C
4597 48.50 °C
4598 48.50 °C
4599 48.50 °C
4600 47.40 °C
4601 47.95 °C
4602 49.05 °C
4603 48.50 °C
4604 46.85 °C
4605 47.95 °C
4606 49.05 °C
4607 48.50 °C
4608 47.40 °C
4609 47.95 °C
4610 46.85 °C
4611 48.50 °C
4612 47.95 °C
4613 47.95 °C
4614 48.50 °C
4615 47.95 °C
4616 47.95 °C
4617 47.40 °C
4618 48.50 °C
4619 47.40 °C
4620 48.50 °C
4621 47.40 °C
4622 48.50 °C
4623 47.40 °C
4624 48.50 °C
4625 48.50 °C
4626 47.95 °C
4627 47.40 °C
4628 47.95 °C
4629 47.40 °C
4630 47.95 °C
4631 47.95 °C
4632 46.85 °C
4633 47.95 °C
4634 48.50 °C
4635 48.50 °C
4636 47.95 °C
4637 47.40 °C
4638 47.95 °C
4639 47.95 °C
4640 47.95 °C
4641 47.95 °C
4642 47.95 °C
4643 48.50 °C
4644 48.50 °C
4645 47.40 °C
4646 47.95 °C
4647 47.95 °C
4648 47.95 °C
4649 48.50 °C
4650 47.95 °C
4651 47.95 °C
4653 47.40 °C
4654 47.95 °C
4655 48.50 °C
4656 47.95 °C
4657 48.50 °C
4658 49.05 °C
4659 47.40 °C
4660 46.85 °C
4661 47.95 °C
4662 49.05 °C
4663 47.95 °C
4664 47.95 °C
4665 47.95 °C
4666 46.85 °C
4667 48.50 °C
4668 46.85 °C
4669 47.95 °C
4670 47.95 °C
4671 47.95 °C
4672 47.95 °C
4673 47.40 °C
4674 48.50 °C
4675 47.95 °C
4676 48.50 °C
4677 47.95 °C
4678 48.50 °C
4679 47.95 °C
4680 47.40 °C
4681 47.40 °C
4682 47.40 °C
4683 46.85 °C
4684 47.40 °C
4685 48.50 °C
4686 47.95 °C
4687 46.85 °C
4688 47.95 °C
4689 47.95 °C
4690 48.50 °C
4691 47.40 °C
4692 47.95 °C
4693 48.50 °C
4694 47.40 °C
4695 47.95 °C
4696 48.50 °C
4697 47.40 °C
4698 48.50 °C
4699 49.05 °C
4700 48.50 °C
4701 47.95 °C
4702 47.40 °C
4703 47.95 °C
4704 48.50 °C
4705 47.40 °C
4706 47.95 °C
4707 48.50 °C
4708 46.85 °C
4709 48.50 °C
4710 47.40 °C
4711 47.40 °C
4712 47.40 °C
4713 47.40 °C
4714 48.50 °C
4715 48.50 °C
4716 48.50 °C
4717 48.50 °C
4718 47.40 °C
4719 48.50 °C
4720 47.95 °C
4721 47.95 °C
4722 46.85 °C
4723 48.50 °C
4724 47.40 °C
4725 47.40 °C
4726 48.50 °C
4727 46.85 °C
4728 48.50 °C
4729 47.40 °C
4730 46.85 °C
4731 48.50 °C
4732 46.85 °C
4733 48.50 °C
4734 46.85 °C
4735 47.95 °C
4736 47.95 °C
4737 47.95 °C
4738 47.95 °C
4739 47.95 °C
4740 47.40 °C
4741 47.95 °C
4742 47.95 °C
4743 47.95 °C
4744 47.95 °C
4745 47.95 °C
4746 48.50 °C
4747 47.95 °C
4749 47.95 °C
4750 47.95 °C
4751 48.50 °C
4752 46.85 °C
4753 47.95 °C
4754 47.40 °C
4755 47.95 °C
4756 48.50 °C
4757 48.50 °C
4758 48.50 °C
4759 47.95 °C
4760 46.85 °C
4761 47.95 °C
4762 47.95 °C
4763 47.95 °C
4764 46.85 °C
4765 47.40 °C
4766 47.40 °C
4767 47.95 °C
4768 46.85 °C
4769 47.95 °C
4770 47.95 °C
4771 47.95 °C
4772 46.85 °C
4773 47.95 °C
4774 47.95 °C
4775 47.40 °C
4776 48.50 °C
4777 47.40 °C
4778 47.95 °C
4779 46.85 °C
4780 47.95 °C
4781 47.95 °C
4782 47.40 °C
4783 47.40 °C
4784 47.40 °C
4785 47.40 °C
4786 48.50 °C
4787 47.95 °C
4788 47.95 °C
4789 47.95 °C
4790 47.95 °C
4791 48.50 °C
4792 47.95 °C
4793 47.95 °C
4794 47.40 °C
4795 47.95 °C
4796 46.85 °C
4797 47.95 °C
4798 47.40 °C
4799 48.50 °C
4800 46.85 °C
4801 46.85 °C
4802 47.95 °C
4803 46.85 °C
4804 47.95 °C
4805 47.95 °C
4806 49.05 °C
4807 47.95 °C
4808 48.50 °C
4809 48.50 °C
4810 47.95 °C
4811 46.85 °C
4812 48.50 °C
4813 46.85 °C
4814 47.40 °C
4815 46.85 °C
4816 47.95 °C
4817 48.50 °C
4818 47.95 °C
4819 46.85 °C
4820 47.40 °C
4821 48.50 °C
4822 47.40 °C
4823 47.40 °C
4824 47.95 °C
4825 47.95 °C
4826 47.95 °C
4827 46.85 °C
4828 47.95 °C
4829 46.85 °C
4830 47.95 °C
4831 47.95 °C
4832 47.95 °C
4833 46.85 °C
4834 47.95 °C
4835 47.95 °C
4836 47.40 °C
4837 47.95 °C
4838 46.85 °C
4839 47.40 °C
4840 47.95 °C
4841 46.85 °C
4842 48.50 °C
4844 48.50 °C
4845 47.95 °C
4846 47.95 °C
4847 47.95 °C
4848 46.85 °C
4849 47.95 °C
4850 47.95 °C
4851 47.95 °C
4852 47.40 °C
4853 47.95 °C
4854 47.95 °C
4855 47.40 °C
4856 46.85 °C
4857 47.40 °C
4858 47.95 °C
4859 47.40 °C
4860 48.50 °C
4861 47.40 °C
4862 47.95 °C
4863 46.85 °C
4864 48.50 °C
4865 46.85 °C
4866 47.40 °C
4867 47.95 °C
4868 47.95 °C
4869 47.40 °C
